Component: ARM Compiler 6.11 Tool: armlink [5d3b3900]

==============================================================================

Section Cross References

    startup_stm32h743xx.o(RESET) refers to startup_stm32h743xx.o(STACK) for __initial_sp
    startup_stm32h743xx.o(RESET) refers to startup_stm32h743xx.o(.text) for Reset_Handler
    startup_stm32h743xx.o(RESET) refers to stm32h7xx_it.o(.text.NMI_Handler) for NMI_Handler
    startup_stm32h743xx.o(RESET) refers to stm32h7xx_it.o(.text.HardFault_Handler) for HardFault_Handler
    startup_stm32h743xx.o(RESET) refers to stm32h7xx_it.o(.text.MemManage_Handler) for MemManage_Handler
    startup_stm32h743xx.o(RESET) refers to stm32h7xx_it.o(.text.BusFault_Handler) for BusFault_Handler
    startup_stm32h743xx.o(RESET) refers to stm32h7xx_it.o(.text.UsageFault_Handler) for UsageFault_Handler
    startup_stm32h743xx.o(RESET) refers to stm32h7xx_it.o(.text.SVC_Handler) for SVC_Handler
    startup_stm32h743xx.o(RESET) refers to stm32h7xx_it.o(.text.DebugMon_Handler) for DebugMon_Handler
    startup_stm32h743xx.o(RESET) refers to stm32h7xx_it.o(.text.PendSV_Handler) for PendSV_Handler
    startup_stm32h743xx.o(RESET) refers to stm32h7xx_it.o(.text.SysTick_Handler) for SysTick_Handler
    startup_stm32h743xx.o(RESET) refers to stm32h7xx_it.o(.text.DMA1_Stream0_IRQHandler) for DMA1_Stream0_IRQHandler
    startup_stm32h743xx.o(RESET) refers to stm32h7xx_it.o(.text.DMA1_Stream1_IRQHandler) for DMA1_Stream1_IRQHandler
    startup_stm32h743xx.o(RESET) refers to stm32h7xx_it.o(.text.USART1_IRQHandler) for USART1_IRQHandler
    startup_stm32h743xx.o(RESET) refers to stm32h7xx_it.o(.text.SDMMC1_IRQHandler) for SDMMC1_IRQHandler
    startup_stm32h743xx.o(RESET) refers to stm32h7xx_it.o(.text.MDMA_IRQHandler) for MDMA_IRQHandler
    startup_stm32h743xx.o(.text) refers to system_stm32h7xx.o(.text.SystemInit) for SystemInit
    startup_stm32h743xx.o(.text) refers to entry.o(.ARM.Collect$$$$00000000) for __main
    main.o(.text.main) refers to stm32h7xx_hal.o(.text.HAL_Init) for HAL_Init
    main.o(.text.main) refers to main.o(.text.SystemClock_Config) for SystemClock_Config
    main.o(.text.main) refers to gpio.o(.text.MX_GPIO_Init) for MX_GPIO_Init
    main.o(.text.main) refers to dma.o(.text.MX_DMA_Init) for MX_DMA_Init
    main.o(.text.main) refers to mdma.o(.text.MX_MDMA_Init) for MX_MDMA_Init
    main.o(.text.main) refers to usart.o(.text.MX_USART1_UART_Init) for MX_USART1_UART_Init
    main.o(.text.main) refers to sdmmc.o(.text.MX_SDMMC1_SD_Init) for MX_SDMMC1_SD_Init
    main.o(.text.main) refers to fmc.o(.text.MX_FMC_Init) for MX_FMC_Init
    main.o(.text.main) refers to fatfs.o(.text.MX_FATFS_Init) for MX_FATFS_Init
    main.o(.text.main) refers to isdram.o(.text.SDRAM_InitSequence) for SDRAM_InitSequence
    main.o(.text.main) refers to iusart.o(.text.MCU_serial_init) for MCU_serial_init
    main.o(.text.main) refers to puts.o(i.puts) for puts
    main.o(.text.main) refers to imemory.o(.text.memory_init) for memory_init
    main.o(.text.main) refers to imemory.o(.text.memory_alloc) for memory_alloc
    main.o(.text.main) refers to printfa.o(i.__0printf) for __2printf
    main.o(.text.main) refers to imemory.o(.text.memory_free) for memory_free
    main.o(.text.main) refers to idisk.o(.text.Disk_Mount) for Disk_Mount
    main.o(.text.main) refers to stm32h7xx_hal_sd.o(.text.HAL_SD_GetCardInfo) for HAL_SD_GetCardInfo
    main.o(.text.main) refers to arm_cfft_radix4_init_f32.o(.text.arm_cfft_radix4_init_f32) for arm_cfft_radix4_init_f32
    main.o(.text.main) refers to arm_sin_f32.o(.text.arm_sin_f32) for arm_sin_f32
    main.o(.text.main) refers to arm_cos_f32.o(.text.arm_cos_f32) for arm_cos_f32
    main.o(.text.main) refers to arm_cfft_radix4_f32.o(.text.arm_cfft_radix4_f32) for arm_cfft_radix4_f32
    main.o(.text.main) refers to arm_cmplx_mag_f32.o(.text.arm_cmplx_mag_f32) for arm_cmplx_mag_f32
    main.o(.text.main) refers to iled.o(.text.LED) for LED
    main.o(.text.main) refers to stm32h7xx_hal.o(.text.HAL_Delay) for HAL_Delay
    main.o(.text.main) refers to iusart.o(.text.MCU_printf) for MCU_printf
    main.o(.text.main) refers to main.o(.rodata.str1.1) for .Lstr.18
    main.o(.text.main) refers to sdmmc.o(.bss.hsd1) for hsd1
    main.o(.text.main) refers to main.o(.bss..L_MergedGlobals) for [Anonymous Symbol]
    main.o(.text.main) refers to main.o(.bss.fft_inputbuf) for fft_inputbuf
    main.o(.text.main) refers to main.o(.bss.fft_outputbuf) for fft_outputbuf
    main.o(.ARM.exidx.text.main) refers to main.o(.text.main) for [Anonymous Symbol]
    main.o(.text.SystemClock_Config) refers to memseta.o(.text) for __aeabi_memclr4
    main.o(.text.SystemClock_Config) refers to stm32h7xx_hal_pwr_ex.o(.text.HAL_PWREx_ConfigSupply) for HAL_PWREx_ConfigSupply
    main.o(.text.SystemClock_Config) refers to stm32h7xx_hal_rcc.o(.text.HAL_RCC_OscConfig) for HAL_RCC_OscConfig
[...]
    FatFs                                    0x2400003c   Data           4  ff.o(.bss..L_MergedGlobals)
    [Anonymous Symbol]                       0x24000040   Section        0  fatfs.o(.bss..L_MergedGlobals)
    Command                                  0x24000048   Data          16  isdram.o(.bss.Command)
    [Anonymous Symbol]                       0x24000048   Section        0  isdram.o(.bss.Command)
    FMC_Initialized                          0x24000058   Data           1  fmc.o(.bss.FMC_Initialized)
    [Anonymous Symbol]                       0x24000058   Section        0  fmc.o(.bss.FMC_Initialized)
    Files                                    0x2400005c   Data          32  ff.o(.bss.Files)
    [Anonymous Symbol]                       0x2400005c   Section        0  ff.o(.bss.Files)
    ReadStatus                               0x2400027c   Data           4  sd_diskio.o(.bss.ReadStatus)
    [Anonymous Symbol]                       0x2400027c   Section        0  sd_diskio.o(.bss.ReadStatus)
    WriteStatus                              0x240006b8   Data           4  sd_diskio.o(.bss.WriteStatus)
    [Anonymous Symbol]                       0x240006b8   Section        0  sd_diskio.o(.bss.WriteStatus)
    disk_state                               0x240006c8   Data           1  idisk.o(.bss.disk_state)
    [Anonymous Symbol]                       0x240006c8   Section        0  idisk.o(.bss.disk_state)
    scratch                                  0x24003980   Data         512  sd_diskio.o(.bss.scratch)
    [Anonymous Symbol]                       0x24003980   Section        0  sd_diskio.o(.bss.scratch)
    STACK                                    0x24003b88   Section     4096  startup_stm32h743xx.o(STACK)

    Global Symbols

    Symbol Name                              Value     Ov Type        Size  Object(Section)

    BuildAttributes$$THM_ISAv4$E$P$D$K$B$S$7EM$VFPv5_D16$PE$PLD8$A:L22UL41UL21$X:L11$S22US41US21$IEEE1$IW$~IW$USESV6$~STKCKD$USESV7$~SHL$OTIME$ROPI$IEEEJ$EBA8$MICROLIB$REQ8$PRES8$EABIv2 0x00000000   Number         0  anon$$obj.o ABSOLUTE
    _printf_a                                0x00000000   Number         0  stubs.o ABSOLUTE
    _printf_c                                0x00000000   Number         0  stubs.o ABSOLUTE
    _printf_charcount                        0x00000000   Number         0  stubs.o ABSOLUTE
    _printf_d                                0x00000000   Number         0  stubs.o ABSOLUTE
    _printf_e                                0x00000000   Number         0  stubs.o ABSOLUTE
    _printf_f                                0x00000000   Number         0  stubs.o ABSOLUTE
    _printf_flags                            0x00000000   Number         0  stubs.o ABSOLUTE
    _printf_fp_dec                           0x00000000   Number         0  stubs.o ABSOLUTE
    _printf_fp_hex                           0x00000000   Number         0  stubs.o ABSOLUTE
    _printf_g                                0x00000000   Number         0  stubs.o ABSOLUTE
    _printf_i                                0x00000000   Number         0  stubs.o ABSOLUTE
    _printf_int_dec                          0x00000000   Number         0  stubs.o ABSOLUTE
    _printf_l                                0x00000000   Number         0  stubs.o ABSOLUTE
    _printf_lc                               0x00000000   Number         0  stubs.o ABSOLUTE
    _printf_ll                               0x00000000   Number         0  stubs.o ABSOLUTE
    _printf_lld                              0x00000000   Number         0  stubs.o ABSOLUTE
    _printf_lli                              0x00000000   Number         0  stubs.o ABSOLUTE
    _printf_llo                              0x00000000   Number         0  stubs.o ABSOLUTE
    _printf_llu                              0x00000000   Number         0  stubs.o ABSOLUTE
    _printf_llx                              0x00000000   Number         0  stubs.o ABSOLUTE
    _printf_longlong_dec                     0x00000000   Number         0  stubs.o ABSOLUTE
    _printf_longlong_hex                     0x00000000   Number         0  stubs.o ABSOLUTE
    _printf_longlong_oct                     0x00000000   Number         0  stubs.o ABSOLUTE
    _printf_ls                               0x00000000   Number         0  stubs.o ABSOLUTE
    _printf_mbtowc                           0x00000000   Number         0  stubs.o ABSOLUTE
    _printf_n                                0x00000000   Number         0  stubs.o ABSOLUTE
    _printf_o                                0x00000000   Number         0  stubs.o ABSOLUTE
    _printf_p                                0x00000000   Number         0  stubs.o ABSOLUTE
    _printf_percent                          0x00000000   Number         0  stubs.o ABSOLUTE
    _printf_pre_padding                      0x00000000   Number         0  stubs.o ABSOLUTE
    _printf_return_value                     0x00000000   Number         0  stubs.o ABSOLUTE
    _printf_s                                0x00000000   Number         0  stubs.o ABSOLUTE
    _printf_sizespec                         0x00000000   Number         0  stubs.o ABSOLUTE
    _printf_str                              0x00000000   Number         0  stubs.o ABSOLUTE
    _printf_truncate_signed                  0x00000000   Number         0  stubs.o ABSOLUTE
    _printf_truncate_unsigned                0x00000000   Number         0  stubs.o ABSOLUTE
    _printf_u                                0x00000000   Number         0  stubs.o ABSOLUTE
    _printf_wc                               0x00000000   Number         0  stubs.o ABSOLUTE
    _printf_wctomb                           0x00000000   Number         0  stubs.o ABSOLUTE
    _printf_widthprec                        0x00000000   Number         0  stubs.o ABSOLUTE
    _printf_x                                0x00000000   Number         0  stubs.o ABSOLUTE
    __cpp_initialize__aeabi_                  - Undefined Weak Reference
    __cxa_finalize                            - Undefined Weak Reference
    __decompress                              - Undefined Weak Reference
    _clock_init                               - Undefined Weak Reference
    _microlib_exit                            - Undefined Weak Reference
    __Vectors_Size                           0x00000298   Number         0  startup_stm32h743xx.o ABSOLUTE
    __Vectors                                0x08000000   Data           4  startup_stm32h743xx.o(RESET)
    __Vectors_End                            0x08000298   Data           0  startup_stm32h743xx.o(RESET)
    __main                                   0x08000299   Thumb Code     0  entry.o(.ARM.Collect$$$$00000000)
    _main_stk                                0x08000299   Thumb Code     0  entry2.o(.ARM.Collect$$$$00000001)
    _main_scatterload                        0x0800029d   Thumb Code     0  entry5.o(.ARM.Collect$$$$00000004)
    __main_after_scatterload                 0x080002a1   Thumb Code     0  entry5.o(.ARM.Collect$$$$00000004)
    _main_clock                              0x080002a1   Thumb Code     0  entry7b.o(.ARM.Collect$$$$00000008)
    _main_cpp_init                           0x080002a1   Thumb Code     0  entry8b.o(.ARM.Collect$$$$0000000A)
    _main_init                               0x080002a1   Thumb Code     0  entry9a.o(.ARM.Collect$$$$0000000B)
    __rt_final_cpp                           0x080002a9   Thumb Code     0  entry10a.o(.ARM.Collect$$$$0000000D)
    __rt_final_exit                          0x080002a9   Thumb Code     0  entry11a.o(.ARM.Collect$$$$0000000F)
    Reset_Handler                            0x080002ad   Thumb Code     8  startup_stm32h743xx.o(.text)
    ADC3_IRQHandler                          0x080002c7   Thumb Code     0  startup_stm32h743xx.o(.text)
    ADC_IRQHandler                           0x080002c7   Thumb Code     0  startup_stm32h743xx.o(.text)
    BDMA_Channel0_IRQHandler                 0x080002c7   Thumb Code     0  startup_stm32h743xx.o(.text)
    BDMA_Channel1_IRQHandler                 0x080002c7   Thumb Code     0  startup_stm32h743xx.o(.text)
    BDMA_Channel2_IRQHandler                 0x080002c7   Thumb Code     0  startup_stm32h743xx.o(.text)
    BDMA_Channel3_IRQHandler                 0x080002c7   Thumb Code     0  startup_stm32h743xx.o(.text)
    BDMA_Channel4_IRQHandler                 0x080002c7   Thumb Code     0  startup_stm32h743xx.o(.text)
    BDMA_Channel5_IRQHandler                 0x080002c7   Thumb Code     0  startup_stm32h743xx.o(.text)
    BDMA_Channel6_IRQHandler                 0x080002c7   Thumb Code     0  startup_stm32h743xx.o(.text)
    BDMA_Channel7_IRQHandler                 0x080002c7   Thumb Code     0  startup_stm32h743xx.o(.text)
    CEC_IRQHandler                           0x080002c7   Thumb Code     0  startup_stm32h743xx.o(.text)
    COMP1_IRQHandler                         0x080002c7   Thumb Code     0  startup_stm32h743xx.o(.text)
    CRS_IRQHandler                           0x080002c7   Thumb Code     0  startup_stm32h743xx.o(.text)
    DCMI_IRQHandler                          0x080002c7   Thumb Code     0  startup_stm32h743xx.o(.text)
    DFSDM1_FLT0_IRQHandler                   0x080002c7   Thumb Code     0  startup_stm32h743xx.o(.text)
    DFSDM1_FLT1_IRQHandler                   0x080002c7   Thumb Code     0  startup_stm32h743xx.o(.text)
    DFSDM1_FLT2_IRQHandler                   0x080002c7   Thumb Code     0  startup_stm32h743xx.o(.text)
    DFSDM1_FLT3_IRQHandler                   0x080002c7   Thumb Code     0  startup_stm32h743xx.o(.text)
    DMA1_Stream2_IRQHandler                  0x080002c7   Thumb Code     0  startup_stm32h743xx.o(.text)
    DMA1_Stream3_IRQHandler                  0x080002c7   Thumb Code     0  startup_stm32h743xx.o(.text)
    DMA1_Stream4_IRQHandler                  0x080002c7   Thumb Code     0  startup_stm32h743xx.o(.text)
    DMA1_Stream5_IRQHandler                  0x080002c7   Thumb Code     0  startup_stm32h743xx.o(.text)
    DMA1_Stream6_IRQHandler                  0x080002c7   Thumb Code     0  startup_stm32h743xx.o(.text)
    DMA1_Stream7_IRQHandler                  0x080002c7   Thumb Code     0  startup_stm32h743xx.o(.text)
    DMA2D_IRQHandler                         0x080002c7   Thumb Code     0  startup_stm32h743xx.o(.text)
    DMA2_Stream0_IRQHandler                  0x080002c7   Thumb Code     0  startup_stm32h743xx.o(.text)
    DMA2_Stream1_IRQHandler                  0x080002c7   Thumb Code     0  startup_stm32h743xx.o(.text)
    DMA2_Stream2_IRQHandler                  0x080002c7   Thumb Code     0  startup_stm32h743xx.o(.text)
    DMA2_Stream3_IRQHandler                  0x080002c7   Thumb Code     0  startup_stm32h743xx.o(.text)
    DMA2_Stream4_IRQHandler                  0x080002c7   Thumb Code     0  startup_stm32h743xx.o(.text)
    DMA2_Stream5_IRQHandler                  0x080002c7   Thumb Code     0  startup_stm32h743xx.o(.text)
    DMA2_Stream6_IRQHandler                  0x080002c7   Thumb Code     0  startup_stm32h743xx.o(.text)
    DMA2_Stream7_IRQHandler                  0x080002c7   Thumb Code     0  startup_stm32h743xx.o(.text)
    DMAMUX1_OVR_IRQHandler                   0x080002c7   Thumb Code     0  startup_stm32h743xx.o(.text)
    DMAMUX2_OVR_IRQHandler                   0x080002c7   Thumb Code     0  startup_stm32h743xx.o(.text)
    ECC_IRQHandler                           0x080002c7   Thumb Code     0  startup_stm32h743xx.o(.text)
    ETH_IRQHandler                           0x080002c7   Thumb Code     0  startup_stm32h743xx.o(.text)
    ETH_WKUP_IRQHandler                      0x080002c7   Thumb Code     0  startup_stm32h743xx.o(.text)
    EXTI0_IRQHandler                         0x080002c7   Thumb Code     0  startup_stm32h743xx.o(.text)
    EXTI15_10_IRQHandler                     0x080002c7   Thumb Code     0  startup_stm32h743xx.o(.text)
    EXTI1_IRQHandler                         0x080002c7   Thumb Code     0  startup_stm32h743xx.o(.text)
    EXTI2_IRQHandler                         0x080002c7   Thumb Code     0  startup_stm32h743xx.o(.text)
    EXTI3_IRQHandler                         0x080002c7   Thumb Code     0  startup_stm32h743xx.o(.text)
    EXTI4_IRQHandler                         0x080002c7   Thumb Code     0  startup_stm32h743xx.o(.text)
    EXTI9_5_IRQHandler                       0x080002c7   Thumb Code     0  startup_stm32h743xx.o(.text)
    FDCAN1_IT0_IRQHandler                    0x080002c7   Thumb Code     0  startup_stm32h743xx.o(.text)
    FDCAN1_IT1_IRQHandler                    0x080002c7   Thumb Code     0  startup_stm32h743xx.o(.text)
    FDCAN2_IT0_IRQHandler                    0x080002c7   Thumb Code     0  startup_stm32h743xx.o(.text)
    FDCAN2_IT1_IRQHandler                    0x080002c7   Thumb Code     0  startup_stm32h743xx.o(.text)
    FDCAN_CAL_IRQHandler                     0x080002c7   Thumb Code     0  startup_stm32h743xx.o(.text)
    FLASH_IRQHandler                         0x080002c7   Thumb Code     0  startup_stm32h743xx.o(.text)
    FMC_IRQHandler                           0x080002c7   Thumb Code     0  startup_stm32h743xx.o(.text)
    FPU_IRQHandler                           0x080002c7   Thumb Code     0  startup_stm32h743xx.o(.text)
    HRTIM1_FLT_IRQHandler                    0x080002c7   Thumb Code     0  startup_stm32h743xx.o(.text)
    HRTIM1_Master_IRQHandler                 0x080002c7   Thumb Code     0  startup_stm32h743xx.o(.text)
    HRTIM1_TIMA_IRQHandler                   0x080002c7   Thumb Code     0  startup_stm32h743xx.o(.text)
    HRTIM1_TIMB_IRQHandler                   0x080002c7   Thumb Code     0  startup_stm32h743xx.o(.text)
    HRTIM1_TIMC_IRQHandler                   0x080002c7   Thumb Code     0  startup_stm32h743xx.o(.text)
    HRTIM1_TIMD_IRQHandler                   0x080002c7   Thumb Code     0  startup_stm32h743xx.o(.text)
    HRTIM1_TIME_IRQHandler                   0x080002c7   Thumb Code     0  startup_stm32h743xx.o(.text)
    HSEM1_IRQHandler                         0x080002c7   Thumb Code     0  startup_stm32h743xx.o(.text)
    I2C1_ER_IRQHandler                       0x080002c7   Thumb Code     0  startup_stm32h743xx.o(.text)
    I2C1_EV_IRQHandler                       0x080002c7   Thumb Code     0  startup_stm32h743xx.o(.text)
    I2C2_ER_IRQHandler                       0x080002c7   Thumb Code     0  startup_stm32h743xx.o(.text)
    I2C2_EV_IRQHandler                       0x080002c7   Thumb Code     0  startup_stm32h743xx.o(.text)
    I2C3_ER_IRQHandler                       0x080002c7   Thumb Code     0  startup_stm32h743xx.o(.text)
    I2C3_EV_IRQHandler                       0x080002c7   Thumb Code     0  startup_stm32h743xx.o(.text)
    I2C4_ER_IRQHandler                       0x080002c7   Thumb Code     0  startup_stm32h743xx.o(.text)
    I2C4_EV_IRQHandler                       0x080002c7   Thumb Code     0  startup_stm32h743xx.o(.text)
    JPEG_IRQHandler                          0x080002c7   Thumb Code     0  startup_stm32h743xx.o(.text)
    LPTIM1_IRQHandler                        0x080002c7   Thumb Code     0  startup_stm32h743xx.o(.text)
    LPTIM2_IRQHandler                        0x080002c7   Thumb Code     0  startup_stm32h743xx.o(.text)
    LPTIM3_IRQHandler                        0x080002c7   Thumb Code     0  startup_stm32h743xx.o(.text)
    LPTIM4_IRQHandler                        0x080002c7   Thumb Code     0  startup_stm32h743xx.o(.text)
    LPTIM5_IRQHandler                        0x080002c7   Thumb Code     0  startup_stm32h743xx.o(.text)
    LPUART1_IRQHandler                       0x080002c7   Thumb Code     0  startup_stm32h743xx.o(.text)
    LTDC_ER_IRQHandler                       0x080002c7   Thumb Code     0  startup_stm32h743xx.o(.text)
    LTDC_IRQHandler                          0x080002c7   Thumb Code     0  startup_stm32h743xx.o(.text)
    MDIOS_IRQHandler                         0x080002c7   Thumb Code     0  startup_stm32h743xx.o(.text)
    MDIOS_WKUP_IRQHandler                    0x080002c7   Thumb Code     0  startup_stm32h743xx.o(.text)
    OTG_FS_EP1_IN_IRQHandler                 0x080002c7   Thumb Code     0  startup_stm32h743xx.o(.text)
    OTG_FS_EP1_OUT_IRQHandler                0x080002c7   Thumb Code     0  startup_stm32h743xx.o(.text)
    OTG_FS_IRQHandler                        0x080002c7   Thumb Code     0  startup_stm32h743xx.o(.text)
    OTG_FS_WKUP_IRQHandler                   0x080002c7   Thumb Code     0  startup_stm32h743xx.o(.text)
    OTG_HS_EP1_IN_IRQHandler                 0x080002c7   Thumb Code     0  startup_stm32h743xx.o(.text)
    OTG_HS_EP1_OUT_IRQHandler                0x080002c7   Thumb Code     0  startup_stm32h743xx.o(.text)
    OTG_HS_IRQHandler                        0x080002c7   Thumb Code     0  startup_stm32h743xx.o(.text)
    OTG_HS_WKUP_IRQHandler                   0x080002c7   Thumb Code     0  startup_stm32h743xx.o(.text)
    PVD_AVD_IRQHandler                       0x080002c7   Thumb Code     0  startup_stm32h743xx.o(.text)
    QUADSPI_IRQHandler                       0x080002c7   Thumb Code     0  startup_stm32h743xx.o(.text)
    RCC_IRQHandler                           0x080002c7   Thumb Code     0  startup_stm32h743xx.o(.text)
    RNG_IRQHandler                           0x080002c7   Thumb Code     0  startup_stm32h743xx.o(.text)
    RTC_Alarm_IRQHandler                     0x080002c7   Thumb Code     0  startup_stm32h743xx.o(.text)
    RTC_WKUP_IRQHandler                      0x080002c7   Thumb Code     0  startup_stm32h743xx.o(.text)
    SAI1_IRQHandler                          0x080002c7   Thumb Code     0  startup_stm32h743xx.o(.text)
    SAI2_IRQHandler                          0x080002c7   Thumb Code     0  startup_stm32h743xx.o(.text)
    SAI3_IRQHandler                          0x080002c7   Thumb Code     0  startup_stm32h743xx.o(.text)
    SAI4_IRQHandler                          0x080002c7   Thumb Code     0  startup_stm32h743xx.o(.text)
    SDMMC2_IRQHandler                        0x080002c7   Thumb Code     0  startup_stm32h743xx.o(.text)
    SPDIF_RX_IRQHandler                      0x080002c7   Thumb Code     0  startup_stm32h743xx.o(.text)
    SPI1_IRQHandler                          0x080002c7   Thumb Code     0  startup_stm32h743xx.o(.text)
    SPI2_IRQHandler                          0x080002c7   Thumb Code     0  startup_stm32h743xx.o(.text)
    SPI3_IRQHandler                          0x080002c7   Thumb Code     0  startup_stm32h743xx.o(.text)
    SPI4_IRQHandler                          0x080002c7   Thumb Code     0  startup_stm32h743xx.o(.text)
    SPI5_IRQHandler                          0x080002c7   Thumb Code     0  startup_stm32h743xx.o(.text)
    SPI6_IRQHandler                          0x080002c7   Thumb Code     0  startup_stm32h743xx.o(.text)
    SWPMI1_IRQHandler                        0x080002c7   Thumb Code     0  startup_stm32h743xx.o(.text)
    TAMP_STAMP_IRQHandler                    0x080002c7   Thumb Code     0  startup_stm32h743xx.o(.text)
    TIM15_IRQHandler                         0x080002c7   Thumb Code     0  startup_stm32h743xx.o(.text)
    TIM16_IRQHandler                         0x080002c7   Thumb Code     0  startup_stm32h743xx.o(.text)
    TIM17_IRQHandler                         0x080002c7   Thumb Code     0  startup_stm32h743xx.o(.text)
    TIM1_BRK_IRQHandler                      0x080002c7   Thumb Code     0  startup_stm32h743xx.o(.text)
    TIM1_CC_IRQHandler                       0x080002c7   Thumb Code     0  startup_stm32h743xx.o(.text)
    TIM1_TRG_COM_IRQHandler                  0x080002c7   Thumb Code     0  startup_stm32h743xx.o(.text)
    TIM1_UP_IRQHandler                       0x080002c7   Thumb Code     0  startup_stm32h743xx.o(.text)
    TIM2_IRQHandler                          0x080002c7   Thumb Code     0  startup_stm32h743xx.o(.text)
    TIM3_IRQHandler                          0x080002c7   Thumb Code     0  startup_stm32h743xx.o(.text)
    TIM4_IRQHandler                          0x080002c7   Thumb Code     0  startup_stm32h743xx.o(.text)
    TIM5_IRQHandler                          0x080002c7   Thumb Code     0  startup_stm32h743xx.o(.text)
    TIM6_DAC_IRQHandler                      0x080002c7   Thumb Code     0  startup_stm32h743xx.o(.text)
    TIM7_IRQHandler                          0x080002c7   Thumb Code     0  startup_stm32h743xx.o(.text)
    TIM8_BRK_TIM12_IRQHandler                0x080002c7   Thumb Code     0  startup_stm32h743xx.o(.text)
    TIM8_CC_IRQHandler                       0x080002c7   Thumb Code     0  startup_stm32h743xx.o(.text)
    TIM8_TRG_COM_TIM14_IRQHandler            0x080002c7   Thumb Code     0  startup_stm32h743xx.o(.text)
    TIM8_UP_TIM13_IRQHandler                 0x080002c7   Thumb Code     0  startup_stm32h743xx.o(.text)
    UART4_IRQHandler                         0x080002c7   Thumb Code     0  startup_stm32h743xx.o(.text)
    UART5_IRQHandler                         0x080002c7   Thumb Code     0  startup_stm32h743xx.o(.text)
    UART7_IRQHandler                         0x080002c7   Thumb Code     0  startup_stm32h743xx.o(.text)
    UART8_IRQHandler                         0x080002c7   Thumb Code     0  startup_stm32h743xx.o(.text)
    USART2_IRQHandler                        0x080002c7   Thumb Code     0  startup_stm32h743xx.o(.text)
    USART3_IRQHandler                        0x080002c7   Thumb Code     0  startup_stm32h743xx.o(.text)
    USART6_IRQHandler                        0x080002c7   Thumb Code     0  startup_stm32h743xx.o(.text)
    WAKEUP_PIN_IRQHandler                    0x080002c7   Thumb Code     0  startup_stm32h743xx.o(.text)
    WWDG_IRQHandler                          0x080002c7   Thumb Code     0  startup_stm32h743xx.o(.text)
    __aeabi_uldivmod                         0x080002d1   Thumb Code    98  uldiv.o(.text)
    ___aeabi_memcpy4$move                    0x08000333   Thumb Code     0  memmovea.o(.text)
    ___aeabi_memcpy8$move                    0x08000333   Thumb Code     0  memmovea.o(.text)
    __aeabi_memcpy                           0x08000333   Thumb Code    64  memmovea.o(.text)
    __aeabi_memmove                          0x08000333   Thumb Code     0  memmovea.o(.text)
    __aeabi_memmove4                         0x08000333   Thumb Code     0  memmovea.o(.text)
    __aeabi_memmove8                         0x08000333   Thumb Code     0  memmovea.o(.text)
    __aeabi_memset                           0x08000373   Thumb Code    14  memseta.o(.text)
    __aeabi_memset4                          0x08000373   Thumb Code     0  memseta.o(.text)
    __aeabi_memset8                          0x08000373   Thumb Code     0  memseta.o(.text)
    __aeabi_memclr                           0x08000381   Thumb Code     4  memseta.o(.text)
    __aeabi_memclr4                          0x08000381   Thumb Code     0  memseta.o(.text)
    __aeabi_memclr8                          0x08000381   Thumb Code     0  memseta.o(.text)
    _memset$wrapper                          0x08000385   Thumb Code    18  memseta.o(.text)
    strlen                                   0x08000397   Thumb Code    14  strlen.o(.text)
    __aeabi_ul2f                             0x080003a5   Thumb Code    28  ffltul.o(.text)
    __aeabi_uidiv                            0x080003c1   Thumb Code     0  uidiv.o(.text)
    __aeabi_uidivmod                         0x080003c1   Thumb Code    44  uidiv.o(.text)
    __aeabi_llsl                             0x080003ed   Thumb Code    30  llshl.o(.text)
    _ll_shift_l                              0x080003ed   Thumb Code     0  llshl.o(.text)
    __aeabi_llsr                             0x0800040b   Thumb Code    32  llushr.o(.text)
    _ll_ushift_r                             0x0800040b   Thumb Code     0  llushr.o(.text)
    __I$use$fp                               0x0800042b   Thumb Code     0  iusefp.o(.text)
    _float_round                             0x0800042b   Thumb Code    18  fepilogue.o(.text)
    _float_epilogue                          0x0800043d   Thumb Code    92  fepilogue.o(.text)
    __aeabi_dadd                             0x08000499   Thumb Code   322  dadd.o(.text)
    __aeabi_dsub                             0x080005db   Thumb Code     6  dadd.o(.text)
    __aeabi_drsub                            0x080005e1   Thumb Code     6  dadd.o(.text)
    __aeabi_dmul                             0x080005e7   Thumb Code   228  dmul.o(.text)
    __aeabi_ddiv                             0x080006cb   Thumb Code   222  ddiv.o(.text)
    __aeabi_d2ulz                            0x080007a9   Thumb Code    48  dfixul.o(.text)
    __aeabi_cdrcmple                         0x080007d9   Thumb Code    48  cdrcmple.o(.text)
    __scatterload                            0x08000809   Thumb Code    28  init.o(.text)
    __scatterload_rt2                        0x08000809   Thumb Code     0  init.o(.text)
    __aeabi_lasr                             0x0800082d   Thumb Code    36  llsshr.o(.text)
    _ll_sshift_r                             0x0800082d   Thumb Code     0  llsshr.o(.text)
    _double_round                            0x08000851   Thumb Code    30  depilogue.o(.text)
    _double_epilogue                         0x0800086f   Thumb Code   156  depilogue.o(.text)
    BSP_SD_GetCardInfo                       0x0800090d   Thumb Code    16  bsp_driver_sd.o(.text.BSP_SD_GetCardInfo)
    BSP_SD_GetCardState                      0x08000919   Thumb Code    20  bsp_driver_sd.o(.text.BSP_SD_GetCardState)
    BSP_SD_Init                              0x08000929   Thumb Code    48  bsp_driver_sd.o(.text.BSP_SD_Init)
    BSP_SD_IsDetected                        0x08000955   Thumb Code    16  bsp_driver_sd.o(.text.BSP_SD_IsDetected)
    BSP_SD_ReadBlocks_DMA                    0x08000965   Thumb Code    28  bsp_driver_sd.o(.text.BSP_SD_ReadBlocks_DMA)
    BSP_SD_ReadCpltCallback                  0x0800097d   Thumb Code    12  sd_diskio.o(.text.BSP_SD_ReadCpltCallback)
    BSP_SD_WriteBlocks_DMA                   0x08000989   Thumb Code    28  bsp_driver_sd.o(.text.BSP_SD_WriteBlocks_DMA)
    BSP_SD_WriteCpltCallback                 0x080009a5   Thumb Code    12  sd_diskio.o(.text.BSP_SD_WriteCpltCallback)
    BusFault_Handler                         0x080009b1   Thumb Code     2  stm32h7xx_it.o(.text.BusFault_Handler)
    DMA1_Stream0_IRQHandler                  0x080009b5   Thumb Code    12  stm32h7xx_it.o(.text.DMA1_Stream0_IRQHandler)
    DMA1_Stream1_IRQHandler                  0x080009c1   Thumb Code    12  stm32h7xx_it.o(.text.DMA1_Stream1_IRQHandler)
    DebugMon_Handler                         0x08000d59   Thumb Code     2  stm32h7xx_it.o(.text.DebugMon_Handler)
    Disk_Mount                               0x08000d5d   Thumb Code   372  idisk.o(.text.Disk_Mount)
    Error_Handler                            0x08000ed1   Thumb Code     8  main.o(.text.Error_Handler)
    FATFS_LinkDriver                         0x08000ed9   Thumb Code     6  ff_gen_drv.o(.text.FATFS_LinkDriver)
    FATFS_LinkDriverEx                       0x08000ee1   Thumb Code    80  ff_gen_drv.o(.text.FATFS_LinkDriverEx)
    FMC_SDRAM_Init                           0x08000f31   Thumb Code    98  stm32h7xx_ll_fmc.o(.text.FMC_SDRAM_Init)
    FMC_SDRAM_ProgramRefreshRate             0x08000f93   Thumb Code    20  stm32h7xx_ll_fmc.o(.text.FMC_SDRAM_ProgramRefreshRate)
    FMC_SDRAM_SendCommand                    0x08000fa7   Thumb Code    46  stm32h7xx_ll_fmc.o(.text.FMC_SDRAM_SendCommand)
    FMC_SDRAM_Timing_Init                    0x08000fd5   Thumb Code   148  stm32h7xx_ll_fmc.o(.text.FMC_SDRAM_Timing_Init)
    HAL_DMA_Abort                            0x08001069   Thumb Code   816  stm32h7xx_hal_dma.o(.text.HAL_DMA_Abort)
    HAL_DMA_Abort_IT                         0x08001379   Thumb Code   472  stm32h7xx_hal_dma.o(.text.HAL_DMA_Abort_IT)
    HAL_DMA_IRQHandler                       0x08001551   Thumb Code  1404  stm32h7xx_hal_dma.o(.text.HAL_DMA_IRQHandler)
    HAL_DMA_Init                             0x08001ac1   Thumb Code   896  stm32h7xx_hal_dma.o(.text.HAL_DMA_Init)
    HAL_DMA_Start_IT                         0x08001e29   Thumb Code   636  stm32h7xx_hal_dma.o(.text.HAL_DMA_Start_IT)
    HAL_Delay                                0x080020a5   Thumb Code    36  stm32h7xx_hal.o(.text.HAL_Delay)
    HAL_GPIO_Init                            0x080020c5   Thumb Code   400  stm32h7xx_hal_gpio.o(.text.HAL_GPIO_Init)
    HAL_GPIO_WritePin                        0x08002255   Thumb Code    10  stm32h7xx_hal_gpio.o(.text.HAL_GPIO_WritePin)
    HAL_GetREVID                             0x08002261   Thumb Code    12  stm32h7xx_hal.o(.text.HAL_GetREVID)
    HAL_GetTick                              0x0800226d   Thumb Code    12  stm32h7xx_hal.o(.text.HAL_GetTick)
    HAL_IncTick                              0x08002275   Thumb Code    24  stm32h7xx_hal.o(.text.HAL_IncTick)
    HAL_Init                                 0x08002289   Thumb Code    92  stm32h7xx_hal.o(.text.HAL_Init)
    HAL_InitTick                             0x080022e1   Thumb Code    72  stm32h7xx_hal.o(.text.HAL_InitTick)
    HAL_MDMA_ConfigPostRequestMask           0x08002325   Thumb Code   102  stm32h7xx_hal_mdma.o(.text.HAL_MDMA_ConfigPostRequestMask)
    HAL_MDMA_IRQHandler                      0x0800238d   Thumb Code   380  stm32h7xx_hal_mdma.o(.text.HAL_MDMA_IRQHandler)
    HAL_MDMA_Init                            0x08002509   Thumb Code   240  stm32h7xx_hal_mdma.o(.text.HAL_MDMA_Init)
    HAL_MspInit                              0x080025f9   Thumb Code    32  stm32h7xx_hal_msp.o(.text.HAL_MspInit)
    HAL_NVIC_EnableIRQ                       0x08002619   Thumb Code    28  stm32h7xx_hal_cortex.o(.text.HAL_NVIC_EnableIRQ)
    HAL_NVIC_SetPriority                     0x08002635   Thumb Code    68  stm32h7xx_hal_cortex.o(.text.HAL_NVIC_SetPriority)
    HAL_NVIC_SetPriorityGrouping             0x08002675   Thumb Code    32  stm32h7xx_hal_cortex.o(.text.HAL_NVIC_SetPriorityGrouping)
    HAL_PWREx_ConfigSupply                   0x08002695   Thumb Code    72  stm32h7xx_hal_pwr_ex.o(.text.HAL_PWREx_ConfigSupply)
    HAL_RCCEx_GetD3PCLK1Freq                 0x080026dd   Thumb Code    36  stm32h7xx_hal_rcc_ex.o(.text.HAL_RCCEx_GetD3PCLK1Freq)
    HAL_RCCEx_GetPLL1ClockFreq               0x08002701   Thumb Code   272  stm32h7xx_hal_rcc_ex.o(.text.HAL_RCCEx_GetPLL1ClockFreq)
    HAL_RCCEx_GetPLL2ClockFreq               0x08002811   Thumb Code   268  stm32h7xx_hal_rcc_ex.o(.text.HAL_RCCEx_GetPLL2ClockFreq)
    HAL_RCCEx_GetPLL3ClockFreq               0x0800291d   Thumb Code   268  stm32h7xx_hal_rcc_ex.o(.text.HAL_RCCEx_GetPLL3ClockFreq)
    HAL_RCCEx_GetPeriphCLKFreq               0x08002a29   Thumb Code   656  stm32h7xx_hal_rcc_ex.o(.text.HAL_RCCEx_GetPeriphCLKFreq)
    HAL_RCCEx_PeriphCLKConfig                0x08002cb9   Thumb Code  2456  stm32h7xx_hal_rcc_ex.o(.text.HAL_RCCEx_PeriphCLKConfig)
    HAL_RCC_ClockConfig                      0x08003651   Thumb Code   552  stm32h7xx_hal_rcc.o(.text.HAL_RCC_ClockConfig)
    HAL_RCC_GetHCLKFreq                      0x08003869   Thumb Code    68  stm32h7xx_hal_rcc.o(.text.HAL_RCC_GetHCLKFreq)
    HAL_RCC_GetPCLK1Freq                     0x080038a9   Thumb Code    36  stm32h7xx_hal_rcc.o(.text.HAL_RCC_GetPCLK1Freq)
    HAL_RCC_GetPCLK2Freq                     0x080038c5   Thumb Code    36  stm32h7xx_hal_rcc.o(.text.HAL_RCC_GetPCLK2Freq)
    HAL_RCC_GetSysClockFreq                  0x080038e9   Thumb Code   252  stm32h7xx_hal_rcc.o(.text.HAL_RCC_GetSysClockFreq)
    HAL_RCC_OscConfig                        0x080039e5   Thumb Code  1314  stm32h7xx_hal_rcc.o(.text.HAL_RCC_OscConfig)
    HAL_SDEx_Read_DMADoubleBuf0CpltCallback  0x08003f07   Thumb Code     2  stm32h7xx_hal_sd.o(.text.HAL_SDEx_Read_DMADoubleBuf0CpltCallback)
    HAL_SDEx_Read_DMADoubleBuf1CpltCallback  0x08003f09   Thumb Code     2  stm32h7xx_hal_sd.o(.text.HAL_SDEx_Read_DMADoubleBuf1CpltCallback)
    HAL_SDEx_Write_DMADoubleBuf0CpltCallback 0x08003f0b   Thumb Code     2  stm32h7xx_hal_sd.o(.text.HAL_SDEx_Write_DMADoubleBuf0CpltCallback)
    HAL_SDEx_Write_DMADoubleBuf1CpltCallback 0x08003f0d   Thumb Code     2  stm32h7xx_hal_sd.o(.text.HAL_SDEx_Write_DMADoubleBuf1CpltCallback)
    HAL_SDRAM_Init                           0x08003f11   Thumb Code    80  stm32h7xx_hal_sdram.o(.text.HAL_SDRAM_Init)
    HAL_SDRAM_MspInit                        0x08003f61   Thumb Code   236  fmc.o(.text.HAL_SDRAM_MspInit)
    HAL_SDRAM_ProgramRefreshRate             0x0800404d   Thumb Code    48  stm32h7xx_hal_sdram.o(.text.HAL_SDRAM_ProgramRefreshRate)
    HAL_SDRAM_SendCommand                    0x0800407d   Thumb Code    60  stm32h7xx_hal_sdram.o(.text.HAL_SDRAM_SendCommand)
    HAL_SD_ConfigWideBusOperation            0x080040b9   Thumb Code   400  stm32h7xx_hal_sd.o(.text.HAL_SD_ConfigWideBusOperation)
    HAL_SD_ErrorCallback                     0x08004245   Thumb Code     2  stm32h7xx_hal_sd.o(.text.HAL_SD_ErrorCallback)
    HAL_SD_GetCardCSD                        0x08004249   Thumb Code   396  stm32h7xx_hal_sd.o(.text.HAL_SD_GetCardCSD)
    HAL_SD_GetCardInfo                       0x080043d5   Thumb Code    34  stm32h7xx_hal_sd.o(.text.HAL_SD_GetCardInfo)
    HAL_SD_GetCardState                      0x080043f7   Thumb Code    40  stm32h7xx_hal_sd.o(.text.HAL_SD_GetCardState)
    HAL_SD_GetCardStatus                     0x08004421   Thumb Code   396  stm32h7xx_hal_sd.o(.text.HAL_SD_GetCardStatus)
    HAL_SD_IRQHandler                        0x080045a9   Thumb Code   604  stm32h7xx_hal_sd.o(.text.HAL_SD_IRQHandler)
    HAL_SD_Init                              0x08004805   Thumb Code   154  stm32h7xx_hal_sd.o(.text.HAL_SD_Init)
    HAL_SD_InitCard                          0x080048a1   Thumb Code   644  stm32h7xx_hal_sd.o(.text.HAL_SD_InitCard)
    HAL_SD_MspInit                           0x08004b21   Thumb Code   208  sdmmc.o(.text.HAL_SD_MspInit)
    HAL_SD_ReadBlocks_DMA                    0x08004bf1   Thumb Code   208  stm32h7xx_hal_sd.o(.text.HAL_SD_ReadBlocks_DMA)
    HAL_SD_RxCpltCallback                    0x08004cbd   Thumb Code     4  bsp_driver_sd.o(.text.HAL_SD_RxCpltCallback)
    HAL_SD_TxCpltCallback                    0x08004cc1   Thumb Code     4  bsp_driver_sd.o(.text.HAL_SD_TxCpltCallback)
    HAL_SD_WriteBlocks_DMA                   0x08004cc5   Thumb Code   208  stm32h7xx_hal_sd.o(.text.HAL_SD_WriteBlocks_DMA)
    HAL_SYSTICK_Config                       0x08004d95   Thumb Code    40  stm32h7xx_hal_cortex.o(.text.HAL_SYSTICK_Config)
    HAL_UARTEx_DisableFifoMode               0x08004dbd   Thumb Code    54  stm32h7xx_hal_uart_ex.o(.text.HAL_UARTEx_DisableFifoMode)
    HAL_UARTEx_ReceiveToIdle_DMA             0x08004df3   Thumb Code    90  stm32h7xx_hal_uart_ex.o(.text.HAL_UARTEx_ReceiveToIdle_DMA)
    HAL_UARTEx_RxEventCallback               0x08004e4d   Thumb Code    48  iusart.o(.text.HAL_UARTEx_RxEventCallback)
    HAL_UARTEx_RxFifoFullCallback            0x08004e7d   Thumb Code     2  stm32h7xx_hal_uart_ex.o(.text.HAL_UARTEx_RxFifoFullCallback)
    HAL_UARTEx_SetRxFifoThreshold            0x08004e7f   Thumb Code    74  stm32h7xx_hal_uart_ex.o(.text.HAL_UARTEx_SetRxFifoThreshold)
    HAL_UARTEx_SetTxFifoThreshold            0x08004ec9   Thumb Code    74  stm32h7xx_hal_uart_ex.o(.text.HAL_UARTEx_SetTxFifoThreshold)
    HAL_UARTEx_TxFifoEmptyCallback           0x08004f13   Thumb Code     2  stm32h7xx_hal_uart_ex.o(.text.HAL_UARTEx_TxFifoEmptyCallback)
    HAL_UARTEx_WakeupCallback                0x08004f15   Thumb Code     2  stm32h7xx_hal_uart_ex.o(.text.HAL_UARTEx_WakeupCallback)
    HAL_UART_ErrorCallback                   0x08004f17   Thumb Code     2  stm32h7xx_hal_uart.o(.text.HAL_UART_ErrorCallback)
    HAL_UART_IRQHandler                      0x08004f19   Thumb Code   796  stm32h7xx_hal_uart.o(.text.HAL_UART_IRQHandler)
    HAL_UART_Init                            0x08005235   Thumb Code   102  stm32h7xx_hal_uart.o(.text.HAL_UART_Init)
    HAL_UART_MspInit                         0x0800529d   Thumb Code   264  usart.o(.text.HAL_UART_MspInit)
    HAL_UART_RxCpltCallback                  0x080053a5   Thumb Code     2  stm32h7xx_hal_uart.o(.text.HAL_UART_RxCpltCallback)
    HAL_UART_RxHalfCpltCallback              0x080053a7   Thumb Code     2  stm32h7xx_hal_uart.o(.text.HAL_UART_RxHalfCpltCallback)
    HAL_UART_Transmit                        0x080053a9   Thumb Code   188  stm32h7xx_hal_uart.o(.text.HAL_UART_Transmit)
    HAL_UART_Transmit_DMA                    0x08005465   Thumb Code   136  stm32h7xx_hal_uart.o(.text.HAL_UART_Transmit_DMA)
    HAL_UART_TxCpltCallback                  0x080054ed   Thumb Code     2  stm32h7xx_hal_uart.o(.text.HAL_UART_TxCpltCallback)
    HAL_UART_TxHalfCpltCallback              0x080054ef   Thumb Code     2  stm32h7xx_hal_uart.o(.text.HAL_UART_TxHalfCpltCallback)
    HardFault_Handler                        0x080054f1   Thumb Code     2  stm32h7xx_it.o(.text.HardFault_Handler)
    LED                                      0x080054f5   Thumb Code    24  iled.o(.text.LED)
    MCU_printf                               0x08005509   Thumb Code    60  iusart.o(.text.MCU_printf)
    MCU_send                                 0x08005545   Thumb Code    20  iusart.o(.text.MCU_send)
    MCU_serial_init                          0x08005555   Thumb Code    20  iusart.o(.text.MCU_serial_init)
    MDMA_IRQHandler                          0x08005565   Thumb Code    12  stm32h7xx_it.o(.text.MDMA_IRQHandler)
    MX_DMA_Init                              0x0800556d   Thumb Code    64  dma.o(.text.MX_DMA_Init)
    MX_FATFS_Init                            0x080055ad   Thumb Code    24  fatfs.o(.text.MX_FATFS_Init)
    MX_FMC_Init                              0x080055c5   Thumb Code   100  fmc.o(.text.MX_FMC_Init)
    MX_GPIO_Init                             0x08005629   Thumb Code   180  gpio.o(.text.MX_GPIO_Init)
    MX_MDMA_Init                             0x080056dd   Thumb Code   128  mdma.o(.text.MX_MDMA_Init)
    MX_SDMMC1_SD_Init                        0x0800575d   Thumb Code    36  sdmmc.o(.text.MX_SDMMC1_SD_Init)
    MX_USART1_UART_Init                      0x0800577d   Thumb Code   104  usart.o(.text.MX_USART1_UART_Init)
    MemManage_Handler                        0x080057e5   Thumb Code     2  stm32h7xx_it.o(.text.MemManage_Handler)
    NMI_Handler                              0x080057e7   Thumb Code     2  stm32h7xx_it.o(.text.NMI_Handler)
    PendSV_Handler                           0x080057e9   Thumb Code     2  stm32h7xx_it.o(.text.PendSV_Handler)
    SDMMC1_IRQHandler                        0x080059f1   Thumb Code    12  stm32h7xx_it.o(.text.SDMMC1_IRQHandler)
    SDMMC_CmdAppCommand                      0x080059fd   Thumb Code    50  stm32h7xx_ll_sdmmc.o(.text.SDMMC_CmdAppCommand)
    SDMMC_CmdAppOperCommand                  0x08005a2f   Thumb Code    44  stm32h7xx_ll_sdmmc.o(.text.SDMMC_CmdAppOperCommand)
    SDMMC_CmdBlockLength                     0x08005a5b   Thumb Code    50  stm32h7xx_ll_sdmmc.o(.text.SDMMC_CmdBlockLength)
    SDMMC_CmdBusWidth                        0x08005a8d   Thumb Code    50  stm32h7xx_ll_sdmmc.o(.text.SDMMC_CmdBusWidth)
    SDMMC_CmdGoIdleState                     0x08005ac1   Thumb Code    84  stm32h7xx_ll_sdmmc.o(.text.SDMMC_CmdGoIdleState)
    SDMMC_CmdOperCond                        0x08005b15   Thumb Code    48  stm32h7xx_ll_sdmmc.o(.text.SDMMC_CmdOperCond)
    SDMMC_CmdReadMultiBlock                  0x08005b45   Thumb Code    50  stm32h7xx_ll_sdmmc.o(.text.SDMMC_CmdReadMultiBlock)
    SDMMC_CmdReadSingleBlock                 0x08005b77   Thumb Code    50  stm32h7xx_ll_sdmmc.o(.text.SDMMC_CmdReadSingleBlock)
    SDMMC_CmdSelDesel                        0x08005ba9   Thumb Code    50  stm32h7xx_ll_sdmmc.o(.text.SDMMC_CmdSelDesel)
    SDMMC_CmdSendCID                         0x08005bdb   Thumb Code    44  stm32h7xx_ll_sdmmc.o(.text.SDMMC_CmdSendCID)
    SDMMC_CmdSendCSD                         0x08005c07   Thumb Code    44  stm32h7xx_ll_sdmmc.o(.text.SDMMC_CmdSendCSD)
    SDMMC_CmdSendSCR                         0x08005c33   Thumb Code    50  stm32h7xx_ll_sdmmc.o(.text.SDMMC_CmdSendSCR)
    SDMMC_CmdSendStatus                      0x08005c65   Thumb Code    50  stm32h7xx_ll_sdmmc.o(.text.SDMMC_CmdSendStatus)
    SDMMC_CmdSetRelAdd                       0x08005c97   Thumb Code    50  stm32h7xx_ll_sdmmc.o(.text.SDMMC_CmdSetRelAdd)
    SDMMC_CmdStatusRegister                  0x08005cc9   Thumb Code    50  stm32h7xx_ll_sdmmc.o(.text.SDMMC_CmdStatusRegister)
    SDMMC_CmdStopTransfer                    0x08005cfd   Thumb Code    88  stm32h7xx_ll_sdmmc.o(.text.SDMMC_CmdStopTransfer)
    SDMMC_CmdWriteMultiBlock                 0x08005d55   Thumb Code    50  stm32h7xx_ll_sdmmc.o(.text.SDMMC_CmdWriteMultiBlock)
    SDMMC_CmdWriteSingleBlock                0x08005d87   Thumb Code    50  stm32h7xx_ll_sdmmc.o(.text.SDMMC_CmdWriteSingleBlock)
    SDMMC_ConfigData                         0x08005db9   Thumb Code    42  stm32h7xx_ll_sdmmc.o(.text.SDMMC_ConfigData)
    SDMMC_GetCmdResp1                        0x08005de5   Thumb Code   292  stm32h7xx_ll_sdmmc.o(.text.SDMMC_GetCmdResp1)
    SDMMC_GetCmdResp2                        0x08005f05   Thumb Code    84  stm32h7xx_ll_sdmmc.o(.text.SDMMC_GetCmdResp2)
    SDMMC_GetCmdResp3                        0x08005f51   Thumb Code    72  stm32h7xx_ll_sdmmc.o(.text.SDMMC_GetCmdResp3)
    SDMMC_GetCmdResp6                        0x08005f95   Thumb Code   144  stm32h7xx_ll_sdmmc.o(.text.SDMMC_GetCmdResp6)
    SDMMC_GetCmdResp7                        0x08006021   Thumb Code    88  stm32h7xx_ll_sdmmc.o(.text.SDMMC_GetCmdResp7)
    SDMMC_GetPowerState                      0x08006079   Thumb Code     8  stm32h7xx_ll_sdmmc.o(.text.SDMMC_GetPowerState)
    SDMMC_GetResponse                        0x08006081   Thumb Code     6  stm32h7xx_ll_sdmmc.o(.text.SDMMC_GetResponse)
    SDMMC_Init                               0x08006089   Thumb Code    40  stm32h7xx_ll_sdmmc.o(.text.SDMMC_Init)
    SDMMC_PowerState_ON                      0x080060b1   Thumb Code    14  stm32h7xx_ll_sdmmc.o(.text.SDMMC_PowerState_ON)
    SDMMC_ReadFIFO                           0x080060bf   Thumb Code     6  stm32h7xx_ll_sdmmc.o(.text.SDMMC_ReadFIFO)
    SDMMC_SendCommand                        0x080060c5   Thumb Code    44  stm32h7xx_ll_sdmmc.o(.text.SDMMC_SendCommand)
    SDMMC_WriteFIFO                          0x080060f1   Thumb Code    12  stm32h7xx_ll_sdmmc.o(.text.SDMMC_WriteFIFO)
    SDRAM_InitSequence                       0x080060fd   Thumb Code   136  isdram.o(.text.SDRAM_InitSequence)
    SD_initialize                            0x0800629d   Thumb Code    28  sd_diskio.o(.text.SD_initialize)
    SD_ioctl                                 0x080062b5   Thumb Code    80  sd_diskio.o(.text.SD_ioctl)
    SD_read                                  0x08006305   Thumb Code   304  sd_diskio.o(.text.SD_read)
    SD_status                                0x0800642d   Thumb Code     4  sd_diskio.o(.text.SD_status)
    SD_write                                 0x08006431   Thumb Code   288  sd_diskio.o(.text.SD_write)
    SVC_Handler                              0x08006551   Thumb Code     2  stm32h7xx_it.o(.text.SVC_Handler)
    SysTick_Handler                          0x08006553   Thumb Code     4  stm32h7xx_it.o(.text.SysTick_Handler)
    SystemClock_Config                       0x08006559   Thumb Code   256  main.o(.text.SystemClock_Config)
    SystemInit                               0x08006659   Thumb Code   180  system_stm32h7xx.o(.text.SystemInit)
    UART_AdvFeatureConfig                    0x08006761   Thumb Code   198  stm32h7xx_hal_uart.o(.text.UART_AdvFeatureConfig)
    UART_CheckIdleState                      0x08006829   Thumb Code   180  stm32h7xx_hal_uart.o(.text.UART_CheckIdleState)
    UART_SetConfig                           0x08006ab5   Thumb Code   924  stm32h7xx_hal_uart.o(.text.UART_SetConfig)
    UART_Start_Receive_DMA                   0x08006e51   Thumb Code   156  stm32h7xx_hal_uart.o(.text.UART_Start_Receive_DMA)
    UART_WaitOnFlagUntilTimeout              0x08006eed   Thumb Code   154  stm32h7xx_hal_uart.o(.text.UART_WaitOnFlagUntilTimeout)
    USART1_IRQHandler                        0x08006f89   Thumb Code    12  stm32h7xx_it.o(.text.USART1_IRQHandler)
    UsageFault_Handler                       0x08006f95   Thumb Code     2  stm32h7xx_it.o(.text.UsageFault_Handler)
    arm_bitreversal_f32                      0x08006fbd   Thumb Code   186  arm_bitreversal.o(.text.arm_bitreversal_f32)
    arm_cfft_radix4_f32                      0x08007077   Thumb Code    64  arm_cfft_radix4_f32.o(.text.arm_cfft_radix4_f32)
    arm_cfft_radix4_init_f32                 0x080070b9   Thumb Code   148  arm_cfft_radix4_init_f32.o(.text.arm_cfft_radix4_init_f32)
    arm_cmplx_mag_f32                        0x0800714d   Thumb Code   312  arm_cmplx_mag_f32.o(.text.arm_cmplx_mag_f32)
    arm_cos_f32                              0x08007285   Thumb Code   144  arm_cos_f32.o(.text.arm_cos_f32)
    arm_radix4_butterfly_f32                 0x08007315   Thumb Code   806  arm_cfft_radix4_f32.o(.text.arm_radix4_butterfly_f32)
    arm_radix4_butterfly_inverse_f32         0x0800763d   Thumb Code   852  arm_cfft_radix4_f32.o(.text.arm_radix4_butterfly_inverse_f32)
    arm_sin_f32                              0x08007991   Thumb Code   140  arm_sin_f32.o(.text.arm_sin_f32)
    disk_initialize                          0x08007aa9   Thumb Code    44  diskio.o(.text.disk_initialize)
    disk_ioctl                               0x08007ad1   Thumb Code    24  diskio.o(.text.disk_ioctl)
    disk_read                                0x08007ae5   Thumb Code    32  diskio.o(.text.disk_read)
    disk_status                              0x08007b01   Thumb Code    20  diskio.o(.text.disk_status)
    disk_write                               0x08007b11   Thumb Code    32  diskio.o(.text.disk_write)
    f_mkfs                                   0x08007b31   Thumb Code  1572  ff.o(.text.f_mkfs)
    f_mount                                  0x08008151   Thumb Code    84  ff.o(.text.f_mount)
    fputc                                    0x08008419   Thumb Code    36  main.o(.text.fputc)
    get_fattime                              0x0800843d   Thumb Code     4  fatfs.o(.text.get_fattime)
    main                                     0x08008489   Thumb Code   712  main.o(.text.main)
    memory_alloc                             0x08008751   Thumb Code   104  imemory.o(.text.memory_alloc)
    memory_free                              0x080087b5   Thumb Code   100  imemory.o(.text.memory_free)
    memory_init                              0x08008815   Thumb Code    20  imemory.o(.text.memory_init)
    __0printf                                0x080088bd   Thumb Code    22  printfa.o(i.__0printf)
    __1printf                                0x080088bd   Thumb Code     0  printfa.o(i.__0printf)
    __2printf                                0x080088bd   Thumb Code     0  printfa.o(i.__0printf)
    __c89printf                              0x080088bd   Thumb Code     0  printfa.o(i.__0printf)
    printf                                   0x080088bd   Thumb Code     0  printfa.o(i.__0printf)
    __0vsnprintf                             0x080088dd   Thumb Code    40  printfa.o(i.__0vsnprintf)
    __1vsnprintf                             0x080088dd   Thumb Code     0  printfa.o(i.__0vsnprintf)
    __2vsnprintf                             0x080088dd   Thumb Code     0  printfa.o(i.__0vsnprintf)
    __c89vsnprintf                           0x080088dd   Thumb Code     0  printfa.o(i.__0vsnprintf)
    vsnprintf                                0x080088dd   Thumb Code     0  printfa.o(i.__0vsnprintf)
    __hardfp_sqrtf                           0x08008909   Thumb Code    58  sqrtf.o(i.__hardfp_sqrtf)
    __scatterload_copy                       0x08008943   Thumb Code    14  handlers.o(i.__scatterload_copy)
    __scatterload_null                       0x08008951   Thumb Code     2  handlers.o(i.__scatterload_null)
    __scatterload_zeroinit                   0x08008953   Thumb Code    14  handlers.o(i.__scatterload_zeroinit)
    __set_errno                              0x08008961   Thumb Code     6  errno.o(i.__set_errno)
    puts                                     0x08009235   Thumb Code    30  puts.o(i.puts)
    D1CorePrescTable                         0x08009258   Data          16  system_stm32h7xx.o(.rodata.D1CorePrescTable)
    SD_Driver                                0x08009268   Data          20  sd_diskio.o(.rodata.SD_Driver)
    UARTPrescTable                           0x0800927c   Data          24  stm32h7xx_hal_uart.o(.rodata.UARTPrescTable)
    armBitRevTable                           0x08009294   Data        2048  arm_common_tables.o(.rodata.armBitRevTable)
    sinTable_f32                             0x08009aac   Data        2052  arm_common_tables.o(.rodata.sinTable_f32)
    twiddleCoef_4096                         0x0800a434   Data       32768  arm_common_tables.o(.rodata.twiddleCoef_4096)
    Region$$Table$$Base                      0x08012434   Number         0  anon$$obj.o(Region$$Table)
    Region$$Table$$Limit                     0x08012454   Number         0  anon$$obj.o(Region$$Table)
    __stdout                                 0x24000000   Data           4  stdout.o(.data)
    uwTickFreq                               0x24000008   Data           1  stm32h7xx_hal.o(.data..L_MergedGlobals)
    uwTickPrio                               0x2400000c   Data           4  stm32h7xx_hal.o(.data..L_MergedGlobals)
    SystemCoreClock                          0x24000010   Data           4  system_stm32h7xx.o(.data..L_MergedGlobals)
    SystemD2Clock                            0x24000014   Data           4  system_stm32h7xx.o(.data..L_MergedGlobals)
    i                                        0x24000020   Data           4  main.o(.bss..L_MergedGlobals)
    scfft                                    0x24000024   Data          20  main.o(.bss..L_MergedGlobals)
    retSD                                    0x24000040   Data           1  fatfs.o(.bss..L_MergedGlobals)
    SDPath                                   0x24000041   Data           4  fatfs.o(.bss..L_MergedGlobals)
    RX_IDLE_BUF                              0x2400007c   Data         512  iusart.o(.bss.RX_IDLE_BUF)
    SDFatFS                                  0x24000280   Data        1080  fatfs.o(.bss.SDFatFS)
    disk                                     0x240006bc   Data          12  ff_gen_drv.o(.bss.disk)
    fft_inputbuf                             0x240006cc   Data        8192  main.o(.bss.fft_inputbuf)
    fft_outputbuf                            0x240026cc   Data        4096  main.o(.bss.fft_outputbuf)
    hdma_usart1_rx                           0x240036cc   Data         120  usart.o(.bss.hdma_usart1_rx)
    hdma_usart1_tx                           0x24003744   Data         120  usart.o(.bss.hdma_usart1_tx)
    hmdma_mdma_channel0_sdmmc1_end_data_0    0x240037bc   Data         108  mdma.o(.bss.hmdma_mdma_channel0_sdmmc1_end_data_0)
    hsd1                                     0x24003828   Data         124  sdmmc.o(.bss.hsd1)
    hsdram1                                  0x240038a4   Data          52  fmc.o(.bss.hsdram1)
    huart1                                   0x240038d8   Data         148  usart.o(.bss.huart1)
    uwTick                                   0x24003b80   Data           4  stm32h7xx_hal.o(.bss.uwTick)
    __initial_sp                             0x24004b88   Data           0  startup_stm32h743xx.o(STACK)



==============================================================================

Memory Map of the image

  Image Entry point : 0x08000299

  Load Region LR_IROM1 (Base: 0x08000000, Size: 0x00012480, Max: 0x00200000, ABSOLUTE)

    Execution Region ER_IROM1 (Exec base: 0x08000000, Load base: 0x08000000, Size: 0x00012454, Max: 0x00200000, ABSOLUTE)

    Exec Addr    Load Addr    Size         Type   Attr      Idx    E Section Name        Object

    0x08000000   0x08000000   0x00000298   Data   RO            3    RESET               startup_stm32h743xx.o
    0x08000298   0x08000298   0x00000000   Code   RO         2432  * .ARM.Collect$$$$00000000  mc_w.l(entry.o)
    0x08000298   0x08000298   0x00000004   Code   RO         2718    .ARM.Collect$$$$00000001  mc_w.l(entry2.o)
    0x0800029c   0x0800029c   0x00000004   Code   RO         2721    .ARM.Collect$$$$00000004  mc_w.l(entry5.o)
    0x080002a0   0x080002a0   0x00000000   Code   RO         2723    .ARM.Collect$$$$00000008  mc_w.l(entry7b.o)
    0x080002a0   0x080002a0   0x00000000   Code   RO         2725    .ARM.Collect$$$$0000000A  mc_w.l(entry8b.o)
    0x080002a0   0x080002a0   0x00000008   Code   RO         2726    .ARM.Collect$$$$0000000B  mc_w.l(entry9a.o)
    0x080002a8   0x080002a8   0x00000000   Code   RO         2728    .ARM.Collect$$$$0000000D  mc_w.l(entry10a.o)
    0x080002a8   0x080002a8   0x00000000   Code   RO         2730    .ARM.Collect$$$$0000000F  mc_w.l(entry11a.o)
    0x080002a8   0x080002a8   0x00000004   Code   RO         2719    .ARM.Collect$$$$00002712  mc_w.l(entry2.o)
    0x080002ac   0x080002ac   0x00000024   Code   RO            4    .text               startup_stm32h743xx.o
    0x080002d0   0x080002d0   0x00000062   Code   RO         2439    .text               mc_w.l(uldiv.o)
    0x08000332   0x08000332   0x00000040   Code   RO         2445    .text               mc_w.l(memmovea.o)
    0x08000372   0x08000372   0x00000024   Code   RO         2447    .text               mc_w.l(memseta.o)
    0x08000396   0x08000396   0x0000000e   Code   RO         2449    .text               mc_w.l(strlen.o)
    0x080003a4   0x080003a4   0x0000001c   Code   RO         2716    .text               mf_w.l(ffltul.o)
    0x080003c0   0x080003c0   0x0000002c   Code   RO         2733    .text               mc_w.l(uidiv.o)
    0x080003ec   0x080003ec   0x0000001e   Code   RO         2735    .text               mc_w.l(llshl.o)
    0x0800040a   0x0800040a   0x00000020   Code   RO         2737    .text               mc_w.l(llushr.o)
    0x0800042a   0x0800042a   0x00000000   Code   RO         2746    .text               mc_w.l(iusefp.o)
    0x0800042a   0x0800042a   0x0000006e   Code   RO         2747    .text               mf_w.l(fepilogue.o)
    0x08000498   0x08000498   0x0000014e   Code   RO         2749    .text               mf_w.l(dadd.o)
    0x080005e6   0x080005e6   0x000000e4   Code   RO         2751    .text               mf_w.l(dmul.o)
    0x080006ca   0x080006ca   0x000000de   Code   RO         2753    .text               mf_w.l(ddiv.o)
    0x080007a8   0x080007a8   0x00000030   Code   RO         2755    .text               mf_w.l(dfixul.o)
    0x080007d8   0x080007d8   0x00000030   Code   RO         2757    .text               mf_w.l(cdrcmple.o)
    0x08000808   0x08000808   0x00000024   Code   RO         2759    .text               mc_w.l(init.o)
    0x0800082c   0x0800082c   0x00000024   Code   RO         2761    .text               mc_w.l(llsshr.o)
    0x08000850   0x08000850   0x000000ba   Code   RO         2763    .text               mf_w.l(depilogue.o)
    0x0800090a   0x0800090a   0x00000002   PAD
    0x0800090c   0x0800090c   0x0000000c   Code   RO         2185    .text.BSP_SD_GetCardInfo  bsp_driver_sd.o
    0x08000918   0x08000918   0x00000010   Code   RO         2183    .text.BSP_SD_GetCardState  bsp_driver_sd.o
    0x08000928   0x08000928   0x0000002c   Code   RO         2167    .text.BSP_SD_Init   bsp_driver_sd.o
    0x08000954   0x08000954   0x00000010   Code   RO         2169    .text.BSP_SD_IsDetected  bsp_driver_sd.o
    0x08000964   0x08000964   0x00000018   Code   RO         2177    .text.BSP_SD_ReadBlocks_DMA  bsp_driver_sd.o
    0x0800097c   0x0800097c   0x0000000c   Code   RO         2224    .text.BSP_SD_ReadCpltCallback  sd_diskio.o
    0x08000988   0x08000988   0x0000001c   Code   RO         2179    .text.BSP_SD_WriteBlocks_DMA  bsp_driver_sd.o
    0x080009a4   0x080009a4   0x0000000c   Code   RO         2222    .text.BSP_SD_WriteCpltCallback  sd_diskio.o
    0x080009b0   0x080009b0   0x00000002   Code   RO          124    .text.BusFault_Handler  stm32h7xx_it.o
    0x080009b2   0x080009b2   0x00000002   PAD
    0x080009b4   0x080009b4   0x0000000c   Code   RO          136    .text.DMA1_Stream0_IRQHandler  stm32h7xx_it.o
    0x080009c0   0x080009c0   0x0000000c   Code   RO          138    .text.DMA1_Stream1_IRQHandler  stm32h7xx_it.o
    0x080009cc   0x080009cc   0x000000a4   Code   RO          447    .text.DMA_CalcBaseAndBitshift  stm32h7xx_hal_dma.o
    0x08000a70   0x08000a70   0x00000090   Code   RO          449    .text.DMA_CalcDMAMUXChannelBaseAndMask  stm32h7xx_hal_dma.o
    0x08000b00   0x08000b00   0x00000064   Code   RO          451    .text.DMA_CalcDMAMUXRequestGenBaseAndMask  stm32h7xx_hal_dma.o
    0x08000b64   0x08000b64   0x000001f4   Code   RO          457    .text.DMA_SetConfig  stm32h7xx_hal_dma.o
    0x08000d58   0x08000d58   0x00000002   Code   RO          130    .text.DebugMon_Handler  stm32h7xx_it.o
    0x08000d5a   0x08000d5a   0x00000002   PAD
    0x08000d5c   0x08000d5c   0x00000174   Code   RO         1972    .text.Disk_Mount    idisk.o
    0x08000ed0   0x08000ed0   0x00000008   Code   RO           15    .text.Error_Handler  main.o
    0x08000ed8   0x08000ed8   0x00000006   Code   RO         2133    .text.FATFS_LinkDriver  ff_gen_drv.o
    0x08000ede   0x08000ede   0x00000002   PAD
    0x08000ee0   0x08000ee0   0x00000050   Code   RO         2131    .text.FATFS_LinkDriverEx  ff_gen_drv.o
    0x08000f30   0x08000f30   0x00000062   Code   RO         1043    .text.FMC_SDRAM_Init  stm32h7xx_ll_fmc.o
    0x08000f92   0x08000f92   0x00000014   Code   RO         1055    .text.FMC_SDRAM_ProgramRefreshRate  stm32h7xx_ll_fmc.o
    0x08000fa6   0x08000fa6   0x0000002e   Code   RO         1053    .text.FMC_SDRAM_SendCommand  stm32h7xx_ll_fmc.o
    0x08000fd4   0x08000fd4   0x00000094   Code   RO         1045    .text.FMC_SDRAM_Timing_Init  stm32h7xx_ll_fmc.o
    0x08001068   0x08001068   0x00000310   Code   RO          461    .text.HAL_DMA_Abort  stm32h7xx_hal_dma.o
    0x08001378   0x08001378   0x000001d8   Code   RO          463    .text.HAL_DMA_Abort_IT  stm32h7xx_hal_dma.o
    0x08001550   0x08001550   0x00000570   Code   RO          467    .text.HAL_DMA_IRQHandler  stm32h7xx_hal_dma.o
    0x08001ac0   0x08001ac0   0x00000368   Code   RO          445    .text.HAL_DMA_Init  stm32h7xx_hal_dma.o
    0x08001e28   0x08001e28   0x0000027c   Code   RO          459    .text.HAL_DMA_Start_IT  stm32h7xx_hal_dma.o
    0x080020a4   0x080020a4   0x00000020   Code   RO          715    .text.HAL_Delay     stm32h7xx_hal.o
    0x080020c4   0x080020c4   0x00000190   Code   RO          389    .text.HAL_GPIO_Init  stm32h7xx_hal_gpio.o
    0x08002254   0x08002254   0x0000000a   Code   RO          395    .text.HAL_GPIO_WritePin  stm32h7xx_hal_gpio.o
    0x0800225e   0x0800225e   0x00000002   PAD
    0x08002260   0x08002260   0x0000000c   Code   RO          723    .text.HAL_GetREVID  stm32h7xx_hal.o
    0x0800226c   0x0800226c   0x00000008   Code   RO          707    .text.HAL_GetTick   stm32h7xx_hal.o
    0x08002274   0x08002274   0x00000014   Code   RO          705    .text.HAL_IncTick   stm32h7xx_hal.o
    0x08002288   0x08002288   0x00000058   Code   RO          695    .text.HAL_Init      stm32h7xx_hal.o
    0x080022e0   0x080022e0   0x00000044   Code   RO          697    .text.HAL_InitTick  stm32h7xx_hal.o
    0x08002324   0x08002324   0x00000066   Code   RO          518    .text.HAL_MDMA_ConfigPostRequestMask  stm32h7xx_hal_mdma.o
    0x0800238a   0x0800238a   0x00000002   PAD
    0x0800238c   0x0800238c   0x0000017c   Code   RO          548    .text.HAL_MDMA_IRQHandler  stm32h7xx_hal_mdma.o
    0x08002508   0x08002508   0x000000f0   Code   RO          514    .text.HAL_MDMA_Init  stm32h7xx_hal_mdma.o
    0x080025f8   0x080025f8   0x00000020   Code   RO          154    .text.HAL_MspInit   stm32h7xx_hal_msp.o
    0x08002618   0x08002618   0x0000001c   Code   RO          169    .text.HAL_NVIC_EnableIRQ  stm32h7xx_hal_cortex.o
    0x08002634   0x08002634   0x00000040   Code   RO          165    .text.HAL_NVIC_SetPriority  stm32h7xx_hal_cortex.o
    0x08002674   0x08002674   0x00000020   Code   RO          163    .text.HAL_NVIC_SetPriorityGrouping  stm32h7xx_hal_cortex.o
    0x08002694   0x08002694   0x00000048   Code   RO          606    .text.HAL_PWREx_ConfigSupply  stm32h7xx_hal_pwr_ex.o
    0x080026dc   0x080026dc   0x00000024   Code   RO          271    .text.HAL_RCCEx_GetD3PCLK1Freq  stm32h7xx_hal_rcc_ex.o
    0x08002700   0x08002700   0x00000110   Code   RO          265    .text.HAL_RCCEx_GetPLL1ClockFreq  stm32h7xx_hal_rcc_ex.o
    0x08002810   0x08002810   0x0000010c   Code   RO          267    .text.HAL_RCCEx_GetPLL2ClockFreq  stm32h7xx_hal_rcc_ex.o
    0x0800291c   0x0800291c   0x0000010c   Code   RO          269    .text.HAL_RCCEx_GetPLL3ClockFreq  stm32h7xx_hal_rcc_ex.o
    0x08002a28   0x08002a28   0x00000290   Code   RO          263    .text.HAL_RCCEx_GetPeriphCLKFreq  stm32h7xx_hal_rcc_ex.o
    0x08002cb8   0x08002cb8   0x00000998   Code   RO          255    .text.HAL_RCCEx_PeriphCLKConfig  stm32h7xx_hal_rcc_ex.o
    0x08003650   0x08003650   0x00000218   Code   RO          222    .text.HAL_RCC_ClockConfig  stm32h7xx_hal_rcc.o
    0x08003868   0x08003868   0x00000040   Code   RO          232    .text.HAL_RCC_GetHCLKFreq  stm32h7xx_hal_rcc.o
    0x080038a8   0x080038a8   0x0000001c   Code   RO          234    .text.HAL_RCC_GetPCLK1Freq  stm32h7xx_hal_rcc.o
    0x080038c4   0x080038c4   0x00000024   Code   RO          236    .text.HAL_RCC_GetPCLK2Freq  stm32h7xx_hal_rcc.o
    0x080038e8   0x080038e8   0x000000fc   Code   RO          224    .text.HAL_RCC_GetSysClockFreq  stm32h7xx_hal_rcc.o
    0x080039e4   0x080039e4   0x00000522   Code   RO          220    .text.HAL_RCC_OscConfig  stm32h7xx_hal_rcc.o
    0x08003f06   0x08003f06   0x00000002   Code   RO         1295    .text.HAL_SDEx_Read_DMADoubleBuf0CpltCallback  stm32h7xx_hal_sd.o
    0x08003f08   0x08003f08   0x00000002   Code   RO         1291    .text.HAL_SDEx_Read_DMADoubleBuf1CpltCallback  stm32h7xx_hal_sd.o
    0x08003f0a   0x08003f0a   0x00000002   Code   RO         1293    .text.HAL_SDEx_Write_DMADoubleBuf0CpltCallback  stm32h7xx_hal_sd.o
    0x08003f0c   0x08003f0c   0x00000002   Code   RO         1289    .text.HAL_SDEx_Write_DMADoubleBuf1CpltCallback  stm32h7xx_hal_sd.o
    0x08003f0e   0x08003f0e   0x00000002   PAD
    0x08003f10   0x08003f10   0x00000050   Code   RO         1070    .text.HAL_SDRAM_Init  stm32h7xx_hal_sdram.o
    0x08003f60   0x08003f60   0x000000ec   Code   RO           58    .text.HAL_SDRAM_MspInit  fmc.o
    0x0800404c   0x0800404c   0x00000030   Code   RO         1114    .text.HAL_SDRAM_ProgramRefreshRate  stm32h7xx_hal_sdram.o
    0x0800407c   0x0800407c   0x0000003c   Code   RO         1112    .text.HAL_SDRAM_SendCommand  stm32h7xx_hal_sdram.o
    0x080040b8   0x080040b8   0x0000018c   Code   RO         1259    .text.HAL_SD_ConfigWideBusOperation  stm32h7xx_hal_sd.o
    0x08004244   0x08004244   0x00000002   Code   RO         1283    .text.HAL_SD_ErrorCallback  stm32h7xx_hal_sd.o
    0x08004246   0x08004246   0x00000002   PAD
    0x08004248   0x08004248   0x0000018c   Code   RO         1305    .text.HAL_SD_GetCardCSD  stm32h7xx_hal_sd.o
    0x080043d4   0x080043d4   0x00000022   Code   RO         1307    .text.HAL_SD_GetCardInfo  stm32h7xx_hal_sd.o
    0x080043f6   0x080043f6   0x00000028   Code   RO         1261    .text.HAL_SD_GetCardState  stm32h7xx_hal_sd.o
    0x0800441e   0x0800441e   0x00000002   PAD
    0x08004420   0x08004420   0x00000188   Code   RO         1257    .text.HAL_SD_GetCardStatus  stm32h7xx_hal_sd.o
    0x080045a8   0x080045a8   0x0000025c   Code   RO         1281    .text.HAL_SD_IRQHandler  stm32h7xx_hal_sd.o
    0x08004804   0x08004804   0x0000009a   Code   RO         1251    .text.HAL_SD_Init   stm32h7xx_hal_sd.o
    0x0800489e   0x0800489e   0x00000002   PAD
    0x080048a0   0x080048a0   0x00000280   Code   RO         1255    .text.HAL_SD_InitCard  stm32h7xx_hal_sd.o
    0x08004b20   0x08004b20   0x000000d0   Code   RO           86    .text.HAL_SD_MspInit  sdmmc.o
    0x08004bf0   0x08004bf0   0x000000cc   Code   RO         1275    .text.HAL_SD_ReadBlocks_DMA  stm32h7xx_hal_sd.o
    0x08004cbc   0x08004cbc   0x00000004   Code   RO         2195    .text.HAL_SD_RxCpltCallback  bsp_driver_sd.o
    0x08004cc0   0x08004cc0   0x00000004   Code   RO         2191    .text.HAL_SD_TxCpltCallback  bsp_driver_sd.o
    0x08004cc4   0x08004cc4   0x000000d0   Code   RO         1277    .text.HAL_SD_WriteBlocks_DMA  stm32h7xx_hal_sd.o
    0x08004d94   0x08004d94   0x00000028   Code   RO          177    .text.HAL_SYSTICK_Config  stm32h7xx_hal_cortex.o
    0x08004dbc   0x08004dbc   0x00000036   Code   RO         1515    .text.HAL_UARTEx_DisableFifoMode  stm32h7xx_hal_uart_ex.o
    0x08004df2   0x08004df2   0x0000005a   Code   RO         1525    .text.HAL_UARTEx_ReceiveToIdle_DMA  stm32h7xx_hal_uart_ex.o
    0x08004e4c   0x08004e4c   0x00000030   Code   RO         1924    .text.HAL_UARTEx_RxEventCallback  iusart.o
    0x08004e7c   0x08004e7c   0x00000002   Code   RO         1499    .text.HAL_UARTEx_RxFifoFullCallback  stm32h7xx_hal_uart_ex.o
    0x08004e7e   0x08004e7e   0x0000004a   Code   RO         1519    .text.HAL_UARTEx_SetRxFifoThreshold  stm32h7xx_hal_uart_ex.o
    0x08004ec8   0x08004ec8   0x0000004a   Code   RO         1517    .text.HAL_UARTEx_SetTxFifoThreshold  stm32h7xx_hal_uart_ex.o
    0x08004f12   0x08004f12   0x00000002   Code   RO         1501    .text.HAL_UARTEx_TxFifoEmptyCallback  stm32h7xx_hal_uart_ex.o
    0x08004f14   0x08004f14   0x00000002   Code   RO         1497    .text.HAL_UARTEx_WakeupCallback  stm32h7xx_hal_uart_ex.o
    0x08004f16   0x08004f16   0x00000002   Code   RO         1439    .text.HAL_UART_ErrorCallback  stm32h7xx_hal_uart.o
    0x08004f18   0x08004f18   0x0000031c   Code   RO         1435    .text.HAL_UART_IRQHandler  stm32h7xx_hal_uart.o
    0x08005234   0x08005234   0x00000066   Code   RO         1347    .text.HAL_UART_Init  stm32h7xx_hal_uart.o
    0x0800529a   0x0800529a   0x00000002   PAD
    0x0800529c   0x0800529c   0x00000108   Code   RO          102    .text.HAL_UART_MspInit  usart.o
    0x080053a4   0x080053a4   0x00000002   Code   RO         1447    .text.HAL_UART_RxCpltCallback  stm32h7xx_hal_uart.o
    0x080053a6   0x080053a6   0x00000002   Code   RO         1449    .text.HAL_UART_RxHalfCpltCallback  stm32h7xx_hal_uart.o
    0x080053a8   0x080053a8   0x000000bc   Code   RO         1367    .text.HAL_UART_Transmit  stm32h7xx_hal_uart.o
    0x08005464   0x08005464   0x00000088   Code   RO         1387    .text.HAL_UART_Transmit_DMA  stm32h7xx_hal_uart.o
    0x080054ec   0x080054ec   0x00000002   Code   RO         1443    .text.HAL_UART_TxCpltCallback  stm32h7xx_hal_uart.o
    0x080054ee   0x080054ee   0x00000002   Code   RO         1445    .text.HAL_UART_TxHalfCpltCallback  stm32h7xx_hal_uart.o
    0x080054f0   0x080054f0   0x00000002   Code   RO          120    .text.HardFault_Handler  stm32h7xx_it.o
    0x080054f2   0x080054f2   0x00000002   PAD
    0x080054f4   0x080054f4   0x00000014   Code   RO         1905    .text.LED           iled.o
    0x08005508   0x08005508   0x0000003c   Code   RO         1922    .text.MCU_printf    iusart.o
    0x08005544   0x08005544   0x00000010   Code   RO         1920    .text.MCU_send      iusart.o
    0x08005554   0x08005554   0x00000010   Code   RO         1918    .text.MCU_serial_init  iusart.o
    0x08005564   0x08005564   0x00000008   Code   RO          144    .text.MDMA_IRQHandler  stm32h7xx_it.o
    0x0800556c   0x0800556c   0x00000040   Code   RO           46    .text.MX_DMA_Init   dma.o
    0x080055ac   0x080055ac   0x00000018   Code   RO         2240    .text.MX_FATFS_Init  fatfs.o
    0x080055c4   0x080055c4   0x00000064   Code   RO           56    .text.MX_FMC_Init   fmc.o
    0x08005628   0x08005628   0x000000b4   Code   RO           35    .text.MX_GPIO_Init  gpio.o
    0x080056dc   0x080056dc   0x00000080   Code   RO           74    .text.MX_MDMA_Init  mdma.o
    0x0800575c   0x0800575c   0x00000020   Code   RO           84    .text.MX_SDMMC1_SD_Init  sdmmc.o
    0x0800577c   0x0800577c   0x00000068   Code   RO          100    .text.MX_USART1_UART_Init  usart.o
    0x080057e4   0x080057e4   0x00000002   Code   RO          122    .text.MemManage_Handler  stm32h7xx_it.o
    0x080057e6   0x080057e6   0x00000002   Code   RO          118    .text.NMI_Handler   stm32h7xx_it.o
    0x080057e8   0x080057e8   0x00000002   Code   RO          132    .text.PendSV_Handler  stm32h7xx_it.o
    0x080057ea   0x080057ea   0x00000002   PAD
    0x080057ec   0x080057ec   0x00000100   Code   RO          257    .text.RCCEx_PLL2_Config  stm32h7xx_hal_rcc_ex.o
    0x080058ec   0x080058ec   0x00000104   Code   RO          259    .text.RCCEx_PLL3_Config  stm32h7xx_hal_rcc_ex.o
    0x080059f0   0x080059f0   0x0000000c   Code   RO          142    .text.SDMMC1_IRQHandler  stm32h7xx_it.o
    0x080059fc   0x080059fc   0x00000032   Code   RO         1191    .text.SDMMC_CmdAppCommand  stm32h7xx_ll_sdmmc.o
    0x08005a2e   0x08005a2e   0x0000002c   Code   RO         1193    .text.SDMMC_CmdAppOperCommand  stm32h7xx_ll_sdmmc.o
    0x08005a5a   0x08005a5a   0x00000032   Code   RO         1159    .text.SDMMC_CmdBlockLength  stm32h7xx_ll_sdmmc.o
    0x08005a8c   0x08005a8c   0x00000032   Code   RO         1197    .text.SDMMC_CmdBusWidth  stm32h7xx_ll_sdmmc.o
    0x08005abe   0x08005abe   0x00000002   PAD
    0x08005ac0   0x08005ac0   0x00000054   Code   RO         1185    .text.SDMMC_CmdGoIdleState  stm32h7xx_ll_sdmmc.o
    0x08005b14   0x08005b14   0x00000030   Code   RO         1187    .text.SDMMC_CmdOperCond  stm32h7xx_ll_sdmmc.o
    0x08005b44   0x08005b44   0x00000032   Code   RO         1165    .text.SDMMC_CmdReadMultiBlock  stm32h7xx_ll_sdmmc.o
    0x08005b76   0x08005b76   0x00000032   Code   RO         1163    .text.SDMMC_CmdReadSingleBlock  stm32h7xx_ll_sdmmc.o
    0x08005ba8   0x08005ba8   0x00000032   Code   RO         1183    .text.SDMMC_CmdSelDesel  stm32h7xx_ll_sdmmc.o
    0x08005bda   0x08005bda   0x0000002c   Code   RO         1201    .text.SDMMC_CmdSendCID  stm32h7xx_ll_sdmmc.o
    0x08005c06   0x08005c06   0x0000002c   Code   RO         1205    .text.SDMMC_CmdSendCSD  stm32h7xx_ll_sdmmc.o
    0x08005c32   0x08005c32   0x00000032   Code   RO         1199    .text.SDMMC_CmdSendSCR  stm32h7xx_ll_sdmmc.o
    0x08005c64   0x08005c64   0x00000032   Code   RO         1215    .text.SDMMC_CmdSendStatus  stm32h7xx_ll_sdmmc.o
    0x08005c96   0x08005c96   0x00000032   Code   RO         1207    .text.SDMMC_CmdSetRelAdd  stm32h7xx_ll_sdmmc.o
    0x08005cc8   0x08005cc8   0x00000032   Code   RO         1217    .text.SDMMC_CmdStatusRegister  stm32h7xx_ll_sdmmc.o
    0x08005cfa   0x08005cfa   0x00000002   PAD
    0x08005cfc   0x08005cfc   0x00000058   Code   RO         1181    .text.SDMMC_CmdStopTransfer  stm32h7xx_ll_sdmmc.o
    0x08005d54   0x08005d54   0x00000032   Code   RO         1169    .text.SDMMC_CmdWriteMultiBlock  stm32h7xx_ll_sdmmc.o
    0x08005d86   0x08005d86   0x00000032   Code   RO         1167    .text.SDMMC_CmdWriteSingleBlock  stm32h7xx_ll_sdmmc.o
    0x08005db8   0x08005db8   0x0000002a   Code   RO         1151    .text.SDMMC_ConfigData  stm32h7xx_ll_sdmmc.o
    0x08005de2   0x08005de2   0x00000002   PAD
    0x08005de4   0x08005de4   0x00000120   Code   RO         1161    .text.SDMMC_GetCmdResp1  stm32h7xx_ll_sdmmc.o
    0x08005f04   0x08005f04   0x0000004c   Code   RO         1203    .text.SDMMC_GetCmdResp2  stm32h7xx_ll_sdmmc.o
    0x08005f50   0x08005f50   0x00000044   Code   RO         1195    .text.SDMMC_GetCmdResp3  stm32h7xx_ll_sdmmc.o
    0x08005f94   0x08005f94   0x0000008c   Code   RO         1209    .text.SDMMC_GetCmdResp6  stm32h7xx_ll_sdmmc.o
    0x08006020   0x08006020   0x00000058   Code   RO         1189    .text.SDMMC_GetCmdResp7  stm32h7xx_ll_sdmmc.o
    0x08006078   0x08006078   0x00000008   Code   RO         1143    .text.SDMMC_GetPowerState  stm32h7xx_ll_sdmmc.o
    0x08006080   0x08006080   0x00000006   Code   RO         1149    .text.SDMMC_GetResponse  stm32h7xx_ll_sdmmc.o
    0x08006086   0x08006086   0x00000002   PAD
    0x08006088   0x08006088   0x00000028   Code   RO         1131    .text.SDMMC_Init    stm32h7xx_ll_sdmmc.o
    0x080060b0   0x080060b0   0x0000000e   Code   RO         1137    .text.SDMMC_PowerState_ON  stm32h7xx_ll_sdmmc.o
    0x080060be   0x080060be   0x00000006   Code   RO         1133    .text.SDMMC_ReadFIFO  stm32h7xx_ll_sdmmc.o
    0x080060c4   0x080060c4   0x0000002c   Code   RO         1145    .text.SDMMC_SendCommand  stm32h7xx_ll_sdmmc.o
    0x080060f0   0x080060f0   0x0000000c   Code   RO         1135    .text.SDMMC_WriteFIFO  stm32h7xx_ll_sdmmc.o
    0x080060fc   0x080060fc   0x00000088   Code   RO         1937    .text.SDRAM_InitSequence  isdram.o
    0x08006184   0x08006184   0x0000001c   Code   RO         2218    .text.SD_CheckStatus  sd_diskio.o
    0x080061a0   0x080061a0   0x00000028   Code   RO         2220    .text.SD_CheckStatusWithTimeout  sd_diskio.o
    0x080061c8   0x080061c8   0x000000d4   Code   RO         1317    .text.SD_FindSCR    stm32h7xx_hal_sd.o
    0x0800629c   0x0800629c   0x00000018   Code   RO         2208    .text.SD_initialize  sd_diskio.o
    0x080062b4   0x080062b4   0x00000050   Code   RO         2216    .text.SD_ioctl      sd_diskio.o
    0x08006304   0x08006304   0x00000128   Code   RO         2212    .text.SD_read       sd_diskio.o
    0x0800642c   0x0800642c   0x00000004   Code   RO         2210    .text.SD_status     sd_diskio.o
    0x08006430   0x08006430   0x00000120   Code   RO         2214    .text.SD_write      sd_diskio.o
    0x08006550   0x08006550   0x00000002   Code   RO          128    .text.SVC_Handler   stm32h7xx_it.o
    0x08006552   0x08006552   0x00000004   Code   RO          134    .text.SysTick_Handler  stm32h7xx_it.o
    0x08006556   0x08006556   0x00000002   PAD
    0x08006558   0x08006558   0x00000100   Code   RO           13    .text.SystemClock_Config  main.o
    0x08006658   0x08006658   0x000000b4   Code   RO         1539    .text.SystemInit    system_stm32h7xx.o
    0x0800670c   0x0800670c   0x00000054   Code   RO         1513    .text.UARTEx_SetNbDataToProcess  stm32h7xx_hal_uart_ex.o
    0x08006760   0x08006760   0x000000c6   Code   RO         1351    .text.UART_AdvFeatureConfig  stm32h7xx_hal_uart.o
    0x08006826   0x08006826   0x00000002   PAD
    0x08006828   0x08006828   0x000000b4   Code   RO         1355    .text.UART_CheckIdleState  stm32h7xx_hal_uart.o
    0x080068dc   0x080068dc   0x00000010   Code   RO         1437    .text.UART_DMAAbortOnError  stm32h7xx_hal_uart.o
    0x080068ec   0x080068ec   0x0000005a   Code   RO         1393    .text.UART_DMAError  stm32h7xx_hal_uart.o
    0x08006946   0x08006946   0x00000082   Code   RO         1481    .text.UART_DMAReceiveCplt  stm32h7xx_hal_uart.o
    0x080069c8   0x080069c8   0x0000001a   Code   RO         1483    .text.UART_DMARxHalfCplt  stm32h7xx_hal_uart.o
    0x080069e2   0x080069e2   0x0000003e   Code   RO         1389    .text.UART_DMATransmitCplt  stm32h7xx_hal_uart.o
    0x08006a20   0x08006a20   0x00000006   Code   RO         1391    .text.UART_DMATxHalfCplt  stm32h7xx_hal_uart.o
    0x08006a26   0x08006a26   0x00000002   PAD
    0x08006a28   0x08006a28   0x0000005c   Code   RO         1407    .text.UART_EndRxTransfer  stm32h7xx_hal_uart.o
    0x08006a84   0x08006a84   0x00000030   Code   RO         1405    .text.UART_EndTxTransfer  stm32h7xx_hal_uart.o
    0x08006ab4   0x08006ab4   0x0000039c   Code   RO         1353    .text.UART_SetConfig  stm32h7xx_hal_uart.o
    0x08006e50   0x08006e50   0x0000009c   Code   RO         1397    .text.UART_Start_Receive_DMA  stm32h7xx_hal_uart.o
    0x08006eec   0x08006eec   0x0000009a   Code   RO         1369    .text.UART_WaitOnFlagUntilTimeout  stm32h7xx_hal_uart.o
    0x08006f86   0x08006f86   0x00000002   PAD
    0x08006f88   0x08006f88   0x0000000c   Code   RO          140    .text.USART1_IRQHandler  stm32h7xx_it.o
    0x08006f94   0x08006f94   0x00000002   Code   RO          126    .text.UsageFault_Handler  stm32h7xx_it.o
    0x08006f96   0x08006f96   0x00000002   PAD
    0x08006f98   0x08006f98   0x00000024   Code   RO          167    .text.__NVIC_SetPriority  stm32h7xx_hal_cortex.o
    0x08006fbc   0x08006fbc   0x000000ba   Code   RO         2311    .text.arm_bitreversal_f32  arm_cortexM7lfdp_math.lib(arm_bitreversal.o)
    0x08007076   0x08007076   0x00000040   Code   RO         2286    .text.arm_cfft_radix4_f32  arm_cortexM7lfdp_math.lib(arm_cfft_radix4_f32.o)
    0x080070b6   0x080070b6   0x00000002   PAD
    0x080070b8   0x080070b8   0x00000094   Code   RO         2301    .text.arm_cfft_radix4_init_f32  arm_cortexM7lfdp_math.lib(arm_cfft_radix4_init_f32.o)
    0x0800714c   0x0800714c   0x00000138   Code   RO         2275    .text.arm_cmplx_mag_f32  arm_cortexM7lfdp_math.lib(arm_cmplx_mag_f32.o)
    0x08007284   0x08007284   0x00000090   Code   RO         2255    .text.arm_cos_f32   arm_cortexM7lfdp_math.lib(arm_cos_f32.o)
    0x08007314   0x08007314   0x00000326   Code   RO         2290    .text.arm_radix4_butterfly_f32  arm_cortexM7lfdp_math.lib(arm_cfft_radix4_f32.o)
    0x0800763a   0x0800763a   0x00000002   PAD
    0x0800763c   0x0800763c   0x00000354   Code   RO         2288    .text.arm_radix4_butterfly_inverse_f32  arm_cortexM7lfdp_math.lib(arm_cfft_radix4_f32.o)
    0x08007990   0x08007990   0x0000008c   Code   RO         2265    .text.arm_sin_f32   arm_cortexM7lfdp_math.lib(arm_sin_f32.o)
    0x08007a1c   0x08007a1c   0x0000006c   Code   RO         2108    .text.check_fs      ff.o
    0x08007a88   0x08007a88   0x00000020   Code   RO         2012    .text.clear_lock    ff.o
    0x08007aa8   0x08007aa8   0x00000028   Code   RO         1989    .text.disk_initialize  diskio.o
    0x08007ad0   0x08007ad0   0x00000014   Code   RO         1995    .text.disk_ioctl    diskio.o
    0x08007ae4   0x08007ae4   0x0000001c   Code   RO         1991    .text.disk_read     diskio.o
    0x08007b00   0x08007b00   0x00000010   Code   RO         1987    .text.disk_status   diskio.o
    0x08007b10   0x08007b10   0x00000020   Code   RO         1993    .text.disk_write    diskio.o
    0x08007b30   0x08007b30   0x00000620   Code   RO         2094    .text.f_mkfs        ff.o
    0x08008150   0x08008150   0x00000050   Code   RO         2008    .text.f_mount       ff.o
    0x080081a0   0x080081a0   0x00000278   Code   RO         2014    .text.find_volume   ff.o
    0x08008418   0x08008418   0x00000024   Code   RO           17    .text.fputc         main.o
    0x0800843c   0x0800843c   0x00000004   Code   RO         2242    .text.get_fattime   fatfs.o
    0x08008440   0x08008440   0x00000042   Code   RO         2010    .text.get_ldnumber  ff.o
    0x08008482   0x08008482   0x00000004   Code   RO         2036    .text.ld_dword      ff.o
    0x08008486   0x08008486   0x00000002   PAD
    0x08008488   0x08008488   0x000002c8   Code   RO           11    .text.main          main.o
    0x08008750   0x08008750   0x00000064   Code   RO         1958    .text.memory_alloc  imemory.o
    0x080087b4   0x080087b4   0x00000060   Code   RO         1960    .text.memory_free   imemory.o
    0x08008814   0x08008814   0x00000014   Code   RO         1956    .text.memory_init   imemory.o
    0x08008828   0x08008828   0x00000036   Code   RO         2032    .text.move_window   ff.o
    0x0800885e   0x0800885e   0x00000010   Code   RO         2024    .text.st_dword      ff.o
    0x0800886e   0x0800886e   0x0000004e   Code   RO         2090    .text.sync_window   ff.o
    0x080088bc   0x080088bc   0x00000020   Code   RO         2688    i.__0printf         mc_w.l(printfa.o)
    0x080088dc   0x080088dc   0x0000002c   Code   RO         2693    i.__0vsnprintf      mc_w.l(printfa.o)
    0x08008908   0x08008908   0x0000003a   Code   RO         2420    i.__hardfp_sqrtf    m_wv.l(sqrtf.o)
    0x08008942   0x08008942   0x0000000e   Code   RO         2767    i.__scatterload_copy  mc_w.l(handlers.o)
    0x08008950   0x08008950   0x00000002   Code   RO         2768    i.__scatterload_null  mc_w.l(handlers.o)
    0x08008952   0x08008952   0x0000000e   Code   RO         2769    i.__scatterload_zeroinit  mc_w.l(handlers.o)
    0x08008960   0x08008960   0x0000000c   Code   RO         2741    i.__set_errno       mc_w.l(errno.o)
    0x0800896c   0x0800896c   0x00000184   Code   RO         2695    i._fp_digits        mc_w.l(printfa.o)
    0x08008af0   0x08008af0   0x000006dc   Code   RO         2696    i._printf_core      mc_w.l(printfa.o)
    0x080091cc   0x080091cc   0x00000024   Code   RO         2697    i._printf_post_padding  mc_w.l(printfa.o)
    0x080091f0   0x080091f0   0x0000002e   Code   RO         2698    i._printf_pre_padding  mc_w.l(printfa.o)
    0x0800921e   0x0800921e   0x00000016   Code   RO         2699    i._snputc           mc_w.l(printfa.o)
    0x08009234   0x08009234   0x00000024   Code   RO         2435    i.puts              mc_w.l(puts.o)
    0x08009258   0x08009258   0x00000010   Data   RO         1543    .rodata.D1CorePrescTable  system_stm32h7xx.o
    0x08009268   0x08009268   0x00000014   Data   RO         2226    .rodata.SD_Driver   sd_diskio.o
    0x0800927c   0x0800927c   0x00000018   Data   RO         1485    .rodata.UARTPrescTable  stm32h7xx_hal_uart.o
    0x08009294   0x08009294   0x00000800   Data   RO         2326    .rodata.armBitRevTable  arm_cortexM7lfdp_math.lib(arm_common_tables.o)
    0x08009a94   0x08009a94   0x00000008   Data   RO          477    .rodata.cst8        stm32h7xx_hal_dma.o
    0x08009a9c   0x08009a9c   0x00000010   Data   RO         1529    .rodata.cst8        stm32h7xx_hal_uart_ex.o
    0x08009aac   0x08009aac   0x00000804   Data   RO         2412    .rodata.sinTable_f32  arm_cortexM7lfdp_math.lib(arm_common_tables.o)
    0x0800a2b0   0x0800a2b0   0x000000fa   Data   RO           21    .rodata.str1.1      main.o
    0x0800a3aa   0x0800a3aa   0x00000037   Data   RO         1977    .rodata.str1.1      idisk.o
    0x0800a3e1   0x0800a3e1   0x00000034   Data   RO         2117    .rodata.str1.1      ff.o
    0x0800a415   0x0800a415   0x00000001   PAD
    0x0800a416   0x0800a416   0x0000001c   Data   RO         2116    .rodata.str2.2      ff.o
    0x0800a432   0x0800a432   0x00000002   PAD
    0x0800a434   0x0800a434   0x00008000   Data   RO         2335    .rodata.twiddleCoef_4096  arm_cortexM7lfdp_math.lib(arm_common_tables.o)
    0x08012434   0x08012434   0x00000020   Data   RO         2766    Region$$Table       anon$$obj.o


    Execution Region RW_IRAM1 (Exec base: 0x20000000, Load base: 0x08012454, Size: 0x00000000, Max: 0x00020000, ABSOLUTE)

    **** No section assigned to this execution region ****


    Execution Region RW_IRAM2 (Exec base: 0x24000000, Load base: 0x08012460, Size: 0x00004b88, Max: 0x00080000, ABSOLUTE)

    Exec Addr    Load Addr    Size         Type   Attr      Idx    E Section Name        Object

    0x24000000   0x08012460   0x00000004   Data   RW         2732    .data               mc_w.l(stdout.o)
    0x24000004   0x08012464   0x00000004   Data   RW         2742    .data               mc_w.l(errno.o)
    0x24000008   0x08012468   0x00000008   Data   RW          792    .data..L_MergedGlobals  stm32h7xx_hal.o
    0x24000010   0x08012470   0x00000008   Data   RW         1544    .data..L_MergedGlobals  system_stm32h7xx.o
    0x24000018   0x08012478   0x00000001   Data   RW         2227    .data.Stat          sd_diskio.o
    0x24000019   0x08012479   0x00000003   PAD
    0x2400001c   0x0801247c   0x00000004   Data   RW         1962    .data.freeList      imemory.o
    0x24000020        -       0x00000018   Zero   RW           25    .bss..L_MergedGlobals  main.o
    0x24000038        -       0x00000008   Zero   RW         2121    .bss..L_MergedGlobals  ff.o
    0x24000040        -       0x00000005   Zero   RW         2246    .bss..L_MergedGlobals  fatfs.o
    0x24000045   0x08012480   0x00000003   PAD
    0x24000048        -       0x00000010   Zero   RW         1945    .bss.Command        isdram.o
    0x24000058        -       0x00000001   Zero   RW           63    .bss.FMC_Initialized  fmc.o
    0x24000059   0x08012480   0x00000003   PAD
    0x2400005c        -       0x00000020   Zero   RW         2118    .bss.Files          ff.o
    0x2400007c        -       0x00000200   Zero   RW         1926    .bss.RX_IDLE_BUF    iusart.o
    0x2400027c        -       0x00000004   Zero   RW         2228    .bss.ReadStatus     sd_diskio.o
    0x24000280        -       0x00000438   Zero   RW         2244    .bss.SDFatFS        fatfs.o
    0x240006b8        -       0x00000004   Zero   RW         2230    .bss.WriteStatus    sd_diskio.o
    0x240006bc        -       0x0000000c   Zero   RW         2141    .bss.disk           ff_gen_drv.o
    0x240006c8        -       0x00000001   Zero   RW         1976    .bss.disk_state     idisk.o
    0x240006c9   0x08012480   0x00000003   PAD
    0x240006cc        -       0x00002000   Zero   RW           22    .bss.fft_inputbuf   main.o
    0x240026cc        -       0x00001000   Zero   RW           23    .bss.fft_outputbuf  main.o
    0x240036cc        -       0x00000078   Zero   RW          107    .bss.hdma_usart1_rx  usart.o
    0x24003744        -       0x00000078   Zero   RW          108    .bss.hdma_usart1_tx  usart.o
    0x240037bc        -       0x0000006c   Zero   RW           76    .bss.hmdma_mdma_channel0_sdmmc1_end_data_0  mdma.o
    0x24003828        -       0x0000007c   Zero   RW           90    .bss.hsd1           sdmmc.o
    0x240038a4        -       0x00000034   Zero   RW           62    .bss.hsdram1        fmc.o
    0x240038d8        -       0x00000094   Zero   RW          106    .bss.huart1         usart.o
    0x2400396c   0x08012480   0x00000014   PAD
    0x24003980        -       0x00000200   Zero   RW         2229    .bss.scratch        sd_diskio.o
    0x24003b80        -       0x00000004   Zero   RW          791    .bss.uwTick         stm32h7xx_hal.o
    0x24003b84   0x08012480   0x00000004   PAD
    0x24003b88        -       0x00001000   Zero   RW            1    STACK               startup_stm32h743xx.o


==============================================================================

Image component sizes


      Code (inc. data)   RO Data    RW Data    ZI Data      Debug   Object Name

       148          4          0          0          0       5475   bsp_driver_sd.o
       136          4          0          0          0       1899   diskio.o
        64          4          0          0          0       5360   dma.o
        28          8          0          0       1085       1923   fatfs.o
      2638         72         80          0         40      46874   ff.o
        86          4          0          0         12       2474   ff_gen_drv.o
       336         24          0          0         53       8319   fmc.o
       180          8          0          0          0       3096   gpio.o
       372        164         55          0          1       2426   idisk.o
        20          0          0          0          0       1305   iled.o
       216          4          0          4          0       1733   imemory.o
       136         12          0          0         16       2674   isdram.o
       140         12          0          0        512       4881   iusart.o
      1012        240        250          0      12312       6624   main.o
       128         12          0          0        108       7373   mdma.o
       784         32         20          1        520       6946   sd_diskio.o
       240         16          0          0        124       9862   sdmmc.o
        36          8        664          0       4096        892   startup_stm32h743xx.o
       228         24          0          8          4      14642   stm32h7xx_hal.o
       200         28          0          0          0      12098   stm32h7xx_hal_cortex.o
      5064        604          8          0          0      14312   stm32h7xx_hal_dma.o
       410         20          0          0          0       6783   stm32h7xx_hal_gpio.o
       722          8          0          0          0      11653   stm32h7xx_hal_mdma.o
        32          4          0          0          0       2271   stm32h7xx_hal_msp.o
        72          4          0          0          0      10312   stm32h7xx_hal_pwr_ex.o
      2230         64          0          0          0      11022   stm32h7xx_hal_rcc.o
      4472        252          0          0          0      17466   stm32h7xx_hal_rcc_ex.o
      3290         48          0          0          0      23178   stm32h7xx_hal_sd.o
       188          4          0          0          0      11298   stm32h7xx_hal_sdram.o
      3314        186         24          0          0      31875   stm32h7xx_hal_uart.o
       382          8         16          0          0       9651   stm32h7xx_hal_uart_ex.o
        76         16          0          0          0       1538   stm32h7xx_it.o
       312         16          0          0          0       8308   stm32h7xx_ll_fmc.o
      1784         36          0          0          0      15230   stm32h7xx_ll_sdmmc.o
       180         40         16          8          0       5704   system_stm32h7xx.o
       368         32          0          0        388      11531   usart.o

    ----------------------------------------------------------------------
     30068       2022       1168         24      19304     339008   Object Totals
         0          0         32          0          0          0   (incl. Generated)
        44          0          3          3         33          0   (incl. Padding)

    ----------------------------------------------------------------------

      Code (inc. data)   RO Data    RW Data    ZI Data      Debug   Library Member Name

       186          0          0          0          0       2608   arm_bitreversal.o
      1722          0          0          0          0       8704   arm_cfft_radix4_f32.o
       148         20          0          0          0       1568   arm_cfft_radix4_init_f32.o
       312          0          0          0          0       2017   arm_cmplx_mag_f32.o
         0          0      36868          0          0       4961   arm_common_tables.o
       144         12          0          0          0       1111   arm_cos_f32.o
       140         12          0          0          0       1098   arm_sin_f32.o
        58          0          0          0          0        136   sqrtf.o
         0          0          0          0          0          0   entry.o
         0          0          0          0          0          0   entry10a.o
         0          0          0          0          0          0   entry11a.o
         8          4          0          0          0          0   entry2.o
         4          0          0          0          0          0   entry5.o
         0          0          0          0          0          0   entry7b.o
         0          0          0          0          0          0   entry8b.o
         8          4          0          0          0          0   entry9a.o
        12          6          0          4          0         68   errno.o
        30          0          0          0          0          0   handlers.o
        36          8          0          0          0         68   init.o
         0          0          0          0          0          0   iusefp.o
        30          0          0          0          0         68   llshl.o
        36          0          0          0          0         68   llsshr.o
        32          0          0          0          0         68   llushr.o
        64          0          0          0          0         76   memmovea.o
        36          0          0          0          0        108   memseta.o
      2324         94          0          0          0        600   printfa.o
        36          6          0          0          0         80   puts.o
         0          0          0          4          0          0   stdout.o
        14          0          0          0          0         68   strlen.o
        44          0          0          0          0         80   uidiv.o
        98          0          0          0          0         92   uldiv.o
        48          0          0          0          0         68   cdrcmple.o
       334          0          0          0          0        148   dadd.o
       222          0          0          0          0        100   ddiv.o
       186          0          0          0          0        176   depilogue.o
        48          0          0          0          0         68   dfixul.o
       228          0          0          0          0         96   dmul.o
       110          0          0          0          0        168   fepilogue.o
        28          0          0          0          0         84   ffltul.o

    ----------------------------------------------------------------------
      6732        166      36868          8          0      24555   Library Totals
         6          0          0          0          0          0   (incl. Padding)

    ----------------------------------------------------------------------

      Code (inc. data)   RO Data    RW Data    ZI Data      Debug   Library Name

      2652         44      36868          0          0      22067   arm_cortexM7lfdp_math.lib
        58          0          0          0          0        136   m_wv.l
      2812        122          0          8          0       1444   mc_w.l
      1204          0          0          0          0        908   mf_w.l

    ----------------------------------------------------------------------
      6732        166      36868          8          0      24555   Library Totals

    ----------------------------------------------------------------------

==============================================================================


      Code (inc. data)   RO Data    RW Data    ZI Data      Debug   

     36800       2188      38036         32      19304     361931   Grand Totals
     36800       2188      38036         32      19304     361931   ELF Image Totals
     36800       2188      38036         32          0          0   ROM Totals

==============================================================================

    Total RO  Size (Code + RO Data)                74836 (  73.08kB)
    Total RW  Size (RW Data + ZI Data)             19336 (  18.88kB)
    Total ROM Size (Code + RO Data + RW Data)      74868 (  73.11kB)

==============================================================================

