Component: ARM Compiler 6.11 Tool: armlink [5d3b3900]

==============================================================================

Section Cross References

    startup_stm32h723xx.o(RESET) refers to startup_stm32h723xx.o(STACK) for __initial_sp
    startup_stm32h723xx.o(RESET) refers to startup_stm32h723xx.o(.text) for Reset_Handler
    startup_stm32h723xx.o(RESET) refers to stm32h7xx_it.o(.text.NMI_Handler) for NMI_Handler
    startup_stm32h723xx.o(RESET) refers to stm32h7xx_it.o(.text.HardFault_Handler) for HardFault_Handler
    startup_stm32h723xx.o(RESET) refers to stm32h7xx_it.o(.text.MemManage_Handler) for MemManage_Handler
    startup_stm32h723xx.o(RESET) refers to stm32h7xx_it.o(.text.BusFault_Handler) for BusFault_Handler
    startup_stm32h723xx.o(RESET) refers to stm32h7xx_it.o(.text.UsageFault_Handler) for UsageFault_Handler
    startup_stm32h723xx.o(RESET) refers to stm32h7xx_it.o(.text.SVC_Handler) for SVC_Handler
    startup_stm32h723xx.o(RESET) refers to stm32h7xx_it.o(.text.DebugMon_Handler) for DebugMon_Handler
    startup_stm32h723xx.o(RESET) refers to stm32h7xx_it.o(.text.PendSV_Handler) for PendSV_Handler
    startup_stm32h723xx.o(RESET) refers to stm32h7xx_it.o(.text.SysTick_Handler) for SysTick_Handler
    startup_stm32h723xx.o(RESET) refers to stm32h7xx_it.o(.text.SDMMC1_IRQHandler) for SDMMC1_IRQHandler
    startup_stm32h723xx.o(.text) refers to system_stm32h7xx.o(.text.SystemInit) for SystemInit
    startup_stm32h723xx.o(.text) refers to entry.o(.ARM.Collect$$$$00000000) for __main
    main.o(.text.FatFs_Check) refers to ff_gen_drv.o(.text.FATFS_LinkDriver) for FATFS_LinkDriver
    main.o(.text.FatFs_Check) refers to ff.o(.text.f_mount) for f_mount
    main.o(.text.FatFs_Check) refers to puts.o(i.puts) for puts
    main.o(.text.FatFs_Check) refers to ff.o(.text.f_mkfs) for f_mkfs
    main.o(.text.FatFs_Check) refers to main.o(.bss..L_MergedGlobals.48) for [Anonymous Symbol]
    main.o(.text.FatFs_Check) refers to sd_diskio.o(.rodata.SD_Driver) for SD_Driver
    main.o(.text.FatFs_Check) refers to main.o(.bss.SD_FatFs) for SD_FatFs
    main.o(.text.FatFs_Check) refers to main.o(.rodata.str1.1) for .L.str
    main.o(.ARM.exidx.text.FatFs_Check) refers to main.o(.text.FatFs_Check) for [Anonymous Symbol]
    main.o(.text.FatFs_GetVolume) refers to ff.o(.text.f_getfree) for f_getfree
    main.o(.text.FatFs_GetVolume) refers to puts.o(i.puts) for puts
    main.o(.text.FatFs_GetVolume) refers to printfa.o(i.__0printf) for __2printf
    main.o(.text.FatFs_GetVolume) refers to main.o(.rodata.str1.1) for .L.str
    main.o(.ARM.exidx.text.FatFs_GetVolume) refers to main.o(.text.FatFs_GetVolume) for [Anonymous Symbol]
    main.o(.text.FatFs_FileTest) refers to memmovea.o(.text) for __aeabi_memcpy
    main.o(.text.FatFs_FileTest) refers to puts.o(i.puts) for puts
    main.o(.text.FatFs_FileTest) refers to ff.o(.text.f_open) for f_open
    main.o(.text.FatFs_FileTest) refers to ff.o(.text.f_write) for f_write
    main.o(.text.FatFs_FileTest) refers to printfa.o(i.__0printf) for __2printf
    main.o(.text.FatFs_FileTest) refers to ff.o(.text.f_close) for f_close
    main.o(.text.FatFs_FileTest) refers to ff.o(.text.f_read) for f_read
    main.o(.text.FatFs_FileTest) refers to main.o(.rodata.str1.1) for .Lstr.32
    main.o(.text.FatFs_FileTest) refers to main.o(.bss..L_MergedGlobals.48) for [Anonymous Symbol]
    main.o(.ARM.exidx.text.FatFs_FileTest) refers to main.o(.text.FatFs_FileTest) for [Anonymous Symbol]
    main.o(.text.SystemClock_Config) refers to memseta.o(.text) for __aeabi_memclr4
    main.o(.text.SystemClock_Config) refers to stm32h7xx_hal_pwr_ex.o(.text.HAL_PWREx_ConfigSupply) for HAL_PWREx_ConfigSupply
    main.o(.text.SystemClock_Config) refers to stm32h7xx_hal_rcc.o(.text.HAL_RCC_OscConfig) for HAL_RCC_OscConfig
    main.o(.text.SystemClock_Config) refers to stm32h7xx_hal_rcc.o(.text.HAL_RCC_ClockConfig) for HAL_RCC_ClockConfig
    main.o(.text.SystemClock_Config) refers to stm32h7xx_hal_rcc_ex.o(.text.HAL_RCCEx_PeriphCLKConfig) for HAL_RCCEx_PeriphCLKConfig
    main.o(.ARM.exidx.text.SystemClock_Config) refers to main.o(.text.SystemClock_Config) for [Anonymous Symbol]
    main.o(.ARM.exidx.text.Error_Handler) refers to main.o(.text.Error_Handler) for [Anonymous Symbol]
    main.o(.text.main) refers to stm32h7xx_hal.o(.text.HAL_Init) for HAL_Init
    main.o(.text.main) refers to main.o(.text.SystemClock_Config) for SystemClock_Config
    main.o(.text.main) refers to led.o(.text.LED_Init) for LED_Init
    main.o(.text.main) refers to usart.o(.text.USART1_Init) for USART1_Init
    main.o(.text.main) refers to puts.o(i.puts) for puts
    main.o(.text.main) refers to main.o(.text.FatFs_Check) for FatFs_Check
    main.o(.text.main) refers to main.o(.text.FatFs_GetVolume) for FatFs_GetVolume
    main.o(.text.main) refers to main.o(.text.FatFs_FileTest) for FatFs_FileTest
[...]
    put_fat                                  0x0800892f   Thumb Code   286  ff.o(.text.put_fat)
    [Anonymous Symbol]                       0x0800892e   Section        0  ff.o(.text.put_fat)
    remove_chain                             0x08008a4d   Thumb Code   108  ff.o(.text.remove_chain)
    [Anonymous Symbol]                       0x08008a4c   Section        0  ff.o(.text.remove_chain)
    st_clust                                 0x08008ab9   Thumb Code    24  ff.o(.text.st_clust)
    [Anonymous Symbol]                       0x08008ab8   Section        0  ff.o(.text.st_clust)
    st_dword                                 0x08008ad1   Thumb Code    16  ff.o(.text.st_dword)
    [Anonymous Symbol]                       0x08008ad0   Section        0  ff.o(.text.st_dword)
    sum_sfn                                  0x08008ae1   Thumb Code    26  ff.o(.text.sum_sfn)
    [Anonymous Symbol]                       0x08008ae0   Section        0  ff.o(.text.sum_sfn)
    sync_fs                                  0x08008afd   Thumb Code   120  ff.o(.text.sync_fs)
    [Anonymous Symbol]                       0x08008afc   Section        0  ff.o(.text.sync_fs)
    __arm_cp.20_0                            0x08008b6c   Number         4  ff.o(.text.sync_fs)
    __arm_cp.20_1                            0x08008b70   Number         4  ff.o(.text.sync_fs)
    sync_window                              0x08008b75   Thumb Code    68  ff.o(.text.sync_window)
    [Anonymous Symbol]                       0x08008b74   Section        0  ff.o(.text.sync_window)
    validate                                 0x08008bb9   Thumb Code    50  ff.o(.text.validate)
    [Anonymous Symbol]                       0x08008bb8   Section        0  ff.o(.text.validate)
    i.__0printf                              0x08008bec   Section        0  printfa.o(i.__0printf)
    i.__hardfp_sqrtf                         0x08008c0c   Section        0  sqrtf.o(i.__hardfp_sqrtf)
    i.__scatterload_copy                     0x08008c46   Section       14  handlers.o(i.__scatterload_copy)
    i.__scatterload_null                     0x08008c54   Section        2  handlers.o(i.__scatterload_null)
    i.__scatterload_zeroinit                 0x08008c56   Section       14  handlers.o(i.__scatterload_zeroinit)
    i.__set_errno                            0x08008c64   Section        0  errno.o(i.__set_errno)
    _fp_digits                               0x08008c71   Thumb Code   366  printfa.o(i._fp_digits)
    i._fp_digits                             0x08008c70   Section        0  printfa.o(i._fp_digits)
    _printf_core                             0x08008df5   Thumb Code  1744  printfa.o(i._printf_core)
    i._printf_core                           0x08008df4   Section        0  printfa.o(i._printf_core)
    _printf_post_padding                     0x080094d1   Thumb Code    36  printfa.o(i._printf_post_padding)
    i._printf_post_padding                   0x080094d0   Section        0  printfa.o(i._printf_post_padding)
    _printf_pre_padding                      0x080094f5   Thumb Code    46  printfa.o(i._printf_pre_padding)
    i._printf_pre_padding                    0x080094f4   Section        0  printfa.o(i._printf_pre_padding)
    i.puts                                   0x08009524   Section        0  puts.o(i.puts)
    ExCvt                                    0x08009558   Data         128  ff.o(.rodata.ExCvt)
    [Anonymous Symbol]                       0x08009558   Section        0  ff.o(.rodata.ExCvt)
    LfnOfs                                   0x080095d8   Data          13  ff.o(.rodata.LfnOfs)
    [Anonymous Symbol]                       0x080095d8   Section        0  ff.o(.rodata.LfnOfs)
    UARTEx_SetNbDataToProcess.numerator      0x08009e14   Data           8  stm32h7xx_hal_uart_ex.o(.rodata.cst8)
    UARTEx_SetNbDataToProcess.denominator    0x08009e1c   Data           8  stm32h7xx_hal_uart_ex.o(.rodata.cst8)
    .L.str.12                                0x0800a628   Data           5  main.o(.rodata.str1.1)
    [Anonymous Symbol]                       0x0800a628   Section        0  main.o(.rodata.str1.1)
    .Lstr.47                                 0x0800a62d   Data          19  main.o(.rodata.str1.1)
    .Lstr.28                                 0x0800a640   Data          65  main.o(.rodata.str1.1)
    .Lstr.33                                 0x0800a681   Data          66  main.o(.rodata.str1.1)
    .Lstr.38                                 0x0800a6c3   Data          59  main.o(.rodata.str1.1)
    .Lstr.35                                 0x0800a6fe   Data          59  main.o(.rodata.str1.1)
    .Lstr.41                                 0x0800a739   Data          64  main.o(.rodata.str1.1)
    .Lstr.37                                 0x0800a779   Data          53  main.o(.rodata.str1.1)
    .Lstr.32                                 0x0800a7ae   Data          65  main.o(.rodata.str1.1)
    .Lstr.39                                 0x0800a7ef   Data          43  main.o(.rodata.str1.1)
    .Lstr                                    0x0800a81a   Data          75  main.o(.rodata.str1.1)
    .Lstr.36                                 0x0800a865   Data          44  main.o(.rodata.str1.1)
    .Lstr.40                                 0x0800a891   Data          49  main.o(.rodata.str1.1)
    .Lstr.45                                 0x0800a8c2   Data          60  main.o(.rodata.str1.1)
    .L.str                                   0x0800a8fe   Data           3  main.o(.rodata.str1.1)
    .L.str.9                                 0x0800a901   Data          17  main.o(.rodata.str1.1)
    .L.str.2                                 0x0800a912   Data          20  ff.o(.rodata.str1.1)
    [Anonymous Symbol]                       0x0800a912   Section        0  ff.o(.rodata.str1.1)
    .L.str.1                                 0x0800a926   Data          20  ff.o(.rodata.str1.1)
    .L.str                                   0x0800a93a   Data          12  ff.o(.rodata.str1.1)
    .L.str.6                                 0x0800a946   Data           7  ff.o(.rodata.str1.1)
    .L.str.5                                 0x0800a94d   Data           9  ff.o(.rodata.str1.1)
    f_mkfs.cst                               0x0800a956   Data          14  ff.o(.rodata.str2.2)
    [Anonymous Symbol]                       0x0800a956   Section        0  ff.o(.rodata.str2.2)
    f_mkfs.cst32                             0x0800a964   Data          14  ff.o(.rodata.str2.2)
    ff_wtoupper.cvt2                         0x0800a972   Data         188  ffunicode.o(.rodata.str2.2)
    [Anonymous Symbol]                       0x0800a972   Section        0  ffunicode.o(.rodata.str2.2)
    ff_wtoupper.cvt1                         0x0800aa2e   Data         498  ffunicode.o(.rodata.str2.2)
    uc437                                    0x08012c20   Data         256  ffunicode.o(.rodata.uc437)
    [Anonymous Symbol]                       0x08012c20   Section        0  ffunicode.o(.rodata.uc437)
    .data                                    0x24000000   Section        4  stdout.o(.data)
    _errno                                   0x24000004   Data           4  errno.o(.data)
    .data                                    0x24000004   Section        4  errno.o(.data)
    ip1_bias                                 0x24000008   Data          10  main.o(.data..L_MergedGlobals)
    [Anonymous Symbol]                       0x24000008   Section        0  main.o(.data..L_MergedGlobals)
    conv2_bias                               0x24000012   Data          16  main.o(.data..L_MergedGlobals)
    conv1_bias                               0x24000022   Data          32  main.o(.data..L_MergedGlobals)
    conv3_bias                               0x24000042   Data          32  main.o(.data..L_MergedGlobals)
    [Anonymous Symbol]                       0x24000064   Section        0  stm32h7xx_hal.o(.data..L_MergedGlobals)
    [Anonymous Symbol]                       0x2400006c   Section        0  system_stm32h7xx.o(.data..L_MergedGlobals)
    Stat                                     0x24000074   Data           1  sd_diskio.o(.data.Stat)
    [Anonymous Symbol]                       0x24000074   Section        0  sd_diskio.o(.data.Stat)
    conv1_wt                                 0x24000075   Data        2400  main.o(.data.conv1_wt)
    [Anonymous Symbol]                       0x24000075   Section        0  main.o(.data.conv1_wt)
    conv2_wt                                 0x240009d5   Data       12800  main.o(.data.conv2_wt)
    [Anonymous Symbol]                       0x240009d5   Section        0  main.o(.data.conv2_wt)
    conv3_wt                                 0x24003bd5   Data       12800  main.o(.data.conv3_wt)
    [Anonymous Symbol]                       0x24003bd5   Section        0  main.o(.data.conv3_wt)
    ip1_wt                                   0x240079d5   Data        5120  main.o(.data.ip1_wt)
    [Anonymous Symbol]                       0x240079d5   Section        0  main.o(.data.ip1_wt)
    Fsid                                     0x24008dd8   Data           2  ff.o(.bss..L_MergedGlobals)
    [Anonymous Symbol]                       0x24008dd8   Section        0  ff.o(.bss..L_MergedGlobals)
    FatFs                                    0x24008ddc   Data           8  ff.o(.bss..L_MergedGlobals)
    [Anonymous Symbol]                       0x24008de4   Section        0  main.o(.bss..L_MergedGlobals.48)
    STACK                                    0x24017bd8   Section    12288  startup_stm32h723xx.o(STACK)

    Global Symbols

    Symbol Name                              Value     Ov Type        Size  Object(Section)

    BuildAttributes$$THM_ISAv4$E$P$D$K$B$S$7EM$VFPv5_D16$PE$PLD8$A:L22UL41UL21$X:L11$S22US41US21$IEEE1$IW$~IW$USESV6$~STKCKD$USESV7$~SHL$OTIME$ROPI$IEEEJ$EBA8$MICROLIB$REQ8$PRES8$EABIv2 0x00000000   Number         0  anon$$obj.o ABSOLUTE
    _printf_a                                0x00000000   Number         0  stubs.o ABSOLUTE
    _printf_c                                0x00000000   Number         0  stubs.o ABSOLUTE
    _printf_charcount                        0x00000000   Number         0  stubs.o ABSOLUTE
    _printf_d                                0x00000000   Number         0  stubs.o ABSOLUTE
    _printf_e                                0x00000000   Number         0  stubs.o ABSOLUTE
    _printf_f                                0x00000000   Number         0  stubs.o ABSOLUTE
    _printf_flags                            0x00000000   Number         0  stubs.o ABSOLUTE
    _printf_fp_dec                           0x00000000   Number         0  stubs.o ABSOLUTE
    _printf_fp_hex                           0x00000000   Number         0  stubs.o ABSOLUTE
    _printf_g                                0x00000000   Number         0  stubs.o ABSOLUTE
    _printf_i                                0x00000000   Number         0  stubs.o ABSOLUTE
    _printf_int_dec                          0x00000000   Number         0  stubs.o ABSOLUTE
    _printf_l                                0x00000000   Number         0  stubs.o ABSOLUTE
    _printf_lc                               0x00000000   Number         0  stubs.o ABSOLUTE
    _printf_ll                               0x00000000   Number         0  stubs.o ABSOLUTE
    _printf_lld                              0x00000000   Number         0  stubs.o ABSOLUTE
    _printf_lli                              0x00000000   Number         0  stubs.o ABSOLUTE
    _printf_llo                              0x00000000   Number         0  stubs.o ABSOLUTE
    _printf_llu                              0x00000000   Number         0  stubs.o ABSOLUTE
    _printf_llx                              0x00000000   Number         0  stubs.o ABSOLUTE
    _printf_longlong_dec                     0x00000000   Number         0  stubs.o ABSOLUTE
    _printf_longlong_hex                     0x00000000   Number         0  stubs.o ABSOLUTE
    _printf_longlong_oct                     0x00000000   Number         0  stubs.o ABSOLUTE
    _printf_ls                               0x00000000   Number         0  stubs.o ABSOLUTE
    _printf_mbtowc                           0x00000000   Number         0  stubs.o ABSOLUTE
    _printf_n                                0x00000000   Number         0  stubs.o ABSOLUTE
    _printf_o                                0x00000000   Number         0  stubs.o ABSOLUTE
    _printf_p                                0x00000000   Number         0  stubs.o ABSOLUTE
    _printf_percent                          0x00000000   Number         0  stubs.o ABSOLUTE
    _printf_pre_padding                      0x00000000   Number         0  stubs.o ABSOLUTE
    _printf_return_value                     0x00000000   Number         0  stubs.o ABSOLUTE
    _printf_s                                0x00000000   Number         0  stubs.o ABSOLUTE
    _printf_sizespec                         0x00000000   Number         0  stubs.o ABSOLUTE
    _printf_str                              0x00000000   Number         0  stubs.o ABSOLUTE
    _printf_truncate_signed                  0x00000000   Number         0  stubs.o ABSOLUTE
    _printf_truncate_unsigned                0x00000000   Number         0  stubs.o ABSOLUTE
    _printf_u                                0x00000000   Number         0  stubs.o ABSOLUTE
    _printf_wc                               0x00000000   Number         0  stubs.o ABSOLUTE
    _printf_wctomb                           0x00000000   Number         0  stubs.o ABSOLUTE
    _printf_widthprec                        0x00000000   Number         0  stubs.o ABSOLUTE
    _printf_x                                0x00000000   Number         0  stubs.o ABSOLUTE
    __cpp_initialize__aeabi_                  - Undefined Weak Reference
    __cxa_finalize                            - Undefined Weak Reference
    __decompress                              - Undefined Weak Reference
    _clock_init                               - Undefined Weak Reference
    _microlib_exit                            - Undefined Weak Reference
    __Vectors_Size                           0x000002cc   Number         0  startup_stm32h723xx.o ABSOLUTE
    __Vectors                                0x08000000   Data           4  startup_stm32h723xx.o(RESET)
    __Vectors_End                            0x080002cc   Data           0  startup_stm32h723xx.o(RESET)
    __main                                   0x080002cd   Thumb Code     0  entry.o(.ARM.Collect$$$$00000000)
    _main_stk                                0x080002cd   Thumb Code     0  entry2.o(.ARM.Collect$$$$00000001)
    _main_scatterload                        0x080002d1   Thumb Code     0  entry5.o(.ARM.Collect$$$$00000004)
    __main_after_scatterload                 0x080002d5   Thumb Code     0  entry5.o(.ARM.Collect$$$$00000004)
    _main_clock                              0x080002d5   Thumb Code     0  entry7b.o(.ARM.Collect$$$$00000008)
    _main_cpp_init                           0x080002d5   Thumb Code     0  entry8b.o(.ARM.Collect$$$$0000000A)
    _main_init                               0x080002d5   Thumb Code     0  entry9a.o(.ARM.Collect$$$$0000000B)
    __rt_final_cpp                           0x080002dd   Thumb Code     0  entry10a.o(.ARM.Collect$$$$0000000D)
    __rt_final_exit                          0x080002dd   Thumb Code     0  entry11a.o(.ARM.Collect$$$$0000000F)
    Reset_Handler                            0x080002e1   Thumb Code     8  startup_stm32h723xx.o(.text)
    ADC3_IRQHandler                          0x080002fb   Thumb Code     0  startup_stm32h723xx.o(.text)
    ADC_IRQHandler                           0x080002fb   Thumb Code     0  startup_stm32h723xx.o(.text)
    BDMA_Channel0_IRQHandler                 0x080002fb   Thumb Code     0  startup_stm32h723xx.o(.text)
    BDMA_Channel1_IRQHandler                 0x080002fb   Thumb Code     0  startup_stm32h723xx.o(.text)
    BDMA_Channel2_IRQHandler                 0x080002fb   Thumb Code     0  startup_stm32h723xx.o(.text)
    BDMA_Channel3_IRQHandler                 0x080002fb   Thumb Code     0  startup_stm32h723xx.o(.text)
    BDMA_Channel4_IRQHandler                 0x080002fb   Thumb Code     0  startup_stm32h723xx.o(.text)
    BDMA_Channel5_IRQHandler                 0x080002fb   Thumb Code     0  startup_stm32h723xx.o(.text)
    BDMA_Channel6_IRQHandler                 0x080002fb   Thumb Code     0  startup_stm32h723xx.o(.text)
    BDMA_Channel7_IRQHandler                 0x080002fb   Thumb Code     0  startup_stm32h723xx.o(.text)
    CEC_IRQHandler                           0x080002fb   Thumb Code     0  startup_stm32h723xx.o(.text)
    COMP1_IRQHandler                         0x080002fb   Thumb Code     0  startup_stm32h723xx.o(.text)
    CORDIC_IRQHandler                        0x080002fb   Thumb Code     0  startup_stm32h723xx.o(.text)
    CRS_IRQHandler                           0x080002fb   Thumb Code     0  startup_stm32h723xx.o(.text)
    DCMI_PSSI_IRQHandler                     0x080002fb   Thumb Code     0  startup_stm32h723xx.o(.text)
    DFSDM1_FLT0_IRQHandler                   0x080002fb   Thumb Code     0  startup_stm32h723xx.o(.text)
    DFSDM1_FLT1_IRQHandler                   0x080002fb   Thumb Code     0  startup_stm32h723xx.o(.text)
    DFSDM1_FLT2_IRQHandler                   0x080002fb   Thumb Code     0  startup_stm32h723xx.o(.text)
    DFSDM1_FLT3_IRQHandler                   0x080002fb   Thumb Code     0  startup_stm32h723xx.o(.text)
    DMA1_Stream0_IRQHandler                  0x080002fb   Thumb Code     0  startup_stm32h723xx.o(.text)
    DMA1_Stream1_IRQHandler                  0x080002fb   Thumb Code     0  startup_stm32h723xx.o(.text)
    DMA1_Stream2_IRQHandler                  0x080002fb   Thumb Code     0  startup_stm32h723xx.o(.text)
    DMA1_Stream3_IRQHandler                  0x080002fb   Thumb Code     0  startup_stm32h723xx.o(.text)
    DMA1_Stream4_IRQHandler                  0x080002fb   Thumb Code     0  startup_stm32h723xx.o(.text)
    DMA1_Stream5_IRQHandler                  0x080002fb   Thumb Code     0  startup_stm32h723xx.o(.text)
    DMA1_Stream6_IRQHandler                  0x080002fb   Thumb Code     0  startup_stm32h723xx.o(.text)
    DMA1_Stream7_IRQHandler                  0x080002fb   Thumb Code     0  startup_stm32h723xx.o(.text)
    DMA2D_IRQHandler                         0x080002fb   Thumb Code     0  startup_stm32h723xx.o(.text)
    DMA2_Stream0_IRQHandler                  0x080002fb   Thumb Code     0  startup_stm32h723xx.o(.text)
    DMA2_Stream1_IRQHandler                  0x080002fb   Thumb Code     0  startup_stm32h723xx.o(.text)
    DMA2_Stream2_IRQHandler                  0x080002fb   Thumb Code     0  startup_stm32h723xx.o(.text)
    DMA2_Stream3_IRQHandler                  0x080002fb   Thumb Code     0  startup_stm32h723xx.o(.text)
    DMA2_Stream4_IRQHandler                  0x080002fb   Thumb Code     0  startup_stm32h723xx.o(.text)
    DMA2_Stream5_IRQHandler                  0x080002fb   Thumb Code     0  startup_stm32h723xx.o(.text)
    DMA2_Stream6_IRQHandler                  0x080002fb   Thumb Code     0  startup_stm32h723xx.o(.text)
    DMA2_Stream7_IRQHandler                  0x080002fb   Thumb Code     0  startup_stm32h723xx.o(.text)
    DMAMUX1_OVR_IRQHandler                   0x080002fb   Thumb Code     0  startup_stm32h723xx.o(.text)
    DMAMUX2_OVR_IRQHandler                   0x080002fb   Thumb Code     0  startup_stm32h723xx.o(.text)
    DTS_IRQHandler                           0x080002fb   Thumb Code     0  startup_stm32h723xx.o(.text)
    ECC_IRQHandler                           0x080002fb   Thumb Code     0  startup_stm32h723xx.o(.text)
    ETH_IRQHandler                           0x080002fb   Thumb Code     0  startup_stm32h723xx.o(.text)
    ETH_WKUP_IRQHandler                      0x080002fb   Thumb Code     0  startup_stm32h723xx.o(.text)
    EXTI0_IRQHandler                         0x080002fb   Thumb Code     0  startup_stm32h723xx.o(.text)
    EXTI15_10_IRQHandler                     0x080002fb   Thumb Code     0  startup_stm32h723xx.o(.text)
    EXTI1_IRQHandler                         0x080002fb   Thumb Code     0  startup_stm32h723xx.o(.text)
    EXTI2_IRQHandler                         0x080002fb   Thumb Code     0  startup_stm32h723xx.o(.text)
    EXTI3_IRQHandler                         0x080002fb   Thumb Code     0  startup_stm32h723xx.o(.text)
    EXTI4_IRQHandler                         0x080002fb   Thumb Code     0  startup_stm32h723xx.o(.text)
    EXTI9_5_IRQHandler                       0x080002fb   Thumb Code     0  startup_stm32h723xx.o(.text)
    FDCAN1_IT0_IRQHandler                    0x080002fb   Thumb Code     0  startup_stm32h723xx.o(.text)
    FDCAN1_IT1_IRQHandler                    0x080002fb   Thumb Code     0  startup_stm32h723xx.o(.text)
    FDCAN2_IT0_IRQHandler                    0x080002fb   Thumb Code     0  startup_stm32h723xx.o(.text)
    FDCAN2_IT1_IRQHandler                    0x080002fb   Thumb Code     0  startup_stm32h723xx.o(.text)
    FDCAN3_IT0_IRQHandler                    0x080002fb   Thumb Code     0  startup_stm32h723xx.o(.text)
    FDCAN3_IT1_IRQHandler                    0x080002fb   Thumb Code     0  startup_stm32h723xx.o(.text)
    FDCAN_CAL_IRQHandler                     0x080002fb   Thumb Code     0  startup_stm32h723xx.o(.text)
    FLASH_IRQHandler                         0x080002fb   Thumb Code     0  startup_stm32h723xx.o(.text)
    FMAC_IRQHandler                          0x080002fb   Thumb Code     0  startup_stm32h723xx.o(.text)
    FMC_IRQHandler                           0x080002fb   Thumb Code     0  startup_stm32h723xx.o(.text)
    FPU_IRQHandler                           0x080002fb   Thumb Code     0  startup_stm32h723xx.o(.text)
    HSEM1_IRQHandler                         0x080002fb   Thumb Code     0  startup_stm32h723xx.o(.text)
    I2C1_ER_IRQHandler                       0x080002fb   Thumb Code     0  startup_stm32h723xx.o(.text)
    I2C1_EV_IRQHandler                       0x080002fb   Thumb Code     0  startup_stm32h723xx.o(.text)
    I2C2_ER_IRQHandler                       0x080002fb   Thumb Code     0  startup_stm32h723xx.o(.text)
    I2C2_EV_IRQHandler                       0x080002fb   Thumb Code     0  startup_stm32h723xx.o(.text)
    I2C3_ER_IRQHandler                       0x080002fb   Thumb Code     0  startup_stm32h723xx.o(.text)
    I2C3_EV_IRQHandler                       0x080002fb   Thumb Code     0  startup_stm32h723xx.o(.text)
    I2C4_ER_IRQHandler                       0x080002fb   Thumb Code     0  startup_stm32h723xx.o(.text)
    I2C4_EV_IRQHandler                       0x080002fb   Thumb Code     0  startup_stm32h723xx.o(.text)
    I2C5_ER_IRQHandler                       0x080002fb   Thumb Code     0  startup_stm32h723xx.o(.text)
    I2C5_EV_IRQHandler                       0x080002fb   Thumb Code     0  startup_stm32h723xx.o(.text)
    LPTIM1_IRQHandler                        0x080002fb   Thumb Code     0  startup_stm32h723xx.o(.text)
    LPTIM2_IRQHandler                        0x080002fb   Thumb Code     0  startup_stm32h723xx.o(.text)
    LPTIM3_IRQHandler                        0x080002fb   Thumb Code     0  startup_stm32h723xx.o(.text)
    LPTIM4_IRQHandler                        0x080002fb   Thumb Code     0  startup_stm32h723xx.o(.text)
    LPTIM5_IRQHandler                        0x080002fb   Thumb Code     0  startup_stm32h723xx.o(.text)
    LPUART1_IRQHandler                       0x080002fb   Thumb Code     0  startup_stm32h723xx.o(.text)
    LTDC_ER_IRQHandler                       0x080002fb   Thumb Code     0  startup_stm32h723xx.o(.text)
    LTDC_IRQHandler                          0x080002fb   Thumb Code     0  startup_stm32h723xx.o(.text)
    MDIOS_IRQHandler                         0x080002fb   Thumb Code     0  startup_stm32h723xx.o(.text)
    MDIOS_WKUP_IRQHandler                    0x080002fb   Thumb Code     0  startup_stm32h723xx.o(.text)
    MDMA_IRQHandler                          0x080002fb   Thumb Code     0  startup_stm32h723xx.o(.text)
    OCTOSPI1_IRQHandler                      0x080002fb   Thumb Code     0  startup_stm32h723xx.o(.text)
    OCTOSPI2_IRQHandler                      0x080002fb   Thumb Code     0  startup_stm32h723xx.o(.text)
    OTG_HS_EP1_IN_IRQHandler                 0x080002fb   Thumb Code     0  startup_stm32h723xx.o(.text)
    OTG_HS_EP1_OUT_IRQHandler                0x080002fb   Thumb Code     0  startup_stm32h723xx.o(.text)
    OTG_HS_IRQHandler                        0x080002fb   Thumb Code     0  startup_stm32h723xx.o(.text)
    OTG_HS_WKUP_IRQHandler                   0x080002fb   Thumb Code     0  startup_stm32h723xx.o(.text)
    PVD_AVD_IRQHandler                       0x080002fb   Thumb Code     0  startup_stm32h723xx.o(.text)
    RCC_IRQHandler                           0x080002fb   Thumb Code     0  startup_stm32h723xx.o(.text)
    RNG_IRQHandler                           0x080002fb   Thumb Code     0  startup_stm32h723xx.o(.text)
    RTC_Alarm_IRQHandler                     0x080002fb   Thumb Code     0  startup_stm32h723xx.o(.text)
    RTC_WKUP_IRQHandler                      0x080002fb   Thumb Code     0  startup_stm32h723xx.o(.text)
    SAI1_IRQHandler                          0x080002fb   Thumb Code     0  startup_stm32h723xx.o(.text)
    SAI4_IRQHandler                          0x080002fb   Thumb Code     0  startup_stm32h723xx.o(.text)
    SDMMC2_IRQHandler                        0x080002fb   Thumb Code     0  startup_stm32h723xx.o(.text)
    SPDIF_RX_IRQHandler                      0x080002fb   Thumb Code     0  startup_stm32h723xx.o(.text)
    SPI1_IRQHandler                          0x080002fb   Thumb Code     0  startup_stm32h723xx.o(.text)
    SPI2_IRQHandler                          0x080002fb   Thumb Code     0  startup_stm32h723xx.o(.text)
    SPI3_IRQHandler                          0x080002fb   Thumb Code     0  startup_stm32h723xx.o(.text)
    SPI4_IRQHandler                          0x080002fb   Thumb Code     0  startup_stm32h723xx.o(.text)
    SPI5_IRQHandler                          0x080002fb   Thumb Code     0  startup_stm32h723xx.o(.text)
    SPI6_IRQHandler                          0x080002fb   Thumb Code     0  startup_stm32h723xx.o(.text)
    SWPMI1_IRQHandler                        0x080002fb   Thumb Code     0  startup_stm32h723xx.o(.text)
    TAMP_STAMP_IRQHandler                    0x080002fb   Thumb Code     0  startup_stm32h723xx.o(.text)
    TIM15_IRQHandler                         0x080002fb   Thumb Code     0  startup_stm32h723xx.o(.text)
    TIM16_IRQHandler                         0x080002fb   Thumb Code     0  startup_stm32h723xx.o(.text)
    TIM17_IRQHandler                         0x080002fb   Thumb Code     0  startup_stm32h723xx.o(.text)
    TIM1_BRK_IRQHandler                      0x080002fb   Thumb Code     0  startup_stm32h723xx.o(.text)
    TIM1_CC_IRQHandler                       0x080002fb   Thumb Code     0  startup_stm32h723xx.o(.text)
    TIM1_TRG_COM_IRQHandler                  0x080002fb   Thumb Code     0  startup_stm32h723xx.o(.text)
    TIM1_UP_IRQHandler                       0x080002fb   Thumb Code     0  startup_stm32h723xx.o(.text)
    TIM23_IRQHandler                         0x080002fb   Thumb Code     0  startup_stm32h723xx.o(.text)
    TIM24_IRQHandler                         0x080002fb   Thumb Code     0  startup_stm32h723xx.o(.text)
    TIM2_IRQHandler                          0x080002fb   Thumb Code     0  startup_stm32h723xx.o(.text)
    TIM3_IRQHandler                          0x080002fb   Thumb Code     0  startup_stm32h723xx.o(.text)
    TIM4_IRQHandler                          0x080002fb   Thumb Code     0  startup_stm32h723xx.o(.text)
    TIM5_IRQHandler                          0x080002fb   Thumb Code     0  startup_stm32h723xx.o(.text)
    TIM6_DAC_IRQHandler                      0x080002fb   Thumb Code     0  startup_stm32h723xx.o(.text)
    TIM7_IRQHandler                          0x080002fb   Thumb Code     0  startup_stm32h723xx.o(.text)
    TIM8_BRK_TIM12_IRQHandler                0x080002fb   Thumb Code     0  startup_stm32h723xx.o(.text)
    TIM8_CC_IRQHandler                       0x080002fb   Thumb Code     0  startup_stm32h723xx.o(.text)
    TIM8_TRG_COM_TIM14_IRQHandler            0x080002fb   Thumb Code     0  startup_stm32h723xx.o(.text)
    TIM8_UP_TIM13_IRQHandler                 0x080002fb   Thumb Code     0  startup_stm32h723xx.o(.text)
    UART4_IRQHandler                         0x080002fb   Thumb Code     0  startup_stm32h723xx.o(.text)
    UART5_IRQHandler                         0x080002fb   Thumb Code     0  startup_stm32h723xx.o(.text)
    UART7_IRQHandler                         0x080002fb   Thumb Code     0  startup_stm32h723xx.o(.text)
    UART8_IRQHandler                         0x080002fb   Thumb Code     0  startup_stm32h723xx.o(.text)
    UART9_IRQHandler                         0x080002fb   Thumb Code     0  startup_stm32h723xx.o(.text)
    USART10_IRQHandler                       0x080002fb   Thumb Code     0  startup_stm32h723xx.o(.text)
    USART1_IRQHandler                        0x080002fb   Thumb Code     0  startup_stm32h723xx.o(.text)
    USART2_IRQHandler                        0x080002fb   Thumb Code     0  startup_stm32h723xx.o(.text)
    USART3_IRQHandler                        0x080002fb   Thumb Code     0  startup_stm32h723xx.o(.text)
    USART6_IRQHandler                        0x080002fb   Thumb Code     0  startup_stm32h723xx.o(.text)
    WAKEUP_PIN_IRQHandler                    0x080002fb   Thumb Code     0  startup_stm32h723xx.o(.text)
    WWDG_IRQHandler                          0x080002fb   Thumb Code     0  startup_stm32h723xx.o(.text)
    __aeabi_uldivmod                         0x08000305   Thumb Code    98  uldiv.o(.text)
    ___aeabi_memcpy4$move                    0x08000367   Thumb Code     0  memmovea.o(.text)
    ___aeabi_memcpy8$move                    0x08000367   Thumb Code     0  memmovea.o(.text)
    __aeabi_memcpy                           0x08000367   Thumb Code    64  memmovea.o(.text)
    __aeabi_memmove                          0x08000367   Thumb Code     0  memmovea.o(.text)
    __aeabi_memmove4                         0x08000367   Thumb Code     0  memmovea.o(.text)
    __aeabi_memmove8                         0x08000367   Thumb Code     0  memmovea.o(.text)
    __aeabi_memset                           0x080003a7   Thumb Code    14  memseta.o(.text)
    __aeabi_memset4                          0x080003a7   Thumb Code     0  memseta.o(.text)
    __aeabi_memset8                          0x080003a7   Thumb Code     0  memseta.o(.text)
    __aeabi_memclr                           0x080003b5   Thumb Code     4  memseta.o(.text)
    __aeabi_memclr4                          0x080003b5   Thumb Code     0  memseta.o(.text)
    __aeabi_memclr8                          0x080003b5   Thumb Code     0  memseta.o(.text)
    _memset$wrapper                          0x080003b9   Thumb Code    18  memseta.o(.text)
    __aeabi_uidiv                            0x080003cb   Thumb Code     0  uidiv.o(.text)
    __aeabi_uidivmod                         0x080003cb   Thumb Code    44  uidiv.o(.text)
    __aeabi_llsl                             0x080003f7   Thumb Code    30  llshl.o(.text)
    _ll_shift_l                              0x080003f7   Thumb Code     0  llshl.o(.text)
    __aeabi_llsr                             0x08000415   Thumb Code    32  llushr.o(.text)
    _ll_ushift_r                             0x08000415   Thumb Code     0  llushr.o(.text)
    __I$use$fp                               0x08000435   Thumb Code     0  iusefp.o(.text)
    __aeabi_dadd                             0x08000435   Thumb Code   322  dadd.o(.text)
    __aeabi_dsub                             0x08000577   Thumb Code     6  dadd.o(.text)
    __aeabi_drsub                            0x0800057d   Thumb Code     6  dadd.o(.text)
    __aeabi_dmul                             0x08000583   Thumb Code   228  dmul.o(.text)
    __aeabi_ddiv                             0x08000667   Thumb Code   222  ddiv.o(.text)
    __aeabi_d2ulz                            0x08000745   Thumb Code    48  dfixul.o(.text)
    __aeabi_cdrcmple                         0x08000775   Thumb Code    48  cdrcmple.o(.text)
    __scatterload                            0x080007a5   Thumb Code    28  init.o(.text)
    __scatterload_rt2                        0x080007a5   Thumb Code     0  init.o(.text)
    __aeabi_lasr                             0x080007c9   Thumb Code    36  llsshr.o(.text)
    _ll_sshift_r                             0x080007c9   Thumb Code     0  llsshr.o(.text)
    _double_round                            0x080007ed   Thumb Code    30  depilogue.o(.text)
    _double_epilogue                         0x0800080b   Thumb Code   156  depilogue.o(.text)
    BSP_SD_GetCardInfo                       0x080008a9   Thumb Code    32  sdmmc_sd.o(.text.BSP_SD_GetCardInfo)
    BSP_SD_GetCardState                      0x080008c5   Thumb Code    28  sdmmc_sd.o(.text.BSP_SD_GetCardState)
    BSP_SD_Init                              0x080008dd   Thumb Code   200  sdmmc_sd.o(.text.BSP_SD_Init)
    BSP_SD_ReadBlocks                        0x080009a1   Thumb Code    44  sdmmc_sd.o(.text.BSP_SD_ReadBlocks)
    BSP_SD_ReadCpltCallback                  0x080009c9   Thumb Code     2  sdmmc_sd.o(.text.BSP_SD_ReadCpltCallback)
    BSP_SD_WriteBlocks                       0x080009cd   Thumb Code    44  sdmmc_sd.o(.text.BSP_SD_WriteBlocks)
    BSP_SD_WriteCpltCallback                 0x080009f9   Thumb Code     2  sdmmc_sd.o(.text.BSP_SD_WriteCpltCallback)
    BusFault_Handler                         0x080009fb   Thumb Code     2  stm32h7xx_it.o(.text.BusFault_Handler)
    DebugMon_Handler                         0x080009fd   Thumb Code     2  stm32h7xx_it.o(.text.DebugMon_Handler)
    FATFS_LinkDriver                         0x080009ff   Thumb Code     6  ff_gen_drv.o(.text.FATFS_LinkDriver)
    FATFS_LinkDriverEx                       0x08000a05   Thumb Code    80  ff_gen_drv.o(.text.FATFS_LinkDriverEx)
    FatFs_Check                              0x08000a55   Thumb Code   200  main.o(.text.FatFs_Check)
    FatFs_FileTest                           0x08000b1d   Thumb Code   384  main.o(.text.FatFs_FileTest)
    FatFs_GetVolume                          0x08000c9d   Thumb Code   172  main.o(.text.FatFs_GetVolume)
    HAL_Delay                                0x08000d49   Thumb Code    36  stm32h7xx_hal.o(.text.HAL_Delay)
    HAL_GPIO_Init                            0x08000d69   Thumb Code   400  stm32h7xx_hal_gpio.o(.text.HAL_GPIO_Init)
    HAL_GPIO_TogglePin                       0x08000ef5   Thumb Code    16  stm32h7xx_hal_gpio.o(.text.HAL_GPIO_TogglePin)
    HAL_GPIO_WritePin                        0x08000f05   Thumb Code    10  stm32h7xx_hal_gpio.o(.text.HAL_GPIO_WritePin)
    HAL_GetTick                              0x08000f11   Thumb Code    12  stm32h7xx_hal.o(.text.HAL_GetTick)
    HAL_IncTick                              0x08000f19   Thumb Code    24  stm32h7xx_hal.o(.text.HAL_IncTick)
    HAL_Init                                 0x08000f2d   Thumb Code    92  stm32h7xx_hal.o(.text.HAL_Init)
    HAL_InitTick                             0x08000f81   Thumb Code    72  stm32h7xx_hal.o(.text.HAL_InitTick)
    HAL_MspInit                              0x08000fc9   Thumb Code    32  stm32h7xx_hal_msp.o(.text.HAL_MspInit)
    HAL_NVIC_EnableIRQ                       0x08000fe9   Thumb Code    28  stm32h7xx_hal_cortex.o(.text.HAL_NVIC_EnableIRQ)
    HAL_NVIC_SetPriority                     0x08001005   Thumb Code    68  stm32h7xx_hal_cortex.o(.text.HAL_NVIC_SetPriority)
    HAL_NVIC_SetPriorityGrouping             0x08001045   Thumb Code    32  stm32h7xx_hal_cortex.o(.text.HAL_NVIC_SetPriorityGrouping)
    HAL_PWREx_ConfigSupply                   0x08001065   Thumb Code    72  stm32h7xx_hal_pwr_ex.o(.text.HAL_PWREx_ConfigSupply)
    HAL_RCCEx_GetD3PCLK1Freq                 0x080010ad   Thumb Code    36  stm32h7xx_hal_rcc_ex.o(.text.HAL_RCCEx_GetD3PCLK1Freq)
    HAL_RCCEx_GetPLL1ClockFreq               0x080010d1   Thumb Code   272  stm32h7xx_hal_rcc_ex.o(.text.HAL_RCCEx_GetPLL1ClockFreq)
    HAL_RCCEx_GetPLL2ClockFreq               0x080011e1   Thumb Code   268  stm32h7xx_hal_rcc_ex.o(.text.HAL_RCCEx_GetPLL2ClockFreq)
    HAL_RCCEx_GetPLL3ClockFreq               0x080012ed   Thumb Code   268  stm32h7xx_hal_rcc_ex.o(.text.HAL_RCCEx_GetPLL3ClockFreq)
    HAL_RCCEx_GetPeriphCLKFreq               0x080013f9   Thumb Code   620  stm32h7xx_hal_rcc_ex.o(.text.HAL_RCCEx_GetPeriphCLKFreq)
    HAL_RCCEx_PeriphCLKConfig                0x08001665   Thumb Code  2340  stm32h7xx_hal_rcc_ex.o(.text.HAL_RCCEx_PeriphCLKConfig)
    HAL_RCC_ClockConfig                      0x08001f89   Thumb Code   552  stm32h7xx_hal_rcc.o(.text.HAL_RCC_ClockConfig)
    HAL_RCC_GetHCLKFreq                      0x080021a1   Thumb Code    68  stm32h7xx_hal_rcc.o(.text.HAL_RCC_GetHCLKFreq)
    HAL_RCC_GetPCLK1Freq                     0x080021e1   Thumb Code    36  stm32h7xx_hal_rcc.o(.text.HAL_RCC_GetPCLK1Freq)
    HAL_RCC_GetPCLK2Freq                     0x080021fd   Thumb Code    36  stm32h7xx_hal_rcc.o(.text.HAL_RCC_GetPCLK2Freq)
    HAL_RCC_GetSysClockFreq                  0x08002221   Thumb Code   252  stm32h7xx_hal_rcc.o(.text.HAL_RCC_GetSysClockFreq)
    HAL_RCC_OscConfig                        0x0800231d   Thumb Code  1250  stm32h7xx_hal_rcc.o(.text.HAL_RCC_OscConfig)
    HAL_SDEx_Read_DMADoubleBuf0CpltCallback  0x080027ff   Thumb Code     2  stm32h7xx_hal_sd.o(.text.HAL_SDEx_Read_DMADoubleBuf0CpltCallback)
    HAL_SDEx_Read_DMADoubleBuf1CpltCallback  0x08002801   Thumb Code     2  stm32h7xx_hal_sd.o(.text.HAL_SDEx_Read_DMADoubleBuf1CpltCallback)
    HAL_SDEx_Write_DMADoubleBuf0CpltCallback 0x08002803   Thumb Code     2  stm32h7xx_hal_sd.o(.text.HAL_SDEx_Write_DMADoubleBuf0CpltCallback)
    HAL_SDEx_Write_DMADoubleBuf1CpltCallback 0x08002805   Thumb Code     2  stm32h7xx_hal_sd.o(.text.HAL_SDEx_Write_DMADoubleBuf1CpltCallback)
    HAL_SD_ConfigSpeedBusOperation           0x08002809   Thumb Code   184  stm32h7xx_hal_sd.o(.text.HAL_SD_ConfigSpeedBusOperation)
    HAL_SD_ConfigWideBusOperation            0x080028bd   Thumb Code   400  stm32h7xx_hal_sd.o(.text.HAL_SD_ConfigWideBusOperation)
    HAL_SD_ErrorCallback                     0x08002a49   Thumb Code     2  stm32h7xx_hal_sd.o(.text.HAL_SD_ErrorCallback)
    HAL_SD_GetCardCSD                        0x08002a4d   Thumb Code   396  stm32h7xx_hal_sd.o(.text.HAL_SD_GetCardCSD)
    HAL_SD_GetCardInfo                       0x08002bd9   Thumb Code    34  stm32h7xx_hal_sd.o(.text.HAL_SD_GetCardInfo)
    HAL_SD_GetCardState                      0x08002bfb   Thumb Code    40  stm32h7xx_hal_sd.o(.text.HAL_SD_GetCardState)
    HAL_SD_GetCardStatus                     0x08002c25   Thumb Code   396  stm32h7xx_hal_sd.o(.text.HAL_SD_GetCardStatus)
    HAL_SD_IRQHandler                        0x08002dad   Thumb Code   604  stm32h7xx_hal_sd.o(.text.HAL_SD_IRQHandler)
    HAL_SD_Init                              0x08003009   Thumb Code   154  stm32h7xx_hal_sd.o(.text.HAL_SD_Init)
    HAL_SD_InitCard                          0x080030a5   Thumb Code   644  stm32h7xx_hal_sd.o(.text.HAL_SD_InitCard)
    HAL_SD_MspInit                           0x08003325   Thumb Code     2  stm32h7xx_hal_sd.o(.text.HAL_SD_MspInit)
    HAL_SD_ReadBlocks                        0x08003329   Thumb Code   428  stm32h7xx_hal_sd.o(.text.HAL_SD_ReadBlocks)
    HAL_SD_RxCpltCallback                    0x080034cd   Thumb Code    16  sdmmc_sd.o(.text.HAL_SD_RxCpltCallback)
    HAL_SD_TxCpltCallback                    0x080034d9   Thumb Code    16  sdmmc_sd.o(.text.HAL_SD_TxCpltCallback)
    HAL_SD_WriteBlocks                       0x080034e9   Thumb Code   440  stm32h7xx_hal_sd.o(.text.HAL_SD_WriteBlocks)
    HAL_SYSTICK_Config                       0x080036a1   Thumb Code    40  stm32h7xx_hal_cortex.o(.text.HAL_SYSTICK_Config)
    HAL_UARTEx_DisableFifoMode               0x080036c9   Thumb Code    54  stm32h7xx_hal_uart_ex.o(.text.HAL_UARTEx_DisableFifoMode)
    HAL_UARTEx_SetRxFifoThreshold            0x080036ff   Thumb Code    74  stm32h7xx_hal_uart_ex.o(.text.HAL_UARTEx_SetRxFifoThreshold)
    HAL_UARTEx_SetTxFifoThreshold            0x08003749   Thumb Code    74  stm32h7xx_hal_uart_ex.o(.text.HAL_UARTEx_SetTxFifoThreshold)
    HAL_UART_Init                            0x08003793   Thumb Code   100  stm32h7xx_hal_uart.o(.text.HAL_UART_Init)
    HAL_UART_MspInit                         0x080037f9   Thumb Code   144  usart.o(.text.HAL_UART_MspInit)
    HAL_UART_Transmit                        0x08003885   Thumb Code   188  stm32h7xx_hal_uart.o(.text.HAL_UART_Transmit)
    HardFault_Handler                        0x08003941   Thumb Code     2  stm32h7xx_it.o(.text.HardFault_Handler)
    LED_Init                                 0x08003945   Thumb Code    72  led.o(.text.LED_Init)
    MX_SDMMC1_SD_Init                        0x0800398d   Thumb Code    40  sdmmc_sd.o(.text.MX_SDMMC1_SD_Init)
    MemManage_Handler                        0x080039b5   Thumb Code     2  stm32h7xx_it.o(.text.MemManage_Handler)
    NMI_Handler                              0x080039b7   Thumb Code     2  stm32h7xx_it.o(.text.NMI_Handler)
    PendSV_Handler                           0x080039b9   Thumb Code     2  stm32h7xx_it.o(.text.PendSV_Handler)
    SDMMC1_IRQHandler                        0x08003bc1   Thumb Code     6  stm32h7xx_it.o(.text.SDMMC1_IRQHandler)
    SDMMC_CmdAppCommand                      0x08003bc7   Thumb Code    50  stm32h7xx_ll_sdmmc.o(.text.SDMMC_CmdAppCommand)
    SDMMC_CmdAppOperCommand                  0x08003bf9   Thumb Code    44  stm32h7xx_ll_sdmmc.o(.text.SDMMC_CmdAppOperCommand)
    SDMMC_CmdBlockLength                     0x08003c25   Thumb Code    50  stm32h7xx_ll_sdmmc.o(.text.SDMMC_CmdBlockLength)
    SDMMC_CmdBusWidth                        0x08003c57   Thumb Code    50  stm32h7xx_ll_sdmmc.o(.text.SDMMC_CmdBusWidth)
    SDMMC_CmdGoIdleState                     0x08003c89   Thumb Code    84  stm32h7xx_ll_sdmmc.o(.text.SDMMC_CmdGoIdleState)
    SDMMC_CmdOperCond                        0x08003cdd   Thumb Code    48  stm32h7xx_ll_sdmmc.o(.text.SDMMC_CmdOperCond)
    SDMMC_CmdReadMultiBlock                  0x08003d0d   Thumb Code    50  stm32h7xx_ll_sdmmc.o(.text.SDMMC_CmdReadMultiBlock)
    SDMMC_CmdReadSingleBlock                 0x08003d3f   Thumb Code    50  stm32h7xx_ll_sdmmc.o(.text.SDMMC_CmdReadSingleBlock)
    SDMMC_CmdSelDesel                        0x08003d71   Thumb Code    50  stm32h7xx_ll_sdmmc.o(.text.SDMMC_CmdSelDesel)
    SDMMC_CmdSendCID                         0x08003da3   Thumb Code    44  stm32h7xx_ll_sdmmc.o(.text.SDMMC_CmdSendCID)
    SDMMC_CmdSendCSD                         0x08003dcf   Thumb Code    44  stm32h7xx_ll_sdmmc.o(.text.SDMMC_CmdSendCSD)
    SDMMC_CmdSendSCR                         0x08003dfb   Thumb Code    50  stm32h7xx_ll_sdmmc.o(.text.SDMMC_CmdSendSCR)
    SDMMC_CmdSendStatus                      0x08003e2d   Thumb Code    50  stm32h7xx_ll_sdmmc.o(.text.SDMMC_CmdSendStatus)
    SDMMC_CmdSetRelAdd                       0x08003e5f   Thumb Code    50  stm32h7xx_ll_sdmmc.o(.text.SDMMC_CmdSetRelAdd)
    SDMMC_CmdStatusRegister                  0x08003e91   Thumb Code    50  stm32h7xx_ll_sdmmc.o(.text.SDMMC_CmdStatusRegister)
    SDMMC_CmdStopTransfer                    0x08003ec5   Thumb Code    88  stm32h7xx_ll_sdmmc.o(.text.SDMMC_CmdStopTransfer)
    SDMMC_CmdSwitch                          0x08003f1d   Thumb Code    50  stm32h7xx_ll_sdmmc.o(.text.SDMMC_CmdSwitch)
    SDMMC_CmdWriteMultiBlock                 0x08003f4f   Thumb Code    50  stm32h7xx_ll_sdmmc.o(.text.SDMMC_CmdWriteMultiBlock)
    SDMMC_CmdWriteSingleBlock                0x08003f81   Thumb Code    50  stm32h7xx_ll_sdmmc.o(.text.SDMMC_CmdWriteSingleBlock)
    SDMMC_ConfigData                         0x08003fb3   Thumb Code    42  stm32h7xx_ll_sdmmc.o(.text.SDMMC_ConfigData)
    SDMMC_GetCmdResp1                        0x08003fdd   Thumb Code   292  stm32h7xx_ll_sdmmc.o(.text.SDMMC_GetCmdResp1)
    SDMMC_GetCmdResp2                        0x080040fd   Thumb Code    84  stm32h7xx_ll_sdmmc.o(.text.SDMMC_GetCmdResp2)
    SDMMC_GetCmdResp3                        0x08004149   Thumb Code    72  stm32h7xx_ll_sdmmc.o(.text.SDMMC_GetCmdResp3)
    SDMMC_GetCmdResp6                        0x0800418d   Thumb Code   144  stm32h7xx_ll_sdmmc.o(.text.SDMMC_GetCmdResp6)
    SDMMC_GetCmdResp7                        0x08004219   Thumb Code    88  stm32h7xx_ll_sdmmc.o(.text.SDMMC_GetCmdResp7)
    SDMMC_GetPowerState                      0x08004271   Thumb Code     8  stm32h7xx_ll_sdmmc.o(.text.SDMMC_GetPowerState)
    SDMMC_GetResponse                        0x08004279   Thumb Code     6  stm32h7xx_ll_sdmmc.o(.text.SDMMC_GetResponse)
    SDMMC_Init                               0x08004281   Thumb Code    40  stm32h7xx_ll_sdmmc.o(.text.SDMMC_Init)
    SDMMC_PowerState_ON                      0x080042a9   Thumb Code    14  stm32h7xx_ll_sdmmc.o(.text.SDMMC_PowerState_ON)
    SDMMC_ReadFIFO                           0x080042b7   Thumb Code     6  stm32h7xx_ll_sdmmc.o(.text.SDMMC_ReadFIFO)
    SDMMC_SendCommand                        0x080042bd   Thumb Code    44  stm32h7xx_ll_sdmmc.o(.text.SDMMC_SendCommand)
    SDMMC_WriteFIFO                          0x080042e9   Thumb Code    12  stm32h7xx_ll_sdmmc.o(.text.SDMMC_WriteFIFO)
    SD_initialize                            0x080044d5   Thumb Code    32  sd_diskio.o(.text.SD_initialize)
    SD_ioctl                                 0x080044f1   Thumb Code    92  sd_diskio.o(.text.SD_ioctl)
    SD_read                                  0x0800454d   Thumb Code    30  sd_diskio.o(.text.SD_read)
    SD_status                                0x0800456b   Thumb Code     4  sd_diskio.o(.text.SD_status)
    SD_write                                 0x0800456f   Thumb Code    30  sd_diskio.o(.text.SD_write)
    SVC_Handler                              0x0800458d   Thumb Code     2  stm32h7xx_it.o(.text.SVC_Handler)
    SysTick_Handler                          0x0800458f   Thumb Code     4  stm32h7xx_it.o(.text.SysTick_Handler)
    SystemClock_Config                       0x08004595   Thumb Code   204  main.o(.text.SystemClock_Config)
    SystemInit                               0x08004661   Thumb Code   152  system_stm32h7xx.o(.text.SystemInit)
    UART_AdvFeatureConfig                    0x0800474d   Thumb Code   198  stm32h7xx_hal_uart.o(.text.UART_AdvFeatureConfig)
    UART_CheckIdleState                      0x08004815   Thumb Code   180  stm32h7xx_hal_uart.o(.text.UART_CheckIdleState)
    UART_SetConfig                           0x08004925   Thumb Code  1008  stm32h7xx_hal_uart.o(.text.UART_SetConfig)
    UART_WaitOnFlagUntilTimeout              0x08004d15   Thumb Code   146  stm32h7xx_hal_uart.o(.text.UART_WaitOnFlagUntilTimeout)
    USART1_Init                              0x08004da9   Thumb Code    76  usart.o(.text.USART1_Init)
    UsageFault_Handler                       0x08004df5   Thumb Code     2  stm32h7xx_it.o(.text.UsageFault_Handler)
    arm_bitreversal_f32                      0x08004e1d   Thumb Code   186  arm_bitreversal.o(.text.arm_bitreversal_f32)
    arm_cfft_radix4_f32                      0x08004ed7   Thumb Code    64  arm_cfft_radix4_f32.o(.text.arm_cfft_radix4_f32)
    arm_cfft_radix4_init_f32                 0x08004f19   Thumb Code   148  arm_cfft_radix4_init_f32.o(.text.arm_cfft_radix4_init_f32)
    arm_cmplx_mag_f32                        0x08004fad   Thumb Code   312  arm_cmplx_mag_f32.o(.text.arm_cmplx_mag_f32)
    arm_convolve_HWC_q7_RGB                  0x080050e5   Thumb Code   440  arm_convolve_hwc_q7_rgb.o(.text.arm_convolve_HWC_q7_RGB)
    arm_convolve_HWC_q7_fast                 0x0800529d   Thumb Code  1100  arm_convolve_hwc_q7_fast.o(.text.arm_convolve_HWC_q7_fast)
    arm_cos_f32                              0x080056e9   Thumb Code   144  arm_cos_f32.o(.text.arm_cos_f32)
    arm_fully_connected_q7_opt               0x08005779   Thumb Code   602  arm_fully_connected_q7_opt.o(.text.arm_fully_connected_q7_opt)
    arm_maxpool_q7_HWC                       0x080059d3   Thumb Code   242  arm_pool_q7_hwc.o(.text.arm_maxpool_q7_HWC)
    arm_nn_mat_mult_kernel_q7_q15            0x08005ac5   Thumb Code   656  arm_nn_mat_mult_kernel_q7_q15.o(.text.arm_nn_mat_mult_kernel_q7_q15)
    arm_nn_mat_mult_kernel_q7_q15_reordered  0x08005d55   Thumb Code   404  arm_nn_mat_mult_kernel_q7_q15_reordered.o(.text.arm_nn_mat_mult_kernel_q7_q15_reordered)
    arm_q7_to_q15_reordered_no_shift         0x08005ee9   Thumb Code    70  arm_q7_to_q15_reordered_no_shift.o(.text.arm_q7_to_q15_reordered_no_shift)
    arm_radix4_butterfly_f32                 0x08005f31   Thumb Code   806  arm_cfft_radix4_f32.o(.text.arm_radix4_butterfly_f32)
    arm_radix4_butterfly_inverse_f32         0x08006259   Thumb Code   852  arm_cfft_radix4_f32.o(.text.arm_radix4_butterfly_inverse_f32)
    arm_relu_q7                              0x080065ad   Thumb Code    70  arm_relu_q7.o(.text.arm_relu_q7)
    arm_sin_f32                              0x080065f5   Thumb Code   140  arm_sin_f32.o(.text.arm_sin_f32)
    arm_softmax_q7                           0x08006681   Thumb Code   128  arm_softmax_q7.o(.text.arm_softmax_q7)
    disk_initialize                          0x08006f51   Thumb Code    32  diskio.o(.text.disk_initialize)
    disk_ioctl                               0x08006f6d   Thumb Code    24  diskio.o(.text.disk_ioctl)
    disk_read                                0x08006f81   Thumb Code    32  diskio.o(.text.disk_read)
    disk_status                              0x08006f9d   Thumb Code    20  diskio.o(.text.disk_status)
    disk_write                               0x08006fad   Thumb Code    32  diskio.o(.text.disk_write)
    f_close                                  0x08006fcd   Thumb Code    28  ff.o(.text.f_close)
    f_getfree                                0x08006fe9   Thumb Code   214  ff.o(.text.f_getfree)
    f_mkfs                                   0x080070c1   Thumb Code  1572  ff.o(.text.f_mkfs)
    f_mount                                  0x080076e1   Thumb Code    76  ff.o(.text.f_mount)
    f_open                                   0x0800772d   Thumb Code   488  ff.o(.text.f_open)
    f_read                                   0x08007915   Thumb Code   370  ff.o(.text.f_read)
    f_sync                                   0x08007a87   Thumb Code   144  ff.o(.text.f_sync)
    f_write                                  0x08007b17   Thumb Code   418  ff.o(.text.f_write)
    ff_oem2uni                               0x08007cb9   Thumb Code    44  ffunicode.o(.text.ff_oem2uni)
    ff_uni2oem                               0x08007ce1   Thumb Code    52  ffunicode.o(.text.ff_uni2oem)
    ff_wtoupper                              0x08007d15   Thumb Code   136  ffunicode.o(.text.ff_wtoupper)
    fputc                                    0x08008315   Thumb Code    28  usart.o(.text.fputc)
    get_fattime                              0x08008419   Thumb Code     4  diskio.o(.text.get_fattime)
    main                                     0x08008489   Thumb Code  1084  main.o(.text.main)
    __0printf                                0x08008bed   Thumb Code    22  printfa.o(i.__0printf)
    __1printf                                0x08008bed   Thumb Code     0  printfa.o(i.__0printf)
    __2printf                                0x08008bed   Thumb Code     0  printfa.o(i.__0printf)
    __c89printf                              0x08008bed   Thumb Code     0  printfa.o(i.__0printf)
    printf                                   0x08008bed   Thumb Code     0  printfa.o(i.__0printf)
    __hardfp_sqrtf                           0x08008c0d   Thumb Code    58  sqrtf.o(i.__hardfp_sqrtf)
    __scatterload_copy                       0x08008c47   Thumb Code    14  handlers.o(i.__scatterload_copy)
    __scatterload_null                       0x08008c55   Thumb Code     2  handlers.o(i.__scatterload_null)
    __scatterload_zeroinit                   0x08008c57   Thumb Code    14  handlers.o(i.__scatterload_zeroinit)
    __set_errno                              0x08008c65   Thumb Code     6  errno.o(i.__set_errno)
    puts                                     0x08009525   Thumb Code    30  puts.o(i.puts)
    D1CorePrescTable                         0x08009548   Data          16  system_stm32h7xx.o(.rodata.D1CorePrescTable)
    SD_Driver                                0x080095e8   Data          20  sd_diskio.o(.rodata.SD_Driver)
    UARTPrescTable                           0x080095fc   Data          24  stm32h7xx_hal_uart.o(.rodata.UARTPrescTable)
    armBitRevTable                           0x08009614   Data        2048  arm_common_tables.o(.rodata.armBitRevTable)
    sinTable_f32                             0x08009e24   Data        2052  arm_common_tables.o(.rodata.sinTable_f32)
    twiddleCoef_4096                         0x0800ac20   Data       32768  arm_common_tables.o(.rodata.twiddleCoef_4096)
    Region$$Table$$Base                      0x08012d20   Number         0  anon$$obj.o(Region$$Table)
    Region$$Table$$Limit                     0x08012d40   Number         0  anon$$obj.o(Region$$Table)
    __stdout                                 0x24000000   Data           4  stdout.o(.data)
    uwTickFreq                               0x24000064   Data           1  stm32h7xx_hal.o(.data..L_MergedGlobals)
    uwTickPrio                               0x24000068   Data           4  stm32h7xx_hal.o(.data..L_MergedGlobals)
    SystemCoreClock                          0x2400006c   Data           4  system_stm32h7xx.o(.data..L_MergedGlobals)
    SystemD2Clock                            0x24000070   Data           4  system_stm32h7xx.o(.data..L_MergedGlobals)
    image_data                               0x24006dd5   Data        3072  main.o(.data.image_data)
    MyFile_Res                               0x24008de4   Data           1  main.o(.bss..L_MergedGlobals.48)
    SDPath                                   0x24008de5   Data           4  main.o(.bss..L_MergedGlobals.48)
    SD_FatFs                                 0x24008dec   Data        4152  main.o(.bss.SD_FatFs)
    col_buffer                               0x24009e24   Data        3200  main.o(.bss.col_buffer)
    disk                                     0x2400aaa4   Data          16  ff_gen_drv.o(.bss.disk)
    fft_inputbuf                             0x2400aab4   Data        8192  main.o(.bss.fft_inputbuf)
    fft_outputbuf                            0x2400cab4   Data        4096  main.o(.bss.fft_outputbuf)
    hsd_sdmmc                                0x2400dab4   Data         124  sdmmc_sd.o(.bss.hsd_sdmmc)
    huart1                                   0x2400db30   Data         148  usart.o(.bss.huart1)
    output_data                              0x2400dbc4   Data          10  main.o(.bss.output_data)
    scratch_buffer                           0x2400dbce   Data       40960  main.o(.bss.scratch_buffer)
    uwTick                                   0x24017bd0   Data           4  stm32h7xx_hal.o(.bss.uwTick)
    __initial_sp                             0x2401abd8   Data           0  startup_stm32h723xx.o(STACK)



==============================================================================

Memory Map of the image

  Image Entry point : 0x080002cd

  Load Region LR_IROM1 (Base: 0x08000000, Size: 0x0001bb18, Max: 0x00100000, ABSOLUTE)

    Execution Region ER_IROM1 (Exec base: 0x08000000, Load base: 0x08000000, Size: 0x00012d40, Max: 0x00100000, ABSOLUTE)

    Exec Addr    Load Addr    Size         Type   Attr      Idx    E Section Name        Object

    0x08000000   0x08000000   0x000002cc   Data   RO            3    RESET               startup_stm32h723xx.o
    0x080002cc   0x080002cc   0x00000000   Code   RO         2172  * .ARM.Collect$$$$00000000  mc_w.l(entry.o)
    0x080002cc   0x080002cc   0x00000004   Code   RO         2454    .ARM.Collect$$$$00000001  mc_w.l(entry2.o)
    0x080002d0   0x080002d0   0x00000004   Code   RO         2457    .ARM.Collect$$$$00000004  mc_w.l(entry5.o)
    0x080002d4   0x080002d4   0x00000000   Code   RO         2459    .ARM.Collect$$$$00000008  mc_w.l(entry7b.o)
    0x080002d4   0x080002d4   0x00000000   Code   RO         2461    .ARM.Collect$$$$0000000A  mc_w.l(entry8b.o)
    0x080002d4   0x080002d4   0x00000008   Code   RO         2462    .ARM.Collect$$$$0000000B  mc_w.l(entry9a.o)
    0x080002dc   0x080002dc   0x00000000   Code   RO         2464    .ARM.Collect$$$$0000000D  mc_w.l(entry10a.o)
    0x080002dc   0x080002dc   0x00000000   Code   RO         2466    .ARM.Collect$$$$0000000F  mc_w.l(entry11a.o)
    0x080002dc   0x080002dc   0x00000004   Code   RO         2455    .ARM.Collect$$$$00002712  mc_w.l(entry2.o)
    0x080002e0   0x080002e0   0x00000024   Code   RO            4    .text               startup_stm32h723xx.o
    0x08000304   0x08000304   0x00000062   Code   RO         2179    .text               mc_w.l(uldiv.o)
    0x08000366   0x08000366   0x00000040   Code   RO         2185    .text               mc_w.l(memmovea.o)
    0x080003a6   0x080003a6   0x00000024   Code   RO         2187    .text               mc_w.l(memseta.o)
    0x080003ca   0x080003ca   0x0000002c   Code   RO         2469    .text               mc_w.l(uidiv.o)
    0x080003f6   0x080003f6   0x0000001e   Code   RO         2471    .text               mc_w.l(llshl.o)
    0x08000414   0x08000414   0x00000020   Code   RO         2473    .text               mc_w.l(llushr.o)
    0x08000434   0x08000434   0x00000000   Code   RO         2482    .text               mc_w.l(iusefp.o)
    0x08000434   0x08000434   0x0000014e   Code   RO         2483    .text               mf_w.l(dadd.o)
    0x08000582   0x08000582   0x000000e4   Code   RO         2485    .text               mf_w.l(dmul.o)
    0x08000666   0x08000666   0x000000de   Code   RO         2487    .text               mf_w.l(ddiv.o)
    0x08000744   0x08000744   0x00000030   Code   RO         2489    .text               mf_w.l(dfixul.o)
    0x08000774   0x08000774   0x00000030   Code   RO         2491    .text               mf_w.l(cdrcmple.o)
    0x080007a4   0x080007a4   0x00000024   Code   RO         2493    .text               mc_w.l(init.o)
    0x080007c8   0x080007c8   0x00000024   Code   RO         2495    .text               mc_w.l(llsshr.o)
    0x080007ec   0x080007ec   0x000000ba   Code   RO         2497    .text               mf_w.l(depilogue.o)
    0x080008a6   0x080008a6   0x00000002   PAD
    0x080008a8   0x080008a8   0x0000001c   Code   RO          141    .text.BSP_SD_GetCardInfo  sdmmc_sd.o
    0x080008c4   0x080008c4   0x00000018   Code   RO          139    .text.BSP_SD_GetCardState  sdmmc_sd.o
    0x080008dc   0x080008dc   0x000000c4   Code   RO          111    .text.BSP_SD_Init   sdmmc_sd.o
    0x080009a0   0x080009a0   0x00000028   Code   RO          125    .text.BSP_SD_ReadBlocks  sdmmc_sd.o
    0x080009c8   0x080009c8   0x00000002   Code   RO          153    .text.BSP_SD_ReadCpltCallback  sdmmc_sd.o
    0x080009ca   0x080009ca   0x00000002   PAD
    0x080009cc   0x080009cc   0x0000002c   Code   RO          127    .text.BSP_SD_WriteBlocks  sdmmc_sd.o
    0x080009f8   0x080009f8   0x00000002   Code   RO          149    .text.BSP_SD_WriteCpltCallback  sdmmc_sd.o
    0x080009fa   0x080009fa   0x00000002   Code   RO           53    .text.BusFault_Handler  stm32h7xx_it.o
    0x080009fc   0x080009fc   0x00000002   Code   RO           59    .text.DebugMon_Handler  stm32h7xx_it.o
    0x080009fe   0x080009fe   0x00000006   Code   RO         1937    .text.FATFS_LinkDriver  ff_gen_drv.o
    0x08000a04   0x08000a04   0x00000050   Code   RO         1935    .text.FATFS_LinkDriverEx  ff_gen_drv.o
    0x08000a54   0x08000a54   0x000000c8   Code   RO           11    .text.FatFs_Check   main.o
    0x08000b1c   0x08000b1c   0x00000180   Code   RO           15    .text.FatFs_FileTest  main.o
    0x08000c9c   0x08000c9c   0x000000ac   Code   RO           13    .text.FatFs_GetVolume  main.o
    0x08000d48   0x08000d48   0x00000020   Code   RO          710    .text.HAL_Delay     stm32h7xx_hal.o
    0x08000d68   0x08000d68   0x0000018c   Code   RO          388    .text.HAL_GPIO_Init  stm32h7xx_hal_gpio.o
    0x08000ef4   0x08000ef4   0x00000010   Code   RO          396    .text.HAL_GPIO_TogglePin  stm32h7xx_hal_gpio.o
    0x08000f04   0x08000f04   0x0000000a   Code   RO          394    .text.HAL_GPIO_WritePin  stm32h7xx_hal_gpio.o
    0x08000f0e   0x08000f0e   0x00000002   PAD
    0x08000f10   0x08000f10   0x00000008   Code   RO          702    .text.HAL_GetTick   stm32h7xx_hal.o
    0x08000f18   0x08000f18   0x00000014   Code   RO          700    .text.HAL_IncTick   stm32h7xx_hal.o
    0x08000f2c   0x08000f2c   0x00000054   Code   RO          690    .text.HAL_Init      stm32h7xx_hal.o
    0x08000f80   0x08000f80   0x00000048   Code   RO          692    .text.HAL_InitTick  stm32h7xx_hal.o
    0x08000fc8   0x08000fc8   0x00000020   Code   RO           75    .text.HAL_MspInit   stm32h7xx_hal_msp.o
    0x08000fe8   0x08000fe8   0x0000001c   Code   RO          176    .text.HAL_NVIC_EnableIRQ  stm32h7xx_hal_cortex.o
    0x08001004   0x08001004   0x00000040   Code   RO          172    .text.HAL_NVIC_SetPriority  stm32h7xx_hal_cortex.o
    0x08001044   0x08001044   0x00000020   Code   RO          170    .text.HAL_NVIC_SetPriorityGrouping  stm32h7xx_hal_cortex.o
    0x08001064   0x08001064   0x00000048   Code   RO          605    .text.HAL_PWREx_ConfigSupply  stm32h7xx_hal_pwr_ex.o
    0x080010ac   0x080010ac   0x00000024   Code   RO          274    .text.HAL_RCCEx_GetD3PCLK1Freq  stm32h7xx_hal_rcc_ex.o
    0x080010d0   0x080010d0   0x00000110   Code   RO          268    .text.HAL_RCCEx_GetPLL1ClockFreq  stm32h7xx_hal_rcc_ex.o
    0x080011e0   0x080011e0   0x0000010c   Code   RO          270    .text.HAL_RCCEx_GetPLL2ClockFreq  stm32h7xx_hal_rcc_ex.o
    0x080012ec   0x080012ec   0x0000010c   Code   RO          272    .text.HAL_RCCEx_GetPLL3ClockFreq  stm32h7xx_hal_rcc_ex.o
    0x080013f8   0x080013f8   0x0000026c   Code   RO          266    .text.HAL_RCCEx_GetPeriphCLKFreq  stm32h7xx_hal_rcc_ex.o
    0x08001664   0x08001664   0x00000924   Code   RO          258    .text.HAL_RCCEx_PeriphCLKConfig  stm32h7xx_hal_rcc_ex.o
    0x08001f88   0x08001f88   0x00000218   Code   RO          225    .text.HAL_RCC_ClockConfig  stm32h7xx_hal_rcc.o
    0x080021a0   0x080021a0   0x00000040   Code   RO          235    .text.HAL_RCC_GetHCLKFreq  stm32h7xx_hal_rcc.o
    0x080021e0   0x080021e0   0x0000001c   Code   RO          237    .text.HAL_RCC_GetPCLK1Freq  stm32h7xx_hal_rcc.o
    0x080021fc   0x080021fc   0x00000024   Code   RO          239    .text.HAL_RCC_GetPCLK2Freq  stm32h7xx_hal_rcc.o
    0x08002220   0x08002220   0x000000fc   Code   RO          227    .text.HAL_RCC_GetSysClockFreq  stm32h7xx_hal_rcc.o
    0x0800231c   0x0800231c   0x000004e2   Code   RO          223    .text.HAL_RCC_OscConfig  stm32h7xx_hal_rcc.o
    0x080027fe   0x080027fe   0x00000002   Code   RO         1188    .text.HAL_SDEx_Read_DMADoubleBuf0CpltCallback  stm32h7xx_hal_sd.o
    0x08002800   0x08002800   0x00000002   Code   RO         1184    .text.HAL_SDEx_Read_DMADoubleBuf1CpltCallback  stm32h7xx_hal_sd.o
    0x08002802   0x08002802   0x00000002   Code   RO         1186    .text.HAL_SDEx_Write_DMADoubleBuf0CpltCallback  stm32h7xx_hal_sd.o
    0x08002804   0x08002804   0x00000002   Code   RO         1182    .text.HAL_SDEx_Write_DMADoubleBuf1CpltCallback  stm32h7xx_hal_sd.o
    0x08002806   0x08002806   0x00000002   PAD
    0x08002808   0x08002808   0x000000b4   Code   RO         1202    .text.HAL_SD_ConfigSpeedBusOperation  stm32h7xx_hal_sd.o
    0x080028bc   0x080028bc   0x0000018c   Code   RO         1152    .text.HAL_SD_ConfigWideBusOperation  stm32h7xx_hal_sd.o
    0x08002a48   0x08002a48   0x00000002   Code   RO         1176    .text.HAL_SD_ErrorCallback  stm32h7xx_hal_sd.o
    0x08002a4a   0x08002a4a   0x00000002   PAD
    0x08002a4c   0x08002a4c   0x0000018c   Code   RO         1198    .text.HAL_SD_GetCardCSD  stm32h7xx_hal_sd.o
    0x08002bd8   0x08002bd8   0x00000022   Code   RO         1200    .text.HAL_SD_GetCardInfo  stm32h7xx_hal_sd.o
    0x08002bfa   0x08002bfa   0x00000028   Code   RO         1154    .text.HAL_SD_GetCardState  stm32h7xx_hal_sd.o
    0x08002c22   0x08002c22   0x00000002   PAD
    0x08002c24   0x08002c24   0x00000188   Code   RO         1150    .text.HAL_SD_GetCardStatus  stm32h7xx_hal_sd.o
    0x08002dac   0x08002dac   0x0000025c   Code   RO         1174    .text.HAL_SD_IRQHandler  stm32h7xx_hal_sd.o
    0x08003008   0x08003008   0x0000009a   Code   RO         1144    .text.HAL_SD_Init   stm32h7xx_hal_sd.o
    0x080030a2   0x080030a2   0x00000002   PAD
    0x080030a4   0x080030a4   0x00000280   Code   RO         1148    .text.HAL_SD_InitCard  stm32h7xx_hal_sd.o
    0x08003324   0x08003324   0x00000002   Code   RO         1146    .text.HAL_SD_MspInit  stm32h7xx_hal_sd.o
    0x08003326   0x08003326   0x00000002   PAD
    0x08003328   0x08003328   0x000001a4   Code   RO         1160    .text.HAL_SD_ReadBlocks  stm32h7xx_hal_sd.o
    0x080034cc   0x080034cc   0x0000000c   Code   RO          151    .text.HAL_SD_RxCpltCallback  sdmmc_sd.o
    0x080034d8   0x080034d8   0x00000010   Code   RO          147    .text.HAL_SD_TxCpltCallback  sdmmc_sd.o
    0x080034e8   0x080034e8   0x000001b8   Code   RO         1162    .text.HAL_SD_WriteBlocks  stm32h7xx_hal_sd.o
    0x080036a0   0x080036a0   0x00000028   Code   RO          184    .text.HAL_SYSTICK_Config  stm32h7xx_hal_cortex.o
    0x080036c8   0x080036c8   0x00000036   Code   RO         1408    .text.HAL_UARTEx_DisableFifoMode  stm32h7xx_hal_uart_ex.o
    0x080036fe   0x080036fe   0x0000004a   Code   RO         1412    .text.HAL_UARTEx_SetRxFifoThreshold  stm32h7xx_hal_uart_ex.o
    0x08003748   0x08003748   0x0000004a   Code   RO         1410    .text.HAL_UARTEx_SetTxFifoThreshold  stm32h7xx_hal_uart_ex.o
    0x08003792   0x08003792   0x00000064   Code   RO         1240    .text.HAL_UART_Init  stm32h7xx_hal_uart.o
    0x080037f6   0x080037f6   0x00000002   PAD
    0x080037f8   0x080037f8   0x0000008c   Code   RO           95    .text.HAL_UART_MspInit  usart.o
    0x08003884   0x08003884   0x000000bc   Code   RO         1260    .text.HAL_UART_Transmit  stm32h7xx_hal_uart.o
    0x08003940   0x08003940   0x00000002   Code   RO           49    .text.HardFault_Handler  stm32h7xx_it.o
    0x08003942   0x08003942   0x00000002   PAD
    0x08003944   0x08003944   0x00000048   Code   RO           84    .text.LED_Init      led.o
    0x0800398c   0x0800398c   0x00000028   Code   RO          115    .text.MX_SDMMC1_SD_Init  sdmmc_sd.o
    0x080039b4   0x080039b4   0x00000002   Code   RO           51    .text.MemManage_Handler  stm32h7xx_it.o
    0x080039b6   0x080039b6   0x00000002   Code   RO           47    .text.NMI_Handler   stm32h7xx_it.o
    0x080039b8   0x080039b8   0x00000002   Code   RO           61    .text.PendSV_Handler  stm32h7xx_it.o
    0x080039ba   0x080039ba   0x00000002   PAD
    0x080039bc   0x080039bc   0x00000100   Code   RO          260    .text.RCCEx_PLL2_Config  stm32h7xx_hal_rcc_ex.o
    0x08003abc   0x08003abc   0x00000104   Code   RO          262    .text.RCCEx_PLL3_Config  stm32h7xx_hal_rcc_ex.o
    0x08003bc0   0x08003bc0   0x00000006   Code   RO           65    .text.SDMMC1_IRQHandler  stm32h7xx_it.o
    0x08003bc6   0x08003bc6   0x00000032   Code   RO         1084    .text.SDMMC_CmdAppCommand  stm32h7xx_ll_sdmmc.o
    0x08003bf8   0x08003bf8   0x0000002c   Code   RO         1086    .text.SDMMC_CmdAppOperCommand  stm32h7xx_ll_sdmmc.o
    0x08003c24   0x08003c24   0x00000032   Code   RO         1052    .text.SDMMC_CmdBlockLength  stm32h7xx_ll_sdmmc.o
    0x08003c56   0x08003c56   0x00000032   Code   RO         1090    .text.SDMMC_CmdBusWidth  stm32h7xx_ll_sdmmc.o
    0x08003c88   0x08003c88   0x00000054   Code   RO         1078    .text.SDMMC_CmdGoIdleState  stm32h7xx_ll_sdmmc.o
    0x08003cdc   0x08003cdc   0x00000030   Code   RO         1080    .text.SDMMC_CmdOperCond  stm32h7xx_ll_sdmmc.o
    0x08003d0c   0x08003d0c   0x00000032   Code   RO         1058    .text.SDMMC_CmdReadMultiBlock  stm32h7xx_ll_sdmmc.o
    0x08003d3e   0x08003d3e   0x00000032   Code   RO         1056    .text.SDMMC_CmdReadSingleBlock  stm32h7xx_ll_sdmmc.o
    0x08003d70   0x08003d70   0x00000032   Code   RO         1076    .text.SDMMC_CmdSelDesel  stm32h7xx_ll_sdmmc.o
    0x08003da2   0x08003da2   0x0000002c   Code   RO         1094    .text.SDMMC_CmdSendCID  stm32h7xx_ll_sdmmc.o
    0x08003dce   0x08003dce   0x0000002c   Code   RO         1098    .text.SDMMC_CmdSendCSD  stm32h7xx_ll_sdmmc.o
    0x08003dfa   0x08003dfa   0x00000032   Code   RO         1092    .text.SDMMC_CmdSendSCR  stm32h7xx_ll_sdmmc.o
    0x08003e2c   0x08003e2c   0x00000032   Code   RO         1108    .text.SDMMC_CmdSendStatus  stm32h7xx_ll_sdmmc.o
    0x08003e5e   0x08003e5e   0x00000032   Code   RO         1100    .text.SDMMC_CmdSetRelAdd  stm32h7xx_ll_sdmmc.o
    0x08003e90   0x08003e90   0x00000032   Code   RO         1110    .text.SDMMC_CmdStatusRegister  stm32h7xx_ll_sdmmc.o
    0x08003ec2   0x08003ec2   0x00000002   PAD
    0x08003ec4   0x08003ec4   0x00000058   Code   RO         1074    .text.SDMMC_CmdStopTransfer  stm32h7xx_ll_sdmmc.o
    0x08003f1c   0x08003f1c   0x00000032   Code   RO         1114    .text.SDMMC_CmdSwitch  stm32h7xx_ll_sdmmc.o
    0x08003f4e   0x08003f4e   0x00000032   Code   RO         1062    .text.SDMMC_CmdWriteMultiBlock  stm32h7xx_ll_sdmmc.o
    0x08003f80   0x08003f80   0x00000032   Code   RO         1060    .text.SDMMC_CmdWriteSingleBlock  stm32h7xx_ll_sdmmc.o
    0x08003fb2   0x08003fb2   0x0000002a   Code   RO         1044    .text.SDMMC_ConfigData  stm32h7xx_ll_sdmmc.o
    0x08003fdc   0x08003fdc   0x00000120   Code   RO         1054    .text.SDMMC_GetCmdResp1  stm32h7xx_ll_sdmmc.o
    0x080040fc   0x080040fc   0x0000004c   Code   RO         1096    .text.SDMMC_GetCmdResp2  stm32h7xx_ll_sdmmc.o
    0x08004148   0x08004148   0x00000044   Code   RO         1088    .text.SDMMC_GetCmdResp3  stm32h7xx_ll_sdmmc.o
    0x0800418c   0x0800418c   0x0000008c   Code   RO         1102    .text.SDMMC_GetCmdResp6  stm32h7xx_ll_sdmmc.o
    0x08004218   0x08004218   0x00000058   Code   RO         1082    .text.SDMMC_GetCmdResp7  stm32h7xx_ll_sdmmc.o
    0x08004270   0x08004270   0x00000008   Code   RO         1036    .text.SDMMC_GetPowerState  stm32h7xx_ll_sdmmc.o
    0x08004278   0x08004278   0x00000006   Code   RO         1042    .text.SDMMC_GetResponse  stm32h7xx_ll_sdmmc.o
    0x0800427e   0x0800427e   0x00000002   PAD
    0x08004280   0x08004280   0x00000028   Code   RO         1024    .text.SDMMC_Init    stm32h7xx_ll_sdmmc.o
    0x080042a8   0x080042a8   0x0000000e   Code   RO         1030    .text.SDMMC_PowerState_ON  stm32h7xx_ll_sdmmc.o
    0x080042b6   0x080042b6   0x00000006   Code   RO         1026    .text.SDMMC_ReadFIFO  stm32h7xx_ll_sdmmc.o
    0x080042bc   0x080042bc   0x0000002c   Code   RO         1038    .text.SDMMC_SendCommand  stm32h7xx_ll_sdmmc.o
    0x080042e8   0x080042e8   0x0000000c   Code   RO         1028    .text.SDMMC_WriteFIFO  stm32h7xx_ll_sdmmc.o
    0x080042f4   0x080042f4   0x0000001c   Code   RO         1982    .text.SD_CheckStatus  sd_diskio.o
    0x08004310   0x08004310   0x000000d0   Code   RO         1210    .text.SD_FindSCR    stm32h7xx_hal_sd.o
    0x080043e0   0x080043e0   0x000000f4   Code   RO         1204    .text.SD_SwitchSpeed  stm32h7xx_hal_sd.o
    0x080044d4   0x080044d4   0x0000001c   Code   RO         1972    .text.SD_initialize  sd_diskio.o
    0x080044f0   0x080044f0   0x0000005c   Code   RO         1980    .text.SD_ioctl      sd_diskio.o
    0x0800454c   0x0800454c   0x0000001e   Code   RO         1976    .text.SD_read       sd_diskio.o
    0x0800456a   0x0800456a   0x00000004   Code   RO         1974    .text.SD_status     sd_diskio.o
    0x0800456e   0x0800456e   0x0000001e   Code   RO         1978    .text.SD_write      sd_diskio.o
    0x0800458c   0x0800458c   0x00000002   Code   RO           57    .text.SVC_Handler   stm32h7xx_it.o
    0x0800458e   0x0800458e   0x00000004   Code   RO           63    .text.SysTick_Handler  stm32h7xx_it.o
    0x08004592   0x08004592   0x00000002   PAD
    0x08004594   0x08004594   0x000000cc   Code   RO           17    .text.SystemClock_Config  main.o
    0x08004660   0x08004660   0x00000098   Code   RO         1432    .text.SystemInit    system_stm32h7xx.o
    0x080046f8   0x080046f8   0x00000054   Code   RO         1406    .text.UARTEx_SetNbDataToProcess  stm32h7xx_hal_uart_ex.o
    0x0800474c   0x0800474c   0x000000c6   Code   RO         1246    .text.UART_AdvFeatureConfig  stm32h7xx_hal_uart.o
    0x08004812   0x08004812   0x00000002   PAD
    0x08004814   0x08004814   0x000000b4   Code   RO         1248    .text.UART_CheckIdleState  stm32h7xx_hal_uart.o
    0x080048c8   0x080048c8   0x0000005c   Code   RO         1300    .text.UART_EndRxTransfer  stm32h7xx_hal_uart.o
    0x08004924   0x08004924   0x000003f0   Code   RO         1244    .text.UART_SetConfig  stm32h7xx_hal_uart.o
    0x08004d14   0x08004d14   0x00000092   Code   RO         1262    .text.UART_WaitOnFlagUntilTimeout  stm32h7xx_hal_uart.o
    0x08004da6   0x08004da6   0x00000002   PAD
    0x08004da8   0x08004da8   0x0000004c   Code   RO           97    .text.USART1_Init   usart.o
    0x08004df4   0x08004df4   0x00000002   Code   RO           55    .text.UsageFault_Handler  stm32h7xx_it.o
    0x08004df6   0x08004df6   0x00000002   PAD
    0x08004df8   0x08004df8   0x00000024   Code   RO          174    .text.__NVIC_SetPriority  stm32h7xx_hal_cortex.o
    0x08004e1c   0x08004e1c   0x000000ba   Code   RO         2051    .text.arm_bitreversal_f32  arm_cortexM7lfdp_math.lib(arm_bitreversal.o)
    0x08004ed6   0x08004ed6   0x00000040   Code   RO         2026    .text.arm_cfft_radix4_f32  arm_cortexM7lfdp_math.lib(arm_cfft_radix4_f32.o)
    0x08004f16   0x08004f16   0x00000002   PAD
    0x08004f18   0x08004f18   0x00000094   Code   RO         2041    .text.arm_cfft_radix4_init_f32  arm_cortexM7lfdp_math.lib(arm_cfft_radix4_init_f32.o)
    0x08004fac   0x08004fac   0x00000138   Code   RO         2015    .text.arm_cmplx_mag_f32  arm_cortexM7lfdp_math.lib(arm_cmplx_mag_f32.o)
    0x080050e4   0x080050e4   0x000001b8   Code   RO         1542    .text.arm_convolve_HWC_q7_RGB  arm_convolve_hwc_q7_rgb.o
    0x0800529c   0x0800529c   0x0000044c   Code   RO         1520    .text.arm_convolve_HWC_q7_fast  arm_convolve_hwc_q7_fast.o
    0x080056e8   0x080056e8   0x00000090   Code   RO         1995    .text.arm_cos_f32   arm_cortexM7lfdp_math.lib(arm_cos_f32.o)
    0x08005778   0x08005778   0x0000025a   Code   RO         1674    .text.arm_fully_connected_q7_opt  arm_fully_connected_q7_opt.o
    0x080059d2   0x080059d2   0x000000f2   Code   RO         1761    .text.arm_maxpool_q7_HWC  arm_pool_q7_hwc.o
    0x08005ac4   0x08005ac4   0x00000290   Code   RO         1619    .text.arm_nn_mat_mult_kernel_q7_q15  arm_nn_mat_mult_kernel_q7_q15.o
    0x08005d54   0x08005d54   0x00000194   Code   RO         1630    .text.arm_nn_mat_mult_kernel_q7_q15_reordered  arm_nn_mat_mult_kernel_q7_q15_reordered.o
    0x08005ee8   0x08005ee8   0x00000046   Code   RO         1751    .text.arm_q7_to_q15_reordered_no_shift  arm_q7_to_q15_reordered_no_shift.o
    0x08005f2e   0x08005f2e   0x00000002   PAD
    0x08005f30   0x08005f30   0x00000326   Code   RO         2030    .text.arm_radix4_butterfly_f32  arm_cortexM7lfdp_math.lib(arm_cfft_radix4_f32.o)
    0x08006256   0x08006256   0x00000002   PAD
    0x08006258   0x08006258   0x00000354   Code   RO         2028    .text.arm_radix4_butterfly_inverse_f32  arm_cortexM7lfdp_math.lib(arm_cfft_radix4_f32.o)
    0x080065ac   0x080065ac   0x00000046   Code   RO         1467    .text.arm_relu_q7   arm_relu_q7.o
    0x080065f2   0x080065f2   0x00000002   PAD
    0x080065f4   0x080065f4   0x0000008c   Code   RO         2005    .text.arm_sin_f32   arm_cortexM7lfdp_math.lib(arm_sin_f32.o)
    0x08006680   0x08006680   0x00000080   Code   RO         1778    .text.arm_softmax_q7  arm_softmax_q7.o
    0x08006700   0x08006700   0x00000070   Code   RO         1911    .text.check_fs      ff.o
    0x08006770   0x08006770   0x00000018   Code   RO         1845    .text.clst2sect     ff.o
    0x08006788   0x08006788   0x000000a2   Code   RO         1763    .text.compare_and_replace_if_larger_q7  arm_pool_q7_hwc.o
    0x0800682a   0x0800682a   0x00000120   Code   RO         1855    .text.create_chain  ff.o
    0x0800694a   0x0800694a   0x00000050   Code   RO         1893    .text.dir_clear     ff.o
    0x0800699a   0x0800699a   0x00000002   PAD
    0x0800699c   0x0800699c   0x00000178   Code   RO         1915    .text.dir_find      ff.o
    0x08006b14   0x08006b14   0x000000e0   Code   RO         1877    .text.dir_next      ff.o
    0x08006bf4   0x08006bf4   0x000002b4   Code   RO         1829    .text.dir_register  ff.o
    0x08006ea8   0x08006ea8   0x000000a8   Code   RO         1867    .text.dir_sdi       ff.o
    0x08006f50   0x08006f50   0x0000001c   Code   RO         1800    .text.disk_initialize  diskio.o
    0x08006f6c   0x08006f6c   0x00000014   Code   RO         1806    .text.disk_ioctl    diskio.o
    0x08006f80   0x08006f80   0x0000001c   Code   RO         1802    .text.disk_read     diskio.o
    0x08006f9c   0x08006f9c   0x00000010   Code   RO         1798    .text.disk_status   diskio.o
    0x08006fac   0x08006fac   0x00000020   Code   RO         1804    .text.disk_write    diskio.o
    0x08006fcc   0x08006fcc   0x0000001c   Code   RO         1861    .text.f_close       ff.o
    0x08006fe8   0x08006fe8   0x000000d6   Code   RO         1881    .text.f_getfree     ff.o
    0x080070be   0x080070be   0x00000002   PAD
    0x080070c0   0x080070c0   0x00000620   Code   RO         1897    .text.f_mkfs        ff.o
    0x080076e0   0x080076e0   0x0000004c   Code   RO         1819    .text.f_mount       ff.o
    0x0800772c   0x0800772c   0x000001e8   Code   RO         1825    .text.f_open        ff.o
    0x08007914   0x08007914   0x00000172   Code   RO         1847    .text.f_read        ff.o
    0x08007a86   0x08007a86   0x00000090   Code   RO         1857    .text.f_sync        ff.o
    0x08007b16   0x08007b16   0x000001a2   Code   RO         1853    .text.f_write       ff.o
    0x08007cb8   0x08007cb8   0x00000028   Code   RO         1957    .text.ff_oem2uni    ffunicode.o
    0x08007ce0   0x08007ce0   0x00000034   Code   RO         1955    .text.ff_uni2oem    ffunicode.o
    0x08007d14   0x08007d14   0x00000088   Code   RO         1959    .text.ff_wtoupper   ffunicode.o
    0x08007d9c   0x08007d9c   0x00000284   Code   RO         1823    .text.find_volume   ff.o
    0x08008020   0x08008020   0x000002f4   Code   RO         1827    .text.follow_path   ff.o
    0x08008314   0x08008314   0x0000001c   Code   RO           99    .text.fputc         usart.o
    0x08008330   0x08008330   0x000000e8   Code   RO         1843    .text.get_fat       ff.o
    0x08008418   0x08008418   0x00000004   Code   RO         1808    .text.get_fattime   diskio.o
    0x0800841c   0x0800841c   0x00000048   Code   RO         1821    .text.get_ldnumber  ff.o
    0x08008464   0x08008464   0x0000001e   Code   RO         1831    .text.ld_clust      ff.o
    0x08008482   0x08008482   0x00000004   Code   RO         1841    .text.ld_dword      ff.o
    0x08008486   0x08008486   0x00000002   PAD
    0x08008488   0x08008488   0x0000043c   Code   RO           21    .text.main          main.o
    0x080088c4   0x080088c4   0x00000020   Code   RO         1913    .text.mem_cmp       ff.o
    0x080088e4   0x080088e4   0x00000014   Code   RO         1851    .text.mem_cpy       ff.o
    0x080088f8   0x080088f8   0x00000036   Code   RO         1839    .text.move_window   ff.o
    0x0800892e   0x0800892e   0x0000011e   Code   RO         1919    .text.put_fat       ff.o
    0x08008a4c   0x08008a4c   0x0000006c   Code   RO         1837    .text.remove_chain  ff.o
    0x08008ab8   0x08008ab8   0x00000018   Code   RO         1835    .text.st_clust      ff.o
    0x08008ad0   0x08008ad0   0x00000010   Code   RO         1833    .text.st_dword      ff.o
    0x08008ae0   0x08008ae0   0x0000001a   Code   RO         1917    .text.sum_sfn       ff.o
    0x08008afa   0x08008afa   0x00000002   PAD
    0x08008afc   0x08008afc   0x00000078   Code   RO         1859    .text.sync_fs       ff.o
    0x08008b74   0x08008b74   0x00000044   Code   RO         1891    .text.sync_window   ff.o
    0x08008bb8   0x08008bb8   0x00000032   Code   RO         1849    .text.validate      ff.o
    0x08008bea   0x08008bea   0x00000002   PAD
    0x08008bec   0x08008bec   0x00000020   Code   RO         2426    i.__0printf         mc_w.l(printfa.o)
    0x08008c0c   0x08008c0c   0x0000003a   Code   RO         2160    i.__hardfp_sqrtf    m_wv.l(sqrtf.o)
    0x08008c46   0x08008c46   0x0000000e   Code   RO         2501    i.__scatterload_copy  mc_w.l(handlers.o)
    0x08008c54   0x08008c54   0x00000002   Code   RO         2502    i.__scatterload_null  mc_w.l(handlers.o)
    0x08008c56   0x08008c56   0x0000000e   Code   RO         2503    i.__scatterload_zeroinit  mc_w.l(handlers.o)
    0x08008c64   0x08008c64   0x0000000c   Code   RO         2477    i.__set_errno       mc_w.l(errno.o)
    0x08008c70   0x08008c70   0x00000184   Code   RO         2433    i._fp_digits        mc_w.l(printfa.o)
    0x08008df4   0x08008df4   0x000006dc   Code   RO         2434    i._printf_core      mc_w.l(printfa.o)
    0x080094d0   0x080094d0   0x00000024   Code   RO         2435    i._printf_post_padding  mc_w.l(printfa.o)
    0x080094f4   0x080094f4   0x0000002e   Code   RO         2436    i._printf_pre_padding  mc_w.l(printfa.o)
    0x08009522   0x08009522   0x00000002   PAD
    0x08009524   0x08009524   0x00000024   Code   RO         2175    i.puts              mc_w.l(puts.o)
    0x08009548   0x08009548   0x00000010   Data   RO         1436    .rodata.D1CorePrescTable  system_stm32h7xx.o
    0x08009558   0x08009558   0x00000080   Data   RO         1923    .rodata.ExCvt       ff.o
    0x080095d8   0x080095d8   0x0000000d   Data   RO         1924    .rodata.LfnOfs      ff.o
    0x080095e5   0x080095e5   0x00000003   PAD
    0x080095e8   0x080095e8   0x00000014   Data   RO         1984    .rodata.SD_Driver   sd_diskio.o
    0x080095fc   0x080095fc   0x00000018   Data   RO         1378    .rodata.UARTPrescTable  stm32h7xx_hal_uart.o
    0x08009614   0x08009614   0x00000800   Data   RO         2066    .rodata.armBitRevTable  arm_cortexM7lfdp_math.lib(arm_common_tables.o)
    0x08009e14   0x08009e14   0x00000010   Data   RO         1422    .rodata.cst8        stm32h7xx_hal_uart_ex.o
    0x08009e24   0x08009e24   0x00000804   Data   RO         2152    .rodata.sinTable_f32  arm_cortexM7lfdp_math.lib(arm_common_tables.o)
    0x0800a628   0x0800a628   0x000002ea   Data   RO           25    .rodata.str1.1      main.o
    0x0800a912   0x0800a912   0x00000044   Data   RO         1922    .rodata.str1.1      ff.o
    0x0800a956   0x0800a956   0x0000001c   Data   RO         1921    .rodata.str2.2      ff.o
    0x0800a972   0x0800a972   0x000002ae   Data   RO         1962    .rodata.str2.2      ffunicode.o
    0x0800ac20   0x0800ac20   0x00008000   Data   RO         2075    .rodata.twiddleCoef_4096  arm_cortexM7lfdp_math.lib(arm_common_tables.o)
    0x08012c20   0x08012c20   0x00000100   Data   RO         1961    .rodata.uc437       ffunicode.o
    0x08012d20   0x08012d20   0x00000020   Data   RO         2500    Region$$Table       anon$$obj.o


    Execution Region RW_IRAM1 (Exec base: 0x20000000, Load base: 0x08012d40, Size: 0x00000000, Max: 0x00020000, ABSOLUTE)

    **** No section assigned to this execution region ****


    Execution Region RW_IRAM2 (Exec base: 0x24000000, Load base: 0x08012d40, Size: 0x0001abd8, Max: 0x00050000, ABSOLUTE)

    Exec Addr    Load Addr    Size         Type   Attr      Idx    E Section Name        Object

    0x24000000   0x08012d40   0x00000004   Data   RW         2468    .data               mc_w.l(stdout.o)
    0x24000004   0x08012d44   0x00000004   Data   RW         2478    .data               mc_w.l(errno.o)
    0x24000008   0x08012d48   0x0000005a   Data   RW           36    .data..L_MergedGlobals  main.o
    0x24000062   0x08012da2   0x00000002   PAD
    0x24000064   0x08012da4   0x00000008   Data   RW          799    .data..L_MergedGlobals  stm32h7xx_hal.o
    0x2400006c   0x08012dac   0x00000008   Data   RW         1437    .data..L_MergedGlobals  system_stm32h7xx.o
    0x24000074   0x08012db4   0x00000001   Data   RW         1985    .data.Stat          sd_diskio.o
    0x24000075   0x08012db5   0x00000960   Data   RW           29    .data.conv1_wt      main.o
    0x240009d5   0x08013715   0x00003200   Data   RW           31    .data.conv2_wt      main.o
    0x24003bd5   0x08016915   0x00003200   Data   RW           32    .data.conv3_wt      main.o
    0x24006dd5   0x08019b15   0x00000c00   Data   RW           23    .data.image_data    main.o
    0x240079d5   0x0801a715   0x00001400   Data   RW           33    .data.ip1_wt        main.o
    0x24008dd5   0x0801bb15   0x00000003   PAD
    0x24008dd8        -       0x0000000c   Zero   RW         1925    .bss..L_MergedGlobals  ff.o
    0x24008de4        -       0x00000005   Zero   RW           37    .bss..L_MergedGlobals.48  main.o
    0x24008de9   0x0801bb15   0x00000003   PAD
    0x24008dec        -       0x00001038   Zero   RW           24    .bss.SD_FatFs       main.o
    0x24009e24        -       0x00000c80   Zero   RW           30    .bss.col_buffer     main.o
    0x2400aaa4        -       0x00000010   Zero   RW         1945    .bss.disk           ff_gen_drv.o
    0x2400aab4        -       0x00002000   Zero   RW           26    .bss.fft_inputbuf   main.o
    0x2400cab4        -       0x00001000   Zero   RW           27    .bss.fft_outputbuf  main.o
    0x2400dab4        -       0x0000007c   Zero   RW          159    .bss.hsd_sdmmc      sdmmc_sd.o
    0x2400db30        -       0x00000094   Zero   RW          101    .bss.huart1         usart.o
    0x2400dbc4        -       0x0000000a   Zero   RW           34    .bss.output_data    main.o
    0x2400dbce        -       0x0000a000   Zero   RW           28    .bss.scratch_buffer  main.o
    0x24017bce   0x0801bb15   0x00000002   PAD
    0x24017bd0        -       0x00000004   Zero   RW          798    .bss.uwTick         stm32h7xx_hal.o
    0x24017bd4   0x0801bb15   0x00000004   PAD
    0x24017bd8        -       0x00003000   Zero   RW            1    STACK               startup_stm32h723xx.o


==============================================================================

Image component sizes


      Code (inc. data)   RO Data    RW Data    ZI Data      Debug   Object Name

      1100          4          0          0          0       4657   arm_convolve_hwc_q7_fast.o
       440          4          0          0          0       3836   arm_convolve_hwc_q7_rgb.o
       602          0          0          0          0       4212   arm_fully_connected_q7_opt.o
       656          0          0          0          0       4729   arm_nn_mat_mult_kernel_q7_q15.o
       404          0          0          0          0       3302   arm_nn_mat_mult_kernel_q7_q15_reordered.o
       404          0          0          0          0       5507   arm_pool_q7_hwc.o
        70          0          0          0          0       1465   arm_q7_to_q15_reordered_no_shift.o
        70          0          0          0          0       1541   arm_relu_q7.o
       128          0          0          0          0       1500   arm_softmax_q7.o
       128          4          0          0          0       1805   diskio.o
      7812        128        237          0         12      44178   ff.o
        86          4          0          0         16       2426   ff_gen_drv.o
       228         22        942          0          0       1872   ffunicode.o
        72          8          0          0          0       2935   led.o
      2044        612        746      36282      60615      10472   main.o
       212          8         20          1          0       3085   sd_diskio.o
       404         20          0          0        124      13344   sdmmc_sd.o
        36          8        716          0      12288        892   startup_stm32h723xx.o
       216         20          0          8          4      15562   stm32h7xx_hal.o
       200         28          0          0          0      11767   stm32h7xx_hal_cortex.o
       422         16          0          0          0       6789   stm32h7xx_hal_gpio.o
        32          4          0          0          0       2271   stm32h7xx_hal_msp.o
        72          4          0          0          0       9322   stm32h7xx_hal_pwr_ex.o
      2166         64          0          0          0      10626   stm32h7xx_hal_rcc.o
      4320        240          0          0          0      17163   stm32h7xx_hal_rcc_ex.o
      4160         56          0          0          0      23179   stm32h7xx_hal_sd.o
      1912        172         24          0          0      31876   stm32h7xx_hal_uart.o
       286          8         16          0          0       9663   stm32h7xx_hal_uart_ex.o
        26          0          0          0          0       1158   stm32h7xx_it.o
      1834         36          0          0          0      15231   stm32h7xx_ll_sdmmc.o
       152         32         16          8          0       5103   system_stm32h7xx.o
       244         20          0          0        148       6804   usart.o

    ----------------------------------------------------------------------
     30984       1522       2752      36304      73216     278272   Object Totals
         0          0         32          0          0          0   (incl. Generated)
        46          0          3          5          9          0   (incl. Padding)

    ----------------------------------------------------------------------

      Code (inc. data)   RO Data    RW Data    ZI Data      Debug   Library Member Name

       186          0          0          0          0       2608   arm_bitreversal.o
      1722          0          0          0          0       8704   arm_cfft_radix4_f32.o
       148         20          0          0          0       1568   arm_cfft_radix4_init_f32.o
       312          0          0          0          0       2017   arm_cmplx_mag_f32.o
         0          0      36868          0          0       4961   arm_common_tables.o
       144         12          0          0          0       1111   arm_cos_f32.o
       140         12          0          0          0       1098   arm_sin_f32.o
        58          0          0          0          0        136   sqrtf.o
         0          0          0          0          0          0   entry.o
         0          0          0          0          0          0   entry10a.o
         0          0          0          0          0          0   entry11a.o
         8          4          0          0          0          0   entry2.o
         4          0          0          0          0          0   entry5.o
         0          0          0          0          0          0   entry7b.o
         0          0          0          0          0          0   entry8b.o
         8          4          0          0          0          0   entry9a.o
        12          6          0          4          0         68   errno.o
        30          0          0          0          0          0   handlers.o
        36          8          0          0          0         68   init.o
         0          0          0          0          0          0   iusefp.o
        30          0          0          0          0         68   llshl.o
        36          0          0          0          0         68   llsshr.o
        32          0          0          0          0         68   llushr.o
        64          0          0          0          0         76   memmovea.o
        36          0          0          0          0        108   memseta.o
      2258         90          0          0          0        452   printfa.o
        36          6          0          0          0         80   puts.o
         0          0          0          4          0          0   stdout.o
        44          0          0          0          0         80   uidiv.o
        98          0          0          0          0         92   uldiv.o
        48          0          0          0          0         68   cdrcmple.o
       334          0          0          0          0        148   dadd.o
       222          0          0          0          0        100   ddiv.o
       186          0          0          0          0        176   depilogue.o
        48          0          0          0          0         68   dfixul.o
       228          0          0          0          0         96   dmul.o

    ----------------------------------------------------------------------
      6516        162      36868          8          0      24087   Library Totals
         8          0          0          0          0          0   (incl. Padding)

    ----------------------------------------------------------------------

      Code (inc. data)   RO Data    RW Data    ZI Data      Debug   Library Name

      2652         44      36868          0          0      22067   arm_cortexM7lfdp_math.lib
        58          0          0          0          0        136   m_wv.l
      2732        118          0          8          0       1228   mc_w.l
      1066          0          0          0          0        656   mf_w.l

    ----------------------------------------------------------------------
      6516        162      36868          8          0      24087   Library Totals

    ----------------------------------------------------------------------

==============================================================================


      Code (inc. data)   RO Data    RW Data    ZI Data      Debug   

     37500       1684      39620      36312      73216     301051   Grand Totals
     37500       1684      39620      36312      73216     301051   ELF Image Totals
     37500       1684      39620      36312          0          0   ROM Totals

==============================================================================

    Total RO  Size (Code + RO Data)                77120 (  75.31kB)
    Total RW  Size (RW Data + ZI Data)            109528 ( 106.96kB)
    Total ROM Size (Code + RO Data + RW Data)     113432 ( 110.77kB)

==============================================================================

