<html>
<body>
<pre>
<h1>µVision Build Log</h1>
<h2>Tool Versions:</h2>
IDE-Version: µVision V5.27.0.0
Copyright (C) 2018 ARM Ltd and ARM Germany GmbH. All rights reserved.
License Information: SHUAIWEN CUI, NTU, LIC=JL28G-VX9JX-QDQKD-8FN6R-M33TC-5YMJT
 
Tool Versions:
Toolchain:       MDK-ARM Plus  Version: 5.27.0.0
Toolchain Path:  D:\Keil5\ARM\ARMCC\Bin
C Compiler:      Armcc.exe V5.06 update 6 (build 750)
Assembler:       Armasm.exe V5.06 update 6 (build 750)
Linker/Locator:  ArmLink.exe V5.06 update 6 (build 750)
Library Manager: ArmAr.exe V5.06 update 6 (build 750)
Hex Converter:   FromElf.exe V5.06 update 6 (build 750)
CPU DLL:         SARMCM3.DLL V5.27.0.0
Dialog DLL:      DCM.DLL V1.17.2.0
Target DLL:      STLink\ST-LINKIII-KEIL_SWO.dll V3.0.5.0
Dialog DLL:      TCM.DLL V1.36.1.0
 
<h2>Project:</h2>
E:\OneDrive - Nanyang Technological University\2_Development\Sensor-Prototyping\BASELINE-NO-RTOS-SUDDEN-DAMAGE-DETECTION\MDK-ARM\STM32H723.uvprojx
Project File Date:  04/12/2024

<h2>Output:</h2>
*** Using Compiler 'V5.06 update 6 (build 750)', folder: 'D:\Keil5\ARM\ARMCC\Bin'
Build target 'STM32H723'
compiling arm_depthwise_conv_u8_basic_ver1.c...
compiling arm_convolve_1x1_HWC_q7_fast_nonsquare.c...
compiling arm_nn_activations_q7.c...
compiling arm_convolve_HWC_q7_RGB.c...
compiling arm_convolve_HWC_q15_fast.c...
compiling arm_fully_connected_mat_q7_vec_q15.c...
compiling arm_convolve_HWC_q15_fast_nonsquare.c...
compiling arm_convolve_HWC_q7_basic_nonsquare.c...
compiling arm_nn_activations_q15.c...
compiling arm_convolve_HWC_q7_fast.c...
compiling arm_q7_to_q15_no_shift.c...
compiling arm_fully_connected_mat_q7_vec_q15_opt.c...
compiling arm_depthwise_separable_conv_HWC_q7_nonsquare.c...
compiling arm_fully_connected_q15.c...
compiling arm_q7_to_q15_reordered_no_shift.c...
compiling arm_nn_mat_mult_kernel_q7_q15.c...
compiling arm_fully_connected_q7_opt.c...
compiling arm_convolve_HWC_q7_basic.c...
compiling arm_nn_mat_mult_kernel_q7_q15_reordered.c...
compiling arm_convolve_HWC_q15_basic.c...
compiling arm_fully_connected_q15_opt.c...
compiling arm_fully_connected_q7.c...
compiling arm_depthwise_separable_conv_HWC_q7.c...
compiling arm_convolve_HWC_q7_fast_nonsquare.c...
linking...
Program Size: Code=43188 RO-data=39176 RW-data=36332 ZI-data=73188  
FromELF: creating hex file...
"STM32H723\STM32H723.axf" - 0 Error(s), 0 Warning(s).

<h2>Software Packages used:</h2>

Package Vendor: ARM
                http://www.keil.com/pack/ARM.CMSIS.5.6.0.pack
                ARM.CMSIS.5.6.0
                CMSIS (Cortex Microcontroller Software Interface Standard)
   * Component: CORE Version: 5.3.0

Package Vendor: Keil
                https://www.keil.com/pack/Keil.STM32H7xx_DFP.3.1.1.pack
                Keil.STM32H7xx_DFP.3.1.1
                STMicroelectronics STM32H7 Series Device Support and Examples

<h2>Collection of Component include folders:</h2>
  .\RTE\_STM32H723
  D:\Keil5\ARM\PACK\ARM\CMSIS\5.6.0\CMSIS\Core\Include
  D:\Keil5\ARM\PACK\Keil\STM32H7xx_DFP\3.1.1\Drivers\CMSIS\Device\ST\STM32H7xx\Include

<h2>Collection of Component Files used:</h2>

   * Component: ARM::CMSIS:CORE:5.3.0
Build Time Elapsed:  00:00:03
</pre>
</body>
</html>
