Component: ARM Compiler 5.06 update 6 (build 750) Tool: armlink [4d35ed]

==============================================================================

Section Cross References

    startup_stm32h723xx.o(RESET) refers to startup_stm32h723xx.o(STACK) for __initial_sp
    startup_stm32h723xx.o(RESET) refers to startup_stm32h723xx.o(.text) for Reset_Handler
    startup_stm32h723xx.o(RESET) refers to stm32h7xx_it.o(i.NMI_Handler) for NMI_Handler
    startup_stm32h723xx.o(RESET) refers to stm32h7xx_it.o(i.HardFault_Handler) for HardFault_Handler
    startup_stm32h723xx.o(RESET) refers to stm32h7xx_it.o(i.MemManage_Handler) for MemManage_Handler
    startup_stm32h723xx.o(RESET) refers to stm32h7xx_it.o(i.BusFault_Handler) for BusFault_Handler
    startup_stm32h723xx.o(RESET) refers to stm32h7xx_it.o(i.UsageFault_Handler) for UsageFault_Handler
    startup_stm32h723xx.o(RESET) refers to stm32h7xx_it.o(i.SVC_Handler) for SVC_Handler
    startup_stm32h723xx.o(RESET) refers to stm32h7xx_it.o(i.DebugMon_Handler) for DebugMon_Handler
    startup_stm32h723xx.o(RESET) refers to stm32h7xx_it.o(i.PendSV_Handler) for PendSV_Handler
    startup_stm32h723xx.o(RESET) refers to stm32h7xx_it.o(i.SysTick_Handler) for SysTick_Handler
    startup_stm32h723xx.o(RESET) refers to stm32h7xx_it.o(i.SDMMC1_IRQHandler) for SDMMC1_IRQHandler
    startup_stm32h723xx.o(.text) refers to system_stm32h7xx.o(i.SystemInit) for SystemInit
    startup_stm32h723xx.o(.text) refers to entry.o(.ARM.Collect$$$$00000000) for __main
    main.o(i.FatFs_Check) refers to ff_gen_drv.o(i.FATFS_LinkDriver) for FATFS_LinkDriver
    main.o(i.FatFs_Check) refers to ff.o(i.f_mount) for f_mount
    main.o(i.FatFs_Check) refers to printfa.o(i.__0printf) for __2printf
    main.o(i.FatFs_Check) refers to ff.o(i.f_mkfs) for f_mkfs
    main.o(i.FatFs_Check) refers to main.o(.data) for .data
    main.o(i.FatFs_Check) refers to sd_diskio.o(.constdata) for SD_Driver
    main.o(i.FatFs_Check) refers to main.o(.bss) for .bss
    main.o(i.FatFs_Check) refers to main.o(.conststring) for .conststring
    main.o(i.FatFs_FileTest) refers to printfa.o(i.__0printf) for __2printf
    main.o(i.FatFs_FileTest) refers to ff.o(i.f_open) for f_open
    main.o(i.FatFs_FileTest) refers to ff.o(i.f_close) for f_close
    main.o(i.FatFs_FileTest) refers to ff.o(i.f_write) for f_write
    main.o(i.FatFs_FileTest) refers to ff.o(i.f_read) for f_read
    main.o(i.FatFs_FileTest) refers to main.o(.conststring) for .conststring
    main.o(i.FatFs_FileTest) refers to main.o(.data) for .data
    main.o(i.FatFs_GetVolume) refers to ff.o(i.f_getfree) for f_getfree
    main.o(i.FatFs_GetVolume) refers to printfa.o(i.__0printf) for __2printf
    main.o(i.FatFs_GetVolume) refers to main.o(i.FatFs_Check) for i.FatFs_Check
    main.o(i.SystemClock_Config) refers to memseta.o(.text) for __aeabi_memclr4
    main.o(i.SystemClock_Config) refers to stm32h7xx_hal_pwr_ex.o(i.HAL_PWREx_ConfigSupply) for HAL_PWREx_ConfigSupply
    main.o(i.SystemClock_Config) refers to stm32h7xx_hal_rcc.o(i.HAL_RCC_OscConfig) for HAL_RCC_OscConfig
    main.o(i.SystemClock_Config) refers to stm32h7xx_hal_rcc.o(i.HAL_RCC_ClockConfig) for HAL_RCC_ClockConfig
    main.o(i.SystemClock_Config) refers to stm32h7xx_hal_rcc_ex.o(i.HAL_RCCEx_PeriphCLKConfig) for HAL_RCCEx_PeriphCLKConfig
    main.o(i.main) refers to stm32h7xx_hal.o(i.HAL_Init) for HAL_Init
    main.o(i.main) refers to main.o(i.SystemClock_Config) for SystemClock_Config
    main.o(i.main) refers to led.o(i.LED_Init) for LED_Init
    main.o(i.main) refers to usart.o(i.USART1_Init) for USART1_Init
    main.o(i.main) refers to printfa.o(i.__0printf) for __2printf
    main.o(i.main) refers to ff_gen_drv.o(i.FATFS_LinkDriver) for FATFS_LinkDriver
    main.o(i.main) refers to ff.o(i.f_mount) for f_mount
    main.o(i.main) refers to ff.o(i.f_mkfs) for f_mkfs
    main.o(i.main) refers to ff.o(i.f_getfree) for f_getfree
    main.o(i.main) refers to main.o(i.FatFs_FileTest) for FatFs_FileTest
    main.o(i.main) refers to arm_cfft_radix4_init_f32.o(.text.arm_cfft_radix4_init_f32) for arm_cfft_radix4_init_f32
    main.o(i.main) refers to arm_sin_f32.o(.text.arm_sin_f32) for arm_sin_f32
    main.o(i.main) refers to arm_cos_f32.o(.text.arm_cos_f32) for arm_cos_f32
    main.o(i.main) refers to arm_cfft_radix4_f32.o(.text.arm_cfft_radix4_f32) for arm_cfft_radix4_f32
    main.o(i.main) refers to arm_cmplx_mag_f32.o(.text.arm_cmplx_mag_f32) for arm_cmplx_mag_f32
    main.o(i.main) refers to arm_convolve_hwc_q7_rgb.o(i.arm_convolve_HWC_q7_RGB) for arm_convolve_HWC_q7_RGB
    main.o(i.main) refers to arm_relu_q7.o(i.arm_relu_q7) for arm_relu_q7
    main.o(i.main) refers to arm_pool_q7_hwc.o(i.arm_maxpool_q7_HWC) for arm_maxpool_q7_HWC
    main.o(i.main) refers to arm_convolve_hwc_q7_fast.o(i.arm_convolve_HWC_q7_fast) for arm_convolve_HWC_q7_fast
    main.o(i.main) refers to arm_fully_connected_q7_opt.o(i.arm_fully_connected_q7_opt) for arm_fully_connected_q7_opt
[...]
    i.SDMMC_CmdReadSingleBlock               0x080055f8   Section        0  stm32h7xx_ll_sdmmc.o(i.SDMMC_CmdReadSingleBlock)
    i.SDMMC_CmdSelDesel                      0x08005618   Section        0  stm32h7xx_ll_sdmmc.o(i.SDMMC_CmdSelDesel)
    i.SDMMC_CmdSendCID                       0x08005638   Section        0  stm32h7xx_ll_sdmmc.o(i.SDMMC_CmdSendCID)
    i.SDMMC_CmdSendCSD                       0x080056b0   Section        0  stm32h7xx_ll_sdmmc.o(i.SDMMC_CmdSendCSD)
    i.SDMMC_CmdSendSCR                       0x08005724   Section        0  stm32h7xx_ll_sdmmc.o(i.SDMMC_CmdSendSCR)
    i.SDMMC_CmdSendStatus                    0x08005744   Section        0  stm32h7xx_ll_sdmmc.o(i.SDMMC_CmdSendStatus)
    i.SDMMC_CmdSetRelAdd                     0x08005764   Section        0  stm32h7xx_ll_sdmmc.o(i.SDMMC_CmdSetRelAdd)
    i.SDMMC_CmdStatusRegister                0x08005820   Section        0  stm32h7xx_ll_sdmmc.o(i.SDMMC_CmdStatusRegister)
    i.SDMMC_CmdStopTransfer                  0x08005840   Section        0  stm32h7xx_ll_sdmmc.o(i.SDMMC_CmdStopTransfer)
    i.SDMMC_CmdSwitch                        0x0800588c   Section        0  stm32h7xx_ll_sdmmc.o(i.SDMMC_CmdSwitch)
    i.SDMMC_CmdWriteMultiBlock               0x080058ac   Section        0  stm32h7xx_ll_sdmmc.o(i.SDMMC_CmdWriteMultiBlock)
    i.SDMMC_CmdWriteSingleBlock              0x080058cc   Section        0  stm32h7xx_ll_sdmmc.o(i.SDMMC_CmdWriteSingleBlock)
    i.SDMMC_ConfigData                       0x080058ec   Section        0  stm32h7xx_ll_sdmmc.o(i.SDMMC_ConfigData)
    i.SDMMC_GetCmdResp1                      0x0800591c   Section        0  stm32h7xx_ll_sdmmc.o(i.SDMMC_GetCmdResp1)
    i.SDMMC_GetPowerState                    0x08005acc   Section        0  stm32h7xx_ll_sdmmc.o(i.SDMMC_GetPowerState)
    i.SDMMC_GetResponse                      0x08005ad4   Section        0  stm32h7xx_ll_sdmmc.o(i.SDMMC_GetResponse)
    i.SDMMC_Init                             0x08005adc   Section        0  stm32h7xx_ll_sdmmc.o(i.SDMMC_Init)
    i.SDMMC_PowerState_ON                    0x08005b08   Section        0  stm32h7xx_ll_sdmmc.o(i.SDMMC_PowerState_ON)
    i.SDMMC_ReadFIFO                         0x08005b14   Section        0  stm32h7xx_ll_sdmmc.o(i.SDMMC_ReadFIFO)
    i.SDMMC_WriteFIFO                        0x08005b1a   Section        0  stm32h7xx_ll_sdmmc.o(i.SDMMC_WriteFIFO)
    i.SD_FindSCR                             0x08005b24   Section        0  stm32h7xx_hal_sd.o(i.SD_FindSCR)
    SD_FindSCR                               0x08005b25   Thumb Code   284  stm32h7xx_hal_sd.o(i.SD_FindSCR)
    i.SD_SwitchSpeed                         0x08005c44   Section        0  stm32h7xx_hal_sd.o(i.SD_SwitchSpeed)
    SD_SwitchSpeed                           0x08005c45   Thumb Code   330  stm32h7xx_hal_sd.o(i.SD_SwitchSpeed)
    i.SD_initialize                          0x08005d94   Section        0  sd_diskio.o(i.SD_initialize)
    i.SD_ioctl                               0x08005dc4   Section        0  sd_diskio.o(i.SD_ioctl)
    i.SD_read                                0x08005e30   Section        0  sd_diskio.o(i.SD_read)
    i.SD_status                              0x08005e4c   Section        0  sd_diskio.o(i.SD_status)
    i.SD_write                               0x08005e6c   Section        0  sd_diskio.o(i.SD_write)
    i.SVC_Handler                            0x08005e88   Section        0  stm32h7xx_it.o(i.SVC_Handler)
    i.SysTick_Handler                        0x08005e8a   Section        0  stm32h7xx_it.o(i.SysTick_Handler)
    i.SystemClock_Config                     0x08005e90   Section        0  main.o(i.SystemClock_Config)
    i.SystemInit                             0x08005f58   Section        0  system_stm32h7xx.o(i.SystemInit)
    i.UART_AdvFeatureConfig                  0x0800603c   Section        0  stm32h7xx_hal_uart.o(i.UART_AdvFeatureConfig)
    i.UART_CheckIdleState                    0x08006116   Section        0  stm32h7xx_hal_uart.o(i.UART_CheckIdleState)
    i.UART_SetConfig                         0x080061d0   Section        0  stm32h7xx_hal_uart.o(i.UART_SetConfig)
    i.UART_WaitOnFlagUntilTimeout            0x080065f8   Section        0  stm32h7xx_hal_uart.o(i.UART_WaitOnFlagUntilTimeout)
    i.USART1_Init                            0x08006734   Section        0  usart.o(i.USART1_Init)
    i.UsageFault_Handler                     0x08006784   Section        0  stm32h7xx_it.o(i.UsageFault_Handler)
    i.__0printf                              0x08006788   Section        0  printfa.o(i.__0printf)
    i.__hardfp_sqrtf                         0x080067a8   Section        0  sqrtf.o(i.__hardfp_sqrtf)
    i.__scatterload_copy                     0x080067e2   Section       14  handlers.o(i.__scatterload_copy)
    i.__scatterload_null                     0x080067f0   Section        2  handlers.o(i.__scatterload_null)
    i.__scatterload_zeroinit                 0x080067f2   Section       14  handlers.o(i.__scatterload_zeroinit)
    i.__set_errno                            0x08006800   Section        0  errno.o(i.__set_errno)
    i._fp_digits                             0x0800680c   Section        0  printfa.o(i._fp_digits)
    _fp_digits                               0x0800680d   Thumb Code   366  printfa.o(i._fp_digits)
    i._printf_core                           0x08006990   Section        0  printfa.o(i._printf_core)
    _printf_core                             0x08006991   Thumb Code  1744  printfa.o(i._printf_core)
    i._printf_post_padding                   0x0800706c   Section        0  printfa.o(i._printf_post_padding)
    _printf_post_padding                     0x0800706d   Thumb Code    36  printfa.o(i._printf_post_padding)
    i._printf_pre_padding                    0x08007090   Section        0  printfa.o(i._printf_pre_padding)
    _printf_pre_padding                      0x08007091   Thumb Code    46  printfa.o(i._printf_pre_padding)
    i.arm_convolve_HWC_q7_RGB                0x080070be   Section        0  arm_convolve_hwc_q7_rgb.o(i.arm_convolve_HWC_q7_RGB)
    i.arm_convolve_HWC_q7_fast               0x080072b0   Section        0  arm_convolve_hwc_q7_fast.o(i.arm_convolve_HWC_q7_fast)
    i.arm_fully_connected_q7_opt             0x08007780   Section        0  arm_fully_connected_q7_opt.o(i.arm_fully_connected_q7_opt)
    i.arm_maxpool_q7_HWC                     0x08007990   Section        0  arm_pool_q7_hwc.o(i.arm_maxpool_q7_HWC)
    i.arm_nn_mat_mult_kernel_q7_q15          0x08007c74   Section        0  arm_nn_mat_mult_kernel_q7_q15.o(i.arm_nn_mat_mult_kernel_q7_q15)
    i.arm_nn_mat_mult_kernel_q7_q15_reordered 0x08007e8c   Section        0  arm_nn_mat_mult_kernel_q7_q15_reordered.o(i.arm_nn_mat_mult_kernel_q7_q15_reordered)
    i.arm_q7_to_q15_reordered_no_shift       0x08007fe6   Section        0  arm_q7_to_q15_reordered_no_shift.o(i.arm_q7_to_q15_reordered_no_shift)
    i.arm_relu_q7                            0x0800806c   Section        0  arm_relu_q7.o(i.arm_relu_q7)
    i.arm_softmax_q7                         0x080080b8   Section        0  arm_softmax_q7.o(i.arm_softmax_q7)
    i.create_chain                           0x08008194   Section        0  ff.o(i.create_chain)
    create_chain                             0x08008195   Thumb Code   248  ff.o(i.create_chain)
    i.dir_find                               0x0800828c   Section        0  ff.o(i.dir_find)
    dir_find                                 0x0800828d   Thumb Code   420  ff.o(i.dir_find)
    i.dir_next                               0x08008434   Section        0  ff.o(i.dir_next)
    dir_next                                 0x08008435   Thumb Code   366  ff.o(i.dir_next)
    i.dir_register                           0x080085a4   Section        0  ff.o(i.dir_register)
    dir_register                             0x080085a5   Thumb Code   704  ff.o(i.dir_register)
    i.dir_sdi                                0x0800886c   Section        0  ff.o(i.dir_sdi)
    dir_sdi                                  0x0800886d   Thumb Code   168  ff.o(i.dir_sdi)
    i.disk_initialize                        0x08008914   Section        0  diskio.o(i.disk_initialize)
    i.disk_ioctl                             0x0800893c   Section        0  diskio.o(i.disk_ioctl)
    i.disk_read                              0x08008954   Section        0  diskio.o(i.disk_read)
    i.disk_status                            0x08008974   Section        0  diskio.o(i.disk_status)
    i.disk_write                             0x08008988   Section        0  diskio.o(i.disk_write)
    i.f_close                                0x080089a8   Section        0  ff.o(i.f_close)
    i.f_getfree                              0x080089c8   Section        0  ff.o(i.f_getfree)
    i.f_mkfs                                 0x08008abc   Section        0  ff.o(i.f_mkfs)
    i.f_mount                                0x08009158   Section        0  ff.o(i.f_mount)
    i.f_open                                 0x080091d8   Section        0  ff.o(i.f_open)
    i.f_read                                 0x08009418   Section        0  ff.o(i.f_read)
    i.f_sync                                 0x080095c2   Section        0  ff.o(i.f_sync)
    i.f_write                                0x08009676   Section        0  ff.o(i.f_write)
    i.ff_oem2uni                             0x08009858   Section        0  ffunicode.o(i.ff_oem2uni)
    i.ff_uni2oem                             0x08009888   Section        0  ffunicode.o(i.ff_uni2oem)
    i.ff_wtoupper                            0x080098c0   Section        0  ffunicode.o(i.ff_wtoupper)
    i.find_volume                            0x08009960   Section        0  ff.o(i.find_volume)
    find_volume                              0x08009961   Thumb Code  1202  ff.o(i.find_volume)
    i.follow_path                            0x08009e18   Section        0  ff.o(i.follow_path)
    follow_path                              0x08009e19   Thumb Code   714  ff.o(i.follow_path)
    i.fputc                                  0x0800a0fc   Section        0  usart.o(i.fputc)
    i.get_fat                                0x0800a114   Section        0  ff.o(i.get_fat)
    get_fat                                  0x0800a115   Thumb Code   260  ff.o(i.get_fat)
    i.get_fattime                            0x0800a218   Section        0  diskio.o(i.get_fattime)
    i.main                                   0x0800a21c   Section        0  main.o(i.main)
    i.mem_cpy                                0x0800a77c   Section        0  ff.o(i.mem_cpy)
    mem_cpy                                  0x0800a77d   Thumb Code    86  ff.o(i.mem_cpy)
    i.mem_set                                0x0800a7d2   Section        0  ff.o(i.mem_set)
    mem_set                                  0x0800a7d3   Thumb Code    56  ff.o(i.mem_set)
    i.move_window                            0x0800a80a   Section        0  ff.o(i.move_window)
    move_window                              0x0800a80b   Thumb Code   108  ff.o(i.move_window)
    i.put_fat                                0x0800a876   Section        0  ff.o(i.put_fat)
    put_fat                                  0x0800a877   Thumb Code   358  ff.o(i.put_fat)
    i.remove_chain                           0x0800a9dc   Section        0  ff.o(i.remove_chain)
    remove_chain                             0x0800a9dd   Thumb Code   130  ff.o(i.remove_chain)
    i.sync_fs                                0x0800aa5e   Section        0  ff.o(i.sync_fs)
    sync_fs                                  0x0800aa5f   Thumb Code   234  ff.o(i.sync_fs)
    i.validate                               0x0800ab48   Section        0  ff.o(i.validate)
    validate                                 0x0800ab49   Thumb Code    56  ff.o(i.validate)
    .constdata                               0x0800ab80   Section       24  main.o(.constdata)
    .constdata                               0x0800ab98   Section       24  stm32h7xx_hal_uart.o(.constdata)
    .constdata                               0x0800abb0   Section       16  stm32h7xx_hal_uart_ex.o(.constdata)
    numerator                                0x0800abb0   Data           8  stm32h7xx_hal_uart_ex.o(.constdata)
    denominator                              0x0800abb8   Data           8  stm32h7xx_hal_uart_ex.o(.constdata)
    .constdata                               0x0800abc0   Section       16  system_stm32h7xx.o(.constdata)
    .constdata                               0x0800abd0   Section      170  ff.o(.constdata)
    LfnOfs                                   0x0800abd0   Data          13  ff.o(.constdata)
    ExCvt                                    0x0800abdd   Data         128  ff.o(.constdata)
    cst                                      0x0800ac5e   Data          14  ff.o(.constdata)
    cst32                                    0x0800ac6c   Data          14  ff.o(.constdata)
    .constdata                               0x0800ac7a   Section      942  ffunicode.o(.constdata)
    uc437                                    0x0800ac7a   Data         256  ffunicode.o(.constdata)
    cvt1                                     0x0800ad7a   Data         498  ffunicode.o(.constdata)
    cvt2                                     0x0800af6c   Data         188  ffunicode.o(.constdata)
    .constdata                               0x0800b028   Section       20  sd_diskio.o(.constdata)
    .conststring                             0x0800b03c   Section      348  main.o(.conststring)
    .data                                    0x24000000   Section    36287  main.o(.data)
    conv1_wt                                 0x24000005   Data        2400  main.o(.data)
    conv1_bias                               0x24000965   Data          32  main.o(.data)
    conv2_wt                                 0x24000985   Data       12800  main.o(.data)
    conv2_bias                               0x24003b85   Data          16  main.o(.data)
    conv3_wt                                 0x24003b95   Data       12800  main.o(.data)
    conv3_bias                               0x24006d95   Data          32  main.o(.data)
    ip1_wt                                   0x24006db5   Data        5120  main.o(.data)
    ip1_bias                                 0x240081b5   Data          10  main.o(.data)
    .data                                    0x24008dc0   Section       12  stm32h7xx_hal.o(.data)
    .data                                    0x24008dcc   Section        8  system_stm32h7xx.o(.data)
    .data                                    0x24008dd4   Section       12  ff.o(.data)
    Fsid                                     0x24008dd4   Data           2  ff.o(.data)
    FatFs                                    0x24008dd8   Data           8  ff.o(.data)
    .data                                    0x24008de0   Section        1  sd_diskio.o(.data)
    Stat                                     0x24008de0   Data           1  sd_diskio.o(.data)
    .data                                    0x24008de4   Section        4  stdout.o(.data)
    .data                                    0x24008de8   Section        4  errno.o(.data)
    _errno                                   0x24008de8   Data           4  errno.o(.data)
    .bss                                     0x24008dec   Section    60610  main.o(.bss)
    .bss                                     0x24017ab0   Section      148  usart.o(.bss)
    .bss                                     0x24017b44   Section      124  sdmmc_sd.o(.bss)
    .bss                                     0x24017bc0   Section       16  ff_gen_drv.o(.bss)
    STACK                                    0x24017bd0   Section    12288  startup_stm32h723xx.o(STACK)

    Global Symbols

    Symbol Name                              Value     Ov Type        Size  Object(Section)

    BuildAttributes$$THM_ISAv4$E$P$D$K$B$S$7EM$VFPv5_D16$PE$PLD8$A:L22UL41UL21$X:L11$S22US41US21$IEEE1$IW$USESV6$~STKCKD$USESV7$~SHL$OTIME$ROPI$IEEEJ$EBA8$MICROLIB$REQ8$PRES8$EABIv2 0x00000000   Number         0  anon$$obj.o ABSOLUTE
    __ARM_use_no_argv                        0x00000000   Number         0  main.o ABSOLUTE
    _printf_a                                0x00000000   Number         0  stubs.o ABSOLUTE
    _printf_c                                0x00000000   Number         0  stubs.o ABSOLUTE
    _printf_charcount                        0x00000000   Number         0  stubs.o ABSOLUTE
    _printf_d                                0x00000000   Number         0  stubs.o ABSOLUTE
    _printf_e                                0x00000000   Number         0  stubs.o ABSOLUTE
    _printf_f                                0x00000000   Number         0  stubs.o ABSOLUTE
    _printf_flags                            0x00000000   Number         0  stubs.o ABSOLUTE
    _printf_fp_dec                           0x00000000   Number         0  stubs.o ABSOLUTE
    _printf_fp_hex                           0x00000000   Number         0  stubs.o ABSOLUTE
    _printf_g                                0x00000000   Number         0  stubs.o ABSOLUTE
    _printf_i                                0x00000000   Number         0  stubs.o ABSOLUTE
    _printf_int_dec                          0x00000000   Number         0  stubs.o ABSOLUTE
    _printf_l                                0x00000000   Number         0  stubs.o ABSOLUTE
    _printf_lc                               0x00000000   Number         0  stubs.o ABSOLUTE
    _printf_ll                               0x00000000   Number         0  stubs.o ABSOLUTE
    _printf_lld                              0x00000000   Number         0  stubs.o ABSOLUTE
    _printf_lli                              0x00000000   Number         0  stubs.o ABSOLUTE
    _printf_llo                              0x00000000   Number         0  stubs.o ABSOLUTE
    _printf_llu                              0x00000000   Number         0  stubs.o ABSOLUTE
    _printf_llx                              0x00000000   Number         0  stubs.o ABSOLUTE
    _printf_longlong_dec                     0x00000000   Number         0  stubs.o ABSOLUTE
    _printf_longlong_hex                     0x00000000   Number         0  stubs.o ABSOLUTE
    _printf_longlong_oct                     0x00000000   Number         0  stubs.o ABSOLUTE
    _printf_ls                               0x00000000   Number         0  stubs.o ABSOLUTE
    _printf_mbtowc                           0x00000000   Number         0  stubs.o ABSOLUTE
    _printf_n                                0x00000000   Number         0  stubs.o ABSOLUTE
    _printf_o                                0x00000000   Number         0  stubs.o ABSOLUTE
    _printf_p                                0x00000000   Number         0  stubs.o ABSOLUTE
    _printf_percent                          0x00000000   Number         0  stubs.o ABSOLUTE
    _printf_pre_padding                      0x00000000   Number         0  stubs.o ABSOLUTE
    _printf_return_value                     0x00000000   Number         0  stubs.o ABSOLUTE
    _printf_s                                0x00000000   Number         0  stubs.o ABSOLUTE
    _printf_sizespec                         0x00000000   Number         0  stubs.o ABSOLUTE
    _printf_str                              0x00000000   Number         0  stubs.o ABSOLUTE
    _printf_truncate_signed                  0x00000000   Number         0  stubs.o ABSOLUTE
    _printf_truncate_unsigned                0x00000000   Number         0  stubs.o ABSOLUTE
    _printf_u                                0x00000000   Number         0  stubs.o ABSOLUTE
    _printf_wc                               0x00000000   Number         0  stubs.o ABSOLUTE
    _printf_wctomb                           0x00000000   Number         0  stubs.o ABSOLUTE
    _printf_widthprec                        0x00000000   Number         0  stubs.o ABSOLUTE
    _printf_x                                0x00000000   Number         0  stubs.o ABSOLUTE
    __cpp_initialize__aeabi_                  - Undefined Weak Reference
    __cxa_finalize                            - Undefined Weak Reference
    __decompress                              - Undefined Weak Reference
    _clock_init                               - Undefined Weak Reference
    _microlib_exit                            - Undefined Weak Reference
    __Vectors_Size                           0x000002cc   Number         0  startup_stm32h723xx.o ABSOLUTE
    __Vectors                                0x08000000   Data           4  startup_stm32h723xx.o(RESET)
    __Vectors_End                            0x080002cc   Data           0  startup_stm32h723xx.o(RESET)
    __main                                   0x080002cd   Thumb Code     0  entry.o(.ARM.Collect$$$$00000000)
    _main_stk                                0x080002cd   Thumb Code     0  entry2.o(.ARM.Collect$$$$00000001)
    _main_scatterload                        0x080002d1   Thumb Code     0  entry5.o(.ARM.Collect$$$$00000004)
    __main_after_scatterload                 0x080002d5   Thumb Code     0  entry5.o(.ARM.Collect$$$$00000004)
    _main_clock                              0x080002d5   Thumb Code     0  entry7b.o(.ARM.Collect$$$$00000008)
    _main_cpp_init                           0x080002d5   Thumb Code     0  entry8b.o(.ARM.Collect$$$$0000000A)
    _main_init                               0x080002d5   Thumb Code     0  entry9a.o(.ARM.Collect$$$$0000000B)
    __rt_final_cpp                           0x080002dd   Thumb Code     0  entry10a.o(.ARM.Collect$$$$0000000D)
    __rt_final_exit                          0x080002dd   Thumb Code     0  entry11a.o(.ARM.Collect$$$$0000000F)
    Reset_Handler                            0x080002e1   Thumb Code     8  startup_stm32h723xx.o(.text)
    ADC3_IRQHandler                          0x080002fb   Thumb Code     0  startup_stm32h723xx.o(.text)
    ADC_IRQHandler                           0x080002fb   Thumb Code     0  startup_stm32h723xx.o(.text)
    BDMA_Channel0_IRQHandler                 0x080002fb   Thumb Code     0  startup_stm32h723xx.o(.text)
    BDMA_Channel1_IRQHandler                 0x080002fb   Thumb Code     0  startup_stm32h723xx.o(.text)
    BDMA_Channel2_IRQHandler                 0x080002fb   Thumb Code     0  startup_stm32h723xx.o(.text)
    BDMA_Channel3_IRQHandler                 0x080002fb   Thumb Code     0  startup_stm32h723xx.o(.text)
    BDMA_Channel4_IRQHandler                 0x080002fb   Thumb Code     0  startup_stm32h723xx.o(.text)
    BDMA_Channel5_IRQHandler                 0x080002fb   Thumb Code     0  startup_stm32h723xx.o(.text)
    BDMA_Channel6_IRQHandler                 0x080002fb   Thumb Code     0  startup_stm32h723xx.o(.text)
    BDMA_Channel7_IRQHandler                 0x080002fb   Thumb Code     0  startup_stm32h723xx.o(.text)
    CEC_IRQHandler                           0x080002fb   Thumb Code     0  startup_stm32h723xx.o(.text)
    COMP1_IRQHandler                         0x080002fb   Thumb Code     0  startup_stm32h723xx.o(.text)
    CORDIC_IRQHandler                        0x080002fb   Thumb Code     0  startup_stm32h723xx.o(.text)
    CRS_IRQHandler                           0x080002fb   Thumb Code     0  startup_stm32h723xx.o(.text)
    DCMI_PSSI_IRQHandler                     0x080002fb   Thumb Code     0  startup_stm32h723xx.o(.text)
    DFSDM1_FLT0_IRQHandler                   0x080002fb   Thumb Code     0  startup_stm32h723xx.o(.text)
    DFSDM1_FLT1_IRQHandler                   0x080002fb   Thumb Code     0  startup_stm32h723xx.o(.text)
    DFSDM1_FLT2_IRQHandler                   0x080002fb   Thumb Code     0  startup_stm32h723xx.o(.text)
    DFSDM1_FLT3_IRQHandler                   0x080002fb   Thumb Code     0  startup_stm32h723xx.o(.text)
    DMA1_Stream0_IRQHandler                  0x080002fb   Thumb Code     0  startup_stm32h723xx.o(.text)
    DMA1_Stream1_IRQHandler                  0x080002fb   Thumb Code     0  startup_stm32h723xx.o(.text)
    DMA1_Stream2_IRQHandler                  0x080002fb   Thumb Code     0  startup_stm32h723xx.o(.text)
    DMA1_Stream3_IRQHandler                  0x080002fb   Thumb Code     0  startup_stm32h723xx.o(.text)
    DMA1_Stream4_IRQHandler                  0x080002fb   Thumb Code     0  startup_stm32h723xx.o(.text)
    DMA1_Stream5_IRQHandler                  0x080002fb   Thumb Code     0  startup_stm32h723xx.o(.text)
    DMA1_Stream6_IRQHandler                  0x080002fb   Thumb Code     0  startup_stm32h723xx.o(.text)
    DMA1_Stream7_IRQHandler                  0x080002fb   Thumb Code     0  startup_stm32h723xx.o(.text)
    DMA2D_IRQHandler                         0x080002fb   Thumb Code     0  startup_stm32h723xx.o(.text)
    DMA2_Stream0_IRQHandler                  0x080002fb   Thumb Code     0  startup_stm32h723xx.o(.text)
    DMA2_Stream1_IRQHandler                  0x080002fb   Thumb Code     0  startup_stm32h723xx.o(.text)
    DMA2_Stream2_IRQHandler                  0x080002fb   Thumb Code     0  startup_stm32h723xx.o(.text)
    DMA2_Stream3_IRQHandler                  0x080002fb   Thumb Code     0  startup_stm32h723xx.o(.text)
    DMA2_Stream4_IRQHandler                  0x080002fb   Thumb Code     0  startup_stm32h723xx.o(.text)
    DMA2_Stream5_IRQHandler                  0x080002fb   Thumb Code     0  startup_stm32h723xx.o(.text)
    DMA2_Stream6_IRQHandler                  0x080002fb   Thumb Code     0  startup_stm32h723xx.o(.text)
    DMA2_Stream7_IRQHandler                  0x080002fb   Thumb Code     0  startup_stm32h723xx.o(.text)
    DMAMUX1_OVR_IRQHandler                   0x080002fb   Thumb Code     0  startup_stm32h723xx.o(.text)
    DMAMUX2_OVR_IRQHandler                   0x080002fb   Thumb Code     0  startup_stm32h723xx.o(.text)
    DTS_IRQHandler                           0x080002fb   Thumb Code     0  startup_stm32h723xx.o(.text)
    ECC_IRQHandler                           0x080002fb   Thumb Code     0  startup_stm32h723xx.o(.text)
    ETH_IRQHandler                           0x080002fb   Thumb Code     0  startup_stm32h723xx.o(.text)
    ETH_WKUP_IRQHandler                      0x080002fb   Thumb Code     0  startup_stm32h723xx.o(.text)
    EXTI0_IRQHandler                         0x080002fb   Thumb Code     0  startup_stm32h723xx.o(.text)
    EXTI15_10_IRQHandler                     0x080002fb   Thumb Code     0  startup_stm32h723xx.o(.text)
    EXTI1_IRQHandler                         0x080002fb   Thumb Code     0  startup_stm32h723xx.o(.text)
    EXTI2_IRQHandler                         0x080002fb   Thumb Code     0  startup_stm32h723xx.o(.text)
    EXTI3_IRQHandler                         0x080002fb   Thumb Code     0  startup_stm32h723xx.o(.text)
    EXTI4_IRQHandler                         0x080002fb   Thumb Code     0  startup_stm32h723xx.o(.text)
    EXTI9_5_IRQHandler                       0x080002fb   Thumb Code     0  startup_stm32h723xx.o(.text)
    FDCAN1_IT0_IRQHandler                    0x080002fb   Thumb Code     0  startup_stm32h723xx.o(.text)
    FDCAN1_IT1_IRQHandler                    0x080002fb   Thumb Code     0  startup_stm32h723xx.o(.text)
    FDCAN2_IT0_IRQHandler                    0x080002fb   Thumb Code     0  startup_stm32h723xx.o(.text)
    FDCAN2_IT1_IRQHandler                    0x080002fb   Thumb Code     0  startup_stm32h723xx.o(.text)
    FDCAN3_IT0_IRQHandler                    0x080002fb   Thumb Code     0  startup_stm32h723xx.o(.text)
    FDCAN3_IT1_IRQHandler                    0x080002fb   Thumb Code     0  startup_stm32h723xx.o(.text)
    FDCAN_CAL_IRQHandler                     0x080002fb   Thumb Code     0  startup_stm32h723xx.o(.text)
    FLASH_IRQHandler                         0x080002fb   Thumb Code     0  startup_stm32h723xx.o(.text)
    FMAC_IRQHandler                          0x080002fb   Thumb Code     0  startup_stm32h723xx.o(.text)
    FMC_IRQHandler                           0x080002fb   Thumb Code     0  startup_stm32h723xx.o(.text)
    FPU_IRQHandler                           0x080002fb   Thumb Code     0  startup_stm32h723xx.o(.text)
    HSEM1_IRQHandler                         0x080002fb   Thumb Code     0  startup_stm32h723xx.o(.text)
    I2C1_ER_IRQHandler                       0x080002fb   Thumb Code     0  startup_stm32h723xx.o(.text)
    I2C1_EV_IRQHandler                       0x080002fb   Thumb Code     0  startup_stm32h723xx.o(.text)
    I2C2_ER_IRQHandler                       0x080002fb   Thumb Code     0  startup_stm32h723xx.o(.text)
    I2C2_EV_IRQHandler                       0x080002fb   Thumb Code     0  startup_stm32h723xx.o(.text)
    I2C3_ER_IRQHandler                       0x080002fb   Thumb Code     0  startup_stm32h723xx.o(.text)
    I2C3_EV_IRQHandler                       0x080002fb   Thumb Code     0  startup_stm32h723xx.o(.text)
    I2C4_ER_IRQHandler                       0x080002fb   Thumb Code     0  startup_stm32h723xx.o(.text)
    I2C4_EV_IRQHandler                       0x080002fb   Thumb Code     0  startup_stm32h723xx.o(.text)
    I2C5_ER_IRQHandler                       0x080002fb   Thumb Code     0  startup_stm32h723xx.o(.text)
    I2C5_EV_IRQHandler                       0x080002fb   Thumb Code     0  startup_stm32h723xx.o(.text)
    LPTIM1_IRQHandler                        0x080002fb   Thumb Code     0  startup_stm32h723xx.o(.text)
    LPTIM2_IRQHandler                        0x080002fb   Thumb Code     0  startup_stm32h723xx.o(.text)
    LPTIM3_IRQHandler                        0x080002fb   Thumb Code     0  startup_stm32h723xx.o(.text)
    LPTIM4_IRQHandler                        0x080002fb   Thumb Code     0  startup_stm32h723xx.o(.text)
    LPTIM5_IRQHandler                        0x080002fb   Thumb Code     0  startup_stm32h723xx.o(.text)
    LPUART1_IRQHandler                       0x080002fb   Thumb Code     0  startup_stm32h723xx.o(.text)
    LTDC_ER_IRQHandler                       0x080002fb   Thumb Code     0  startup_stm32h723xx.o(.text)
    LTDC_IRQHandler                          0x080002fb   Thumb Code     0  startup_stm32h723xx.o(.text)
    MDIOS_IRQHandler                         0x080002fb   Thumb Code     0  startup_stm32h723xx.o(.text)
    MDIOS_WKUP_IRQHandler                    0x080002fb   Thumb Code     0  startup_stm32h723xx.o(.text)
    MDMA_IRQHandler                          0x080002fb   Thumb Code     0  startup_stm32h723xx.o(.text)
    OCTOSPI1_IRQHandler                      0x080002fb   Thumb Code     0  startup_stm32h723xx.o(.text)
    OCTOSPI2_IRQHandler                      0x080002fb   Thumb Code     0  startup_stm32h723xx.o(.text)
    OTG_HS_EP1_IN_IRQHandler                 0x080002fb   Thumb Code     0  startup_stm32h723xx.o(.text)
    OTG_HS_EP1_OUT_IRQHandler                0x080002fb   Thumb Code     0  startup_stm32h723xx.o(.text)
    OTG_HS_IRQHandler                        0x080002fb   Thumb Code     0  startup_stm32h723xx.o(.text)
    OTG_HS_WKUP_IRQHandler                   0x080002fb   Thumb Code     0  startup_stm32h723xx.o(.text)
    PVD_AVD_IRQHandler                       0x080002fb   Thumb Code     0  startup_stm32h723xx.o(.text)
    RCC_IRQHandler                           0x080002fb   Thumb Code     0  startup_stm32h723xx.o(.text)
    RNG_IRQHandler                           0x080002fb   Thumb Code     0  startup_stm32h723xx.o(.text)
    RTC_Alarm_IRQHandler                     0x080002fb   Thumb Code     0  startup_stm32h723xx.o(.text)
    RTC_WKUP_IRQHandler                      0x080002fb   Thumb Code     0  startup_stm32h723xx.o(.text)
    SAI1_IRQHandler                          0x080002fb   Thumb Code     0  startup_stm32h723xx.o(.text)
    SAI4_IRQHandler                          0x080002fb   Thumb Code     0  startup_stm32h723xx.o(.text)
    SDMMC2_IRQHandler                        0x080002fb   Thumb Code     0  startup_stm32h723xx.o(.text)
    SPDIF_RX_IRQHandler                      0x080002fb   Thumb Code     0  startup_stm32h723xx.o(.text)
    SPI1_IRQHandler                          0x080002fb   Thumb Code     0  startup_stm32h723xx.o(.text)
    SPI2_IRQHandler                          0x080002fb   Thumb Code     0  startup_stm32h723xx.o(.text)
    SPI3_IRQHandler                          0x080002fb   Thumb Code     0  startup_stm32h723xx.o(.text)
    SPI4_IRQHandler                          0x080002fb   Thumb Code     0  startup_stm32h723xx.o(.text)
    SPI5_IRQHandler                          0x080002fb   Thumb Code     0  startup_stm32h723xx.o(.text)
    SPI6_IRQHandler                          0x080002fb   Thumb Code     0  startup_stm32h723xx.o(.text)
    SWPMI1_IRQHandler                        0x080002fb   Thumb Code     0  startup_stm32h723xx.o(.text)
    TAMP_STAMP_IRQHandler                    0x080002fb   Thumb Code     0  startup_stm32h723xx.o(.text)
    TIM15_IRQHandler                         0x080002fb   Thumb Code     0  startup_stm32h723xx.o(.text)
    TIM16_IRQHandler                         0x080002fb   Thumb Code     0  startup_stm32h723xx.o(.text)
    TIM17_IRQHandler                         0x080002fb   Thumb Code     0  startup_stm32h723xx.o(.text)
    TIM1_BRK_IRQHandler                      0x080002fb   Thumb Code     0  startup_stm32h723xx.o(.text)
    TIM1_CC_IRQHandler                       0x080002fb   Thumb Code     0  startup_stm32h723xx.o(.text)
    TIM1_TRG_COM_IRQHandler                  0x080002fb   Thumb Code     0  startup_stm32h723xx.o(.text)
    TIM1_UP_IRQHandler                       0x080002fb   Thumb Code     0  startup_stm32h723xx.o(.text)
    TIM23_IRQHandler                         0x080002fb   Thumb Code     0  startup_stm32h723xx.o(.text)
    TIM24_IRQHandler                         0x080002fb   Thumb Code     0  startup_stm32h723xx.o(.text)
    TIM2_IRQHandler                          0x080002fb   Thumb Code     0  startup_stm32h723xx.o(.text)
    TIM3_IRQHandler                          0x080002fb   Thumb Code     0  startup_stm32h723xx.o(.text)
    TIM4_IRQHandler                          0x080002fb   Thumb Code     0  startup_stm32h723xx.o(.text)
    TIM5_IRQHandler                          0x080002fb   Thumb Code     0  startup_stm32h723xx.o(.text)
    TIM6_DAC_IRQHandler                      0x080002fb   Thumb Code     0  startup_stm32h723xx.o(.text)
    TIM7_IRQHandler                          0x080002fb   Thumb Code     0  startup_stm32h723xx.o(.text)
    TIM8_BRK_TIM12_IRQHandler                0x080002fb   Thumb Code     0  startup_stm32h723xx.o(.text)
    TIM8_CC_IRQHandler                       0x080002fb   Thumb Code     0  startup_stm32h723xx.o(.text)
    TIM8_TRG_COM_TIM14_IRQHandler            0x080002fb   Thumb Code     0  startup_stm32h723xx.o(.text)
    TIM8_UP_TIM13_IRQHandler                 0x080002fb   Thumb Code     0  startup_stm32h723xx.o(.text)
    UART4_IRQHandler                         0x080002fb   Thumb Code     0  startup_stm32h723xx.o(.text)
    UART5_IRQHandler                         0x080002fb   Thumb Code     0  startup_stm32h723xx.o(.text)
    UART7_IRQHandler                         0x080002fb   Thumb Code     0  startup_stm32h723xx.o(.text)
    UART8_IRQHandler                         0x080002fb   Thumb Code     0  startup_stm32h723xx.o(.text)
    UART9_IRQHandler                         0x080002fb   Thumb Code     0  startup_stm32h723xx.o(.text)
    USART10_IRQHandler                       0x080002fb   Thumb Code     0  startup_stm32h723xx.o(.text)
    USART1_IRQHandler                        0x080002fb   Thumb Code     0  startup_stm32h723xx.o(.text)
    USART2_IRQHandler                        0x080002fb   Thumb Code     0  startup_stm32h723xx.o(.text)
    USART3_IRQHandler                        0x080002fb   Thumb Code     0  startup_stm32h723xx.o(.text)
    USART6_IRQHandler                        0x080002fb   Thumb Code     0  startup_stm32h723xx.o(.text)
    WAKEUP_PIN_IRQHandler                    0x080002fb   Thumb Code     0  startup_stm32h723xx.o(.text)
    WWDG_IRQHandler                          0x080002fb   Thumb Code     0  startup_stm32h723xx.o(.text)
    __aeabi_uldivmod                         0x08000305   Thumb Code    98  uldiv.o(.text)
    ___aeabi_memcpy4$move                    0x08000367   Thumb Code     0  memmovea.o(.text)
    ___aeabi_memcpy8$move                    0x08000367   Thumb Code     0  memmovea.o(.text)
    __aeabi_memcpy                           0x08000367   Thumb Code    64  memmovea.o(.text)
    __aeabi_memmove                          0x08000367   Thumb Code     0  memmovea.o(.text)
    __aeabi_memmove4                         0x08000367   Thumb Code     0  memmovea.o(.text)
    __aeabi_memmove8                         0x08000367   Thumb Code     0  memmovea.o(.text)
    __aeabi_memset                           0x080003a7   Thumb Code    14  memseta.o(.text)
    __aeabi_memset4                          0x080003a7   Thumb Code     0  memseta.o(.text)
    __aeabi_memset8                          0x080003a7   Thumb Code     0  memseta.o(.text)
    __aeabi_memclr                           0x080003b5   Thumb Code     4  memseta.o(.text)
    __aeabi_memclr4                          0x080003b5   Thumb Code     0  memseta.o(.text)
    __aeabi_memclr8                          0x080003b5   Thumb Code     0  memseta.o(.text)
    _memset$wrapper                          0x080003b9   Thumb Code    18  memseta.o(.text)
    __aeabi_uidiv                            0x080003cb   Thumb Code     0  uidiv.o(.text)
    __aeabi_uidivmod                         0x080003cb   Thumb Code    44  uidiv.o(.text)
    __aeabi_llsl                             0x080003f7   Thumb Code    30  llshl.o(.text)
    _ll_shift_l                              0x080003f7   Thumb Code     0  llshl.o(.text)
    __aeabi_llsr                             0x08000415   Thumb Code    32  llushr.o(.text)
    _ll_ushift_r                             0x08000415   Thumb Code     0  llushr.o(.text)
    __I$use$fp                               0x08000435   Thumb Code     0  iusefp.o(.text)
    __aeabi_dadd                             0x08000435   Thumb Code   322  dadd.o(.text)
    __aeabi_dsub                             0x08000577   Thumb Code     6  dadd.o(.text)
    __aeabi_drsub                            0x0800057d   Thumb Code     6  dadd.o(.text)
    __aeabi_dmul                             0x08000583   Thumb Code   228  dmul.o(.text)
    __aeabi_ddiv                             0x08000667   Thumb Code   222  ddiv.o(.text)
    __aeabi_d2ulz                            0x08000745   Thumb Code    48  dfixul.o(.text)
    __aeabi_cdrcmple                         0x08000775   Thumb Code    48  cdrcmple.o(.text)
    __scatterload                            0x080007a5   Thumb Code    28  init.o(.text)
    __scatterload_rt2                        0x080007a5   Thumb Code     0  init.o(.text)
    __aeabi_lasr                             0x080007c9   Thumb Code    36  llsshr.o(.text)
    _ll_sshift_r                             0x080007c9   Thumb Code     0  llsshr.o(.text)
    _double_round                            0x080007ed   Thumb Code    30  depilogue.o(.text)
    _double_epilogue                         0x0800080b   Thumb Code   156  depilogue.o(.text)
    arm_bitreversal_f32                      0x080008a9   Thumb Code   186  arm_bitreversal.o(.text.arm_bitreversal_f32)
    arm_cfft_radix4_f32                      0x08000963   Thumb Code    64  arm_cfft_radix4_f32.o(.text.arm_cfft_radix4_f32)
    arm_cfft_radix4_init_f32                 0x080009a5   Thumb Code   148  arm_cfft_radix4_init_f32.o(.text.arm_cfft_radix4_init_f32)
    arm_cmplx_mag_f32                        0x08000a39   Thumb Code   312  arm_cmplx_mag_f32.o(.text.arm_cmplx_mag_f32)
    arm_cos_f32                              0x08000b71   Thumb Code   144  arm_cos_f32.o(.text.arm_cos_f32)
    arm_radix4_butterfly_f32                 0x08000c01   Thumb Code   806  arm_cfft_radix4_f32.o(.text.arm_radix4_butterfly_f32)
    arm_radix4_butterfly_inverse_f32         0x08000f29   Thumb Code   852  arm_cfft_radix4_f32.o(.text.arm_radix4_butterfly_inverse_f32)
    arm_sin_f32                              0x0800127d   Thumb Code   140  arm_sin_f32.o(.text.arm_sin_f32)
    BSP_SD_GetCardInfo                       0x08001309   Thumb Code    34  sdmmc_sd.o(i.BSP_SD_GetCardInfo)
    BSP_SD_GetCardState                      0x08001331   Thumb Code    26  sdmmc_sd.o(i.BSP_SD_GetCardState)
    BSP_SD_Init                              0x08001351   Thumb Code   184  sdmmc_sd.o(i.BSP_SD_Init)
    BSP_SD_ReadBlocks                        0x08001421   Thumb Code    44  sdmmc_sd.o(i.BSP_SD_ReadBlocks)
    BSP_SD_ReadCpltCallback                  0x08001451   Thumb Code     2  sdmmc_sd.o(i.BSP_SD_ReadCpltCallback)
    BSP_SD_WriteBlocks                       0x08001455   Thumb Code    44  sdmmc_sd.o(i.BSP_SD_WriteBlocks)
    BSP_SD_WriteCpltCallback                 0x08001485   Thumb Code     2  sdmmc_sd.o(i.BSP_SD_WriteCpltCallback)
    BusFault_Handler                         0x08001487   Thumb Code     2  stm32h7xx_it.o(i.BusFault_Handler)
    DebugMon_Handler                         0x08001489   Thumb Code     2  stm32h7xx_it.o(i.DebugMon_Handler)
    FATFS_LinkDriver                         0x0800148d   Thumb Code    78  ff_gen_drv.o(i.FATFS_LinkDriver)
    FatFs_Check                              0x080014e1   Thumb Code    92  main.o(i.FatFs_Check)
    FatFs_FileTest                           0x080015b1   Thumb Code   282  main.o(i.FatFs_FileTest)
    FatFs_GetVolume                          0x0800189d   Thumb Code    62  main.o(i.FatFs_GetVolume)
    HAL_Delay                                0x08001955   Thumb Code    34  stm32h7xx_hal.o(i.HAL_Delay)
    HAL_GPIO_Init                            0x0800197d   Thumb Code   538  stm32h7xx_hal_gpio.o(i.HAL_GPIO_Init)
    HAL_GPIO_TogglePin                       0x08001ba1   Thumb Code    16  stm32h7xx_hal_gpio.o(i.HAL_GPIO_TogglePin)
    HAL_GPIO_WritePin                        0x08001bb1   Thumb Code    10  stm32h7xx_hal_gpio.o(i.HAL_GPIO_WritePin)
    HAL_GetTick                              0x08001bbd   Thumb Code     6  stm32h7xx_hal.o(i.HAL_GetTick)
    HAL_IncTick                              0x08001bc9   Thumb Code    12  stm32h7xx_hal.o(i.HAL_IncTick)
    HAL_Init                                 0x08001bd9   Thumb Code    76  stm32h7xx_hal.o(i.HAL_Init)
    HAL_InitTick                             0x08001c35   Thumb Code    56  stm32h7xx_hal.o(i.HAL_InitTick)
    HAL_MspInit                              0x08001c75   Thumb Code    24  stm32h7xx_hal_msp.o(i.HAL_MspInit)
    HAL_NVIC_EnableIRQ                       0x08001c91   Thumb Code    30  stm32h7xx_hal_cortex.o(i.HAL_NVIC_EnableIRQ)
    HAL_NVIC_SetPriority                     0x08001cb1   Thumb Code    92  stm32h7xx_hal_cortex.o(i.HAL_NVIC_SetPriority)
    HAL_NVIC_SetPriorityGrouping             0x08001d11   Thumb Code    30  stm32h7xx_hal_cortex.o(i.HAL_NVIC_SetPriorityGrouping)
    HAL_PWREx_ConfigSupply                   0x08001d35   Thumb Code    84  stm32h7xx_hal_pwr_ex.o(i.HAL_PWREx_ConfigSupply)
    HAL_RCCEx_GetD3PCLK1Freq                 0x08001d91   Thumb Code    26  stm32h7xx_hal_rcc_ex.o(i.HAL_RCCEx_GetD3PCLK1Freq)
    HAL_RCCEx_GetPLL1ClockFreq               0x08001db5   Thumb Code   394  stm32h7xx_hal_rcc_ex.o(i.HAL_RCCEx_GetPLL1ClockFreq)
    HAL_RCCEx_GetPLL2ClockFreq               0x08001f65   Thumb Code   392  stm32h7xx_hal_rcc_ex.o(i.HAL_RCCEx_GetPLL2ClockFreq)
    HAL_RCCEx_GetPLL3ClockFreq               0x08002111   Thumb Code   392  stm32h7xx_hal_rcc_ex.o(i.HAL_RCCEx_GetPLL3ClockFreq)
    HAL_RCCEx_GetPeriphCLKFreq               0x080022bd   Thumb Code  1172  stm32h7xx_hal_rcc_ex.o(i.HAL_RCCEx_GetPeriphCLKFreq)
    HAL_RCCEx_PeriphCLKConfig                0x08002759   Thumb Code  2640  stm32h7xx_hal_rcc_ex.o(i.HAL_RCCEx_PeriphCLKConfig)
    HAL_RCC_ClockConfig                      0x080031b1   Thumb Code   618  stm32h7xx_hal_rcc.o(i.HAL_RCC_ClockConfig)
    HAL_RCC_GetHCLKFreq                      0x08003445   Thumb Code    56  stm32h7xx_hal_rcc.o(i.HAL_RCC_GetHCLKFreq)
    HAL_RCC_GetPCLK1Freq                     0x0800348d   Thumb Code    72  stm32h7xx_hal_rcc.o(i.HAL_RCC_GetPCLK1Freq)
    HAL_RCC_GetPCLK2Freq                     0x080034e9   Thumb Code    72  stm32h7xx_hal_rcc.o(i.HAL_RCC_GetPCLK2Freq)
    HAL_RCC_GetSysClockFreq                  0x08003545   Thumb Code   378  stm32h7xx_hal_rcc.o(i.HAL_RCC_GetSysClockFreq)
    HAL_RCC_OscConfig                        0x080036ed   Thumb Code  1540  stm32h7xx_hal_rcc.o(i.HAL_RCC_OscConfig)
    HAL_SDEx_Read_DMADoubleBuf0CpltCallback  0x08003cf1   Thumb Code     2  stm32h7xx_hal_sd.o(i.HAL_SDEx_Read_DMADoubleBuf0CpltCallback)
    HAL_SDEx_Read_DMADoubleBuf1CpltCallback  0x08003cf3   Thumb Code     2  stm32h7xx_hal_sd.o(i.HAL_SDEx_Read_DMADoubleBuf1CpltCallback)
    HAL_SDEx_Write_DMADoubleBuf0CpltCallback 0x08003cf5   Thumb Code     2  stm32h7xx_hal_sd.o(i.HAL_SDEx_Write_DMADoubleBuf0CpltCallback)
    HAL_SDEx_Write_DMADoubleBuf1CpltCallback 0x08003cf7   Thumb Code     2  stm32h7xx_hal_sd.o(i.HAL_SDEx_Write_DMADoubleBuf1CpltCallback)
    HAL_SD_ConfigSpeedBusOperation           0x08003cf9   Thumb Code   280  stm32h7xx_hal_sd.o(i.HAL_SD_ConfigSpeedBusOperation)
    HAL_SD_ConfigWideBusOperation            0x08003e1d   Thumb Code   404  stm32h7xx_hal_sd.o(i.HAL_SD_ConfigWideBusOperation)
    HAL_SD_ErrorCallback                     0x08003fbd   Thumb Code     2  stm32h7xx_hal_sd.o(i.HAL_SD_ErrorCallback)
    HAL_SD_GetCardCSD                        0x08003fc1   Thumb Code   450  stm32h7xx_hal_sd.o(i.HAL_SD_GetCardCSD)
    HAL_SD_GetCardInfo                       0x08004189   Thumb Code    36  stm32h7xx_hal_sd.o(i.HAL_SD_GetCardInfo)
    HAL_SD_GetCardState                      0x080041ad   Thumb Code    44  stm32h7xx_hal_sd.o(i.HAL_SD_GetCardState)
    HAL_SD_GetCardStatus                     0x080041d9   Thumb Code   462  stm32h7xx_hal_sd.o(i.HAL_SD_GetCardStatus)
    HAL_SD_IRQHandler                        0x080043b1   Thumb Code   656  stm32h7xx_hal_sd.o(i.HAL_SD_IRQHandler)
    HAL_SD_Init                              0x08004645   Thumb Code   248  stm32h7xx_hal_sd.o(i.HAL_SD_Init)
    HAL_SD_InitCard                          0x0800473d   Thumb Code   572  stm32h7xx_hal_sd.o(i.HAL_SD_InitCard)
    HAL_SD_MspInit                           0x08004989   Thumb Code     2  stm32h7xx_hal_sd.o(i.HAL_SD_MspInit)
    HAL_SD_ReadBlocks                        0x0800498d   Thumb Code   516  stm32h7xx_hal_sd.o(i.HAL_SD_ReadBlocks)
    HAL_SD_RxCpltCallback                    0x08004b99   Thumb Code    18  sdmmc_sd.o(i.HAL_SD_RxCpltCallback)
    HAL_SD_TxCpltCallback                    0x08004bb1   Thumb Code    18  sdmmc_sd.o(i.HAL_SD_TxCpltCallback)
    HAL_SD_WriteBlocks                       0x08004bc9   Thumb Code   526  stm32h7xx_hal_sd.o(i.HAL_SD_WriteBlocks)
    HAL_SYSTICK_Config                       0x08004de1   Thumb Code    36  stm32h7xx_hal_cortex.o(i.HAL_SYSTICK_Config)
    HAL_UARTEx_DisableFifoMode               0x08004e09   Thumb Code    72  stm32h7xx_hal_uart_ex.o(i.HAL_UARTEx_DisableFifoMode)
    HAL_UARTEx_SetRxFifoThreshold            0x08004e51   Thumb Code   134  stm32h7xx_hal_uart_ex.o(i.HAL_UARTEx_SetRxFifoThreshold)
    HAL_UARTEx_SetTxFifoThreshold            0x08004edd   Thumb Code   134  stm32h7xx_hal_uart_ex.o(i.HAL_UARTEx_SetTxFifoThreshold)
    HAL_UART_Init                            0x08004f69   Thumb Code   110  stm32h7xx_hal_uart.o(i.HAL_UART_Init)
    HAL_UART_MspInit                         0x08004fd9   Thumb Code   130  usart.o(i.HAL_UART_MspInit)
    HAL_UART_Transmit                        0x08005069   Thumb Code   196  stm32h7xx_hal_uart.o(i.HAL_UART_Transmit)
    HardFault_Handler                        0x0800512d   Thumb Code     2  stm32h7xx_it.o(i.HardFault_Handler)
    LED_Init                                 0x08005131   Thumb Code    70  led.o(i.LED_Init)
    MX_SDMMC1_SD_Init                        0x08005181   Thumb Code    42  sdmmc_sd.o(i.MX_SDMMC1_SD_Init)
    MemManage_Handler                        0x080051b1   Thumb Code     2  stm32h7xx_it.o(i.MemManage_Handler)
    NMI_Handler                              0x080051b3   Thumb Code     2  stm32h7xx_it.o(i.NMI_Handler)
    PendSV_Handler                           0x080051b5   Thumb Code     2  stm32h7xx_it.o(i.PendSV_Handler)
    SDMMC1_IRQHandler                        0x08005441   Thumb Code     6  stm32h7xx_it.o(i.SDMMC1_IRQHandler)
    SDMMC_CmdAppCommand                      0x08005449   Thumb Code    26  stm32h7xx_ll_sdmmc.o(i.SDMMC_CmdAppCommand)
    SDMMC_CmdAppOperCommand                  0x08005469   Thumb Code    86  stm32h7xx_ll_sdmmc.o(i.SDMMC_CmdAppOperCommand)
    SDMMC_CmdBlockLength                     0x080054cd   Thumb Code    26  stm32h7xx_ll_sdmmc.o(i.SDMMC_CmdBlockLength)
    SDMMC_CmdBusWidth                        0x080054ed   Thumb Code    26  stm32h7xx_ll_sdmmc.o(i.SDMMC_CmdBusWidth)
    SDMMC_CmdGoIdleState                     0x0800550d   Thumb Code    66  stm32h7xx_ll_sdmmc.o(i.SDMMC_CmdGoIdleState)
    SDMMC_CmdOperCond                        0x0800555d   Thumb Code   116  stm32h7xx_ll_sdmmc.o(i.SDMMC_CmdOperCond)
    SDMMC_CmdReadMultiBlock                  0x080055d9   Thumb Code    26  stm32h7xx_ll_sdmmc.o(i.SDMMC_CmdReadMultiBlock)
    SDMMC_CmdReadSingleBlock                 0x080055f9   Thumb Code    26  stm32h7xx_ll_sdmmc.o(i.SDMMC_CmdReadSingleBlock)
    SDMMC_CmdSelDesel                        0x08005619   Thumb Code    26  stm32h7xx_ll_sdmmc.o(i.SDMMC_CmdSelDesel)
    SDMMC_CmdSendCID                         0x08005639   Thumb Code   106  stm32h7xx_ll_sdmmc.o(i.SDMMC_CmdSendCID)
    SDMMC_CmdSendCSD                         0x080056b1   Thumb Code   102  stm32h7xx_ll_sdmmc.o(i.SDMMC_CmdSendCSD)
    SDMMC_CmdSendSCR                         0x08005725   Thumb Code    28  stm32h7xx_ll_sdmmc.o(i.SDMMC_CmdSendSCR)
    SDMMC_CmdSendStatus                      0x08005745   Thumb Code    26  stm32h7xx_ll_sdmmc.o(i.SDMMC_CmdSendStatus)
    SDMMC_CmdSetRelAdd                       0x08005765   Thumb Code   174  stm32h7xx_ll_sdmmc.o(i.SDMMC_CmdSetRelAdd)
    SDMMC_CmdStatusRegister                  0x08005821   Thumb Code    28  stm32h7xx_ll_sdmmc.o(i.SDMMC_CmdStatusRegister)
    SDMMC_CmdStopTransfer                    0x08005841   Thumb Code    66  stm32h7xx_ll_sdmmc.o(i.SDMMC_CmdStopTransfer)
    SDMMC_CmdSwitch                          0x0800588d   Thumb Code    26  stm32h7xx_ll_sdmmc.o(i.SDMMC_CmdSwitch)
    SDMMC_CmdWriteMultiBlock                 0x080058ad   Thumb Code    26  stm32h7xx_ll_sdmmc.o(i.SDMMC_CmdWriteMultiBlock)
    SDMMC_CmdWriteSingleBlock                0x080058cd   Thumb Code    26  stm32h7xx_ll_sdmmc.o(i.SDMMC_CmdWriteSingleBlock)
    SDMMC_ConfigData                         0x080058ed   Thumb Code    46  stm32h7xx_ll_sdmmc.o(i.SDMMC_ConfigData)
    SDMMC_GetCmdResp1                        0x0800591d   Thumb Code   416  stm32h7xx_ll_sdmmc.o(i.SDMMC_GetCmdResp1)
    SDMMC_GetPowerState                      0x08005acd   Thumb Code     8  stm32h7xx_ll_sdmmc.o(i.SDMMC_GetPowerState)
    SDMMC_GetResponse                        0x08005ad5   Thumb Code     6  stm32h7xx_ll_sdmmc.o(i.SDMMC_GetResponse)
    SDMMC_Init                               0x08005add   Thumb Code    38  stm32h7xx_ll_sdmmc.o(i.SDMMC_Init)
    SDMMC_PowerState_ON                      0x08005b09   Thumb Code    12  stm32h7xx_ll_sdmmc.o(i.SDMMC_PowerState_ON)
    SDMMC_ReadFIFO                           0x08005b15   Thumb Code     6  stm32h7xx_ll_sdmmc.o(i.SDMMC_ReadFIFO)
    SDMMC_WriteFIFO                          0x08005b1b   Thumb Code    10  stm32h7xx_ll_sdmmc.o(i.SDMMC_WriteFIFO)
    SD_initialize                            0x08005d95   Thumb Code    42  sd_diskio.o(i.SD_initialize)
    SD_ioctl                                 0x08005dc5   Thumb Code   102  sd_diskio.o(i.SD_ioctl)
    SD_read                                  0x08005e31   Thumb Code    28  sd_diskio.o(i.SD_read)
    SD_status                                0x08005e4d   Thumb Code    28  sd_diskio.o(i.SD_status)
    SD_write                                 0x08005e6d   Thumb Code    28  sd_diskio.o(i.SD_write)
    SVC_Handler                              0x08005e89   Thumb Code     2  stm32h7xx_it.o(i.SVC_Handler)
    SysTick_Handler                          0x08005e8b   Thumb Code     4  stm32h7xx_it.o(i.SysTick_Handler)
    SystemClock_Config                       0x08005e91   Thumb Code   194  main.o(i.SystemClock_Config)
    SystemInit                               0x08005f59   Thumb Code   178  system_stm32h7xx.o(i.SystemInit)
    UART_AdvFeatureConfig                    0x0800603d   Thumb Code   218  stm32h7xx_hal_uart.o(i.UART_AdvFeatureConfig)
    UART_CheckIdleState                      0x08006117   Thumb Code   186  stm32h7xx_hal_uart.o(i.UART_CheckIdleState)
    UART_SetConfig                           0x080061d1   Thumb Code  1064  stm32h7xx_hal_uart.o(i.UART_SetConfig)
    UART_WaitOnFlagUntilTimeout              0x080065f9   Thumb Code   314  stm32h7xx_hal_uart.o(i.UART_WaitOnFlagUntilTimeout)
    USART1_Init                              0x08006735   Thumb Code    70  usart.o(i.USART1_Init)
    UsageFault_Handler                       0x08006785   Thumb Code     2  stm32h7xx_it.o(i.UsageFault_Handler)
    __0printf                                0x08006789   Thumb Code    22  printfa.o(i.__0printf)
    __1printf                                0x08006789   Thumb Code     0  printfa.o(i.__0printf)
    __2printf                                0x08006789   Thumb Code     0  printfa.o(i.__0printf)
    __c89printf                              0x08006789   Thumb Code     0  printfa.o(i.__0printf)
    printf                                   0x08006789   Thumb Code     0  printfa.o(i.__0printf)
    __hardfp_sqrtf                           0x080067a9   Thumb Code    58  sqrtf.o(i.__hardfp_sqrtf)
    __scatterload_copy                       0x080067e3   Thumb Code    14  handlers.o(i.__scatterload_copy)
    __scatterload_null                       0x080067f1   Thumb Code     2  handlers.o(i.__scatterload_null)
    __scatterload_zeroinit                   0x080067f3   Thumb Code    14  handlers.o(i.__scatterload_zeroinit)
    __set_errno                              0x08006801   Thumb Code     6  errno.o(i.__set_errno)
    arm_convolve_HWC_q7_RGB                  0x080070bf   Thumb Code   496  arm_convolve_hwc_q7_rgb.o(i.arm_convolve_HWC_q7_RGB)
    arm_convolve_HWC_q7_fast                 0x080072b1   Thumb Code  1230  arm_convolve_hwc_q7_fast.o(i.arm_convolve_HWC_q7_fast)
    arm_fully_connected_q7_opt               0x08007781   Thumb Code   528  arm_fully_connected_q7_opt.o(i.arm_fully_connected_q7_opt)
    arm_maxpool_q7_HWC                       0x08007991   Thumb Code   740  arm_pool_q7_hwc.o(i.arm_maxpool_q7_HWC)
    arm_nn_mat_mult_kernel_q7_q15            0x08007c75   Thumb Code   536  arm_nn_mat_mult_kernel_q7_q15.o(i.arm_nn_mat_mult_kernel_q7_q15)
    arm_nn_mat_mult_kernel_q7_q15_reordered  0x08007e8d   Thumb Code   346  arm_nn_mat_mult_kernel_q7_q15_reordered.o(i.arm_nn_mat_mult_kernel_q7_q15_reordered)
    arm_q7_to_q15_reordered_no_shift         0x08007fe7   Thumb Code   134  arm_q7_to_q15_reordered_no_shift.o(i.arm_q7_to_q15_reordered_no_shift)
    arm_relu_q7                              0x0800806d   Thumb Code    76  arm_relu_q7.o(i.arm_relu_q7)
    arm_softmax_q7                           0x080080b9   Thumb Code   220  arm_softmax_q7.o(i.arm_softmax_q7)
    disk_initialize                          0x08008915   Thumb Code    34  diskio.o(i.disk_initialize)
    disk_ioctl                               0x0800893d   Thumb Code    18  diskio.o(i.disk_ioctl)
    disk_read                                0x08008955   Thumb Code    26  diskio.o(i.disk_read)
    disk_status                              0x08008975   Thumb Code    16  diskio.o(i.disk_status)
    disk_write                               0x08008989   Thumb Code    26  diskio.o(i.disk_write)
    f_close                                  0x080089a9   Thumb Code    32  ff.o(i.f_close)
    f_getfree                                0x080089c9   Thumb Code   244  ff.o(i.f_getfree)
    f_mkfs                                   0x08008abd   Thumb Code  1666  ff.o(i.f_mkfs)
    f_mount                                  0x08009159   Thumb Code   122  ff.o(i.f_mount)
    f_open                                   0x080091d9   Thumb Code   576  ff.o(i.f_open)
    f_read                                   0x08009419   Thumb Code   426  ff.o(i.f_read)
    f_sync                                   0x080095c3   Thumb Code   180  ff.o(i.f_sync)
    f_write                                  0x08009677   Thumb Code   480  ff.o(i.f_write)
    ff_oem2uni                               0x08009859   Thumb Code    44  ffunicode.o(i.ff_oem2uni)
    ff_uni2oem                               0x08009889   Thumb Code    50  ffunicode.o(i.ff_uni2oem)
    ff_wtoupper                              0x080098c1   Thumb Code   152  ffunicode.o(i.ff_wtoupper)
    fputc                                    0x0800a0fd   Thumb Code    20  usart.o(i.fputc)
    get_fattime                              0x0800a219   Thumb Code     4  diskio.o(i.get_fattime)
    main                                     0x0800a21d   Thumb Code  1372  main.o(i.main)
    UARTPrescTable                           0x0800ab98   Data          24  stm32h7xx_hal_uart.o(.constdata)
    D1CorePrescTable                         0x0800abc0   Data          16  system_stm32h7xx.o(.constdata)
    SD_Driver                                0x0800b028   Data          20  sd_diskio.o(.constdata)
    armBitRevTable                           0x0800b198   Data        2048  arm_common_tables.o(.rodata.armBitRevTable)
    sinTable_f32                             0x0800b998   Data        2052  arm_common_tables.o(.rodata.sinTable_f32)
    twiddleCoef_4096                         0x0800c19c   Data       32768  arm_common_tables.o(.rodata.twiddleCoef_4096)
    Region$$Table$$Base                      0x0801419c   Number         0  anon$$obj.o(Region$$Table)
    Region$$Table$$Limit                     0x080141bc   Number         0  anon$$obj.o(Region$$Table)
    MyFile_Res                               0x24000000   Data           1  main.o(.data)
    SDPath                                   0x24000001   Data           4  main.o(.data)
    image_data                               0x240081bf   Data        3072  main.o(.data)
    uwTickFreq                               0x24008dc0   Data           1  stm32h7xx_hal.o(.data)
    uwTickPrio                               0x24008dc4   Data           4  stm32h7xx_hal.o(.data)
    uwTick                                   0x24008dc8   Data           4  stm32h7xx_hal.o(.data)
    SystemCoreClock                          0x24008dcc   Data           4  system_stm32h7xx.o(.data)
    SystemD2Clock                            0x24008dd0   Data           4  system_stm32h7xx.o(.data)
    __stdout                                 0x24008de4   Data           4  stdout.o(.data)
    SD_FatFs                                 0x24008dec   Data        4152  main.o(.bss)
    fft_inputbuf                             0x24009e24   Data        8192  main.o(.bss)
    fft_outputbuf                            0x2400be24   Data        4096  main.o(.bss)
    output_data                              0x2400ce24   Data          10  main.o(.bss)
    col_buffer                               0x2400ce2e   Data        3200  main.o(.bss)
    scratch_buffer                           0x2400daae   Data       40960  main.o(.bss)
    huart1                                   0x24017ab0   Data         148  usart.o(.bss)
    hsd_sdmmc                                0x24017b44   Data         124  sdmmc_sd.o(.bss)
    disk                                     0x24017bc0   Data          16  ff_gen_drv.o(.bss)
    __initial_sp                             0x2401abd0   Data           0  startup_stm32h723xx.o(STACK)



==============================================================================

Memory Map of the image

  Image Entry point : 0x080002cd

  Load Region LR_IROM1 (Base: 0x08000000, Size: 0x0001cfa8, Max: 0x00100000, ABSOLUTE)

    Execution Region ER_IROM1 (Exec base: 0x08000000, Load base: 0x08000000, Size: 0x000141bc, Max: 0x00100000, ABSOLUTE)

    Exec Addr    Load Addr    Size         Type   Attr      Idx    E Section Name        Object

    0x08000000   0x08000000   0x000002cc   Data   RO            3    RESET               startup_stm32h723xx.o
    0x080002cc   0x080002cc   0x00000000   Code   RO         5474  * .ARM.Collect$$$$00000000  mc_w.l(entry.o)
    0x080002cc   0x080002cc   0x00000004   Code   RO         5752    .ARM.Collect$$$$00000001  mc_w.l(entry2.o)
    0x080002d0   0x080002d0   0x00000004   Code   RO         5755    .ARM.Collect$$$$00000004  mc_w.l(entry5.o)
    0x080002d4   0x080002d4   0x00000000   Code   RO         5757    .ARM.Collect$$$$00000008  mc_w.l(entry7b.o)
    0x080002d4   0x080002d4   0x00000000   Code   RO         5759    .ARM.Collect$$$$0000000A  mc_w.l(entry8b.o)
    0x080002d4   0x080002d4   0x00000008   Code   RO         5760    .ARM.Collect$$$$0000000B  mc_w.l(entry9a.o)
    0x080002dc   0x080002dc   0x00000000   Code   RO         5762    .ARM.Collect$$$$0000000D  mc_w.l(entry10a.o)
    0x080002dc   0x080002dc   0x00000000   Code   RO         5764    .ARM.Collect$$$$0000000F  mc_w.l(entry11a.o)
    0x080002dc   0x080002dc   0x00000004   Code   RO         5753    .ARM.Collect$$$$00002712  mc_w.l(entry2.o)
    0x080002e0   0x080002e0   0x00000024   Code   RO            4    .text               startup_stm32h723xx.o
    0x08000304   0x08000304   0x00000062   Code   RO         5477    .text               mc_w.l(uldiv.o)
    0x08000366   0x08000366   0x00000040   Code   RO         5483    .text               mc_w.l(memmovea.o)
    0x080003a6   0x080003a6   0x00000024   Code   RO         5485    .text               mc_w.l(memseta.o)
    0x080003ca   0x080003ca   0x0000002c   Code   RO         5767    .text               mc_w.l(uidiv.o)
    0x080003f6   0x080003f6   0x0000001e   Code   RO         5769    .text               mc_w.l(llshl.o)
    0x08000414   0x08000414   0x00000020   Code   RO         5771    .text               mc_w.l(llushr.o)
    0x08000434   0x08000434   0x00000000   Code   RO         5780    .text               mc_w.l(iusefp.o)
    0x08000434   0x08000434   0x0000014e   Code   RO         5781    .text               mf_w.l(dadd.o)
    0x08000582   0x08000582   0x000000e4   Code   RO         5783    .text               mf_w.l(dmul.o)
    0x08000666   0x08000666   0x000000de   Code   RO         5785    .text               mf_w.l(ddiv.o)
    0x08000744   0x08000744   0x00000030   Code   RO         5787    .text               mf_w.l(dfixul.o)
    0x08000774   0x08000774   0x00000030   Code   RO         5789    .text               mf_w.l(cdrcmple.o)
    0x080007a4   0x080007a4   0x00000024   Code   RO         5791    .text               mc_w.l(init.o)
    0x080007c8   0x080007c8   0x00000024   Code   RO         5793    .text               mc_w.l(llsshr.o)
    0x080007ec   0x080007ec   0x000000ba   Code   RO         5795    .text               mf_w.l(depilogue.o)
    0x080008a6   0x080008a6   0x00000002   PAD
    0x080008a8   0x080008a8   0x000000ba   Code   RO         5353    .text.arm_bitreversal_f32  arm_cortexM7lfdp_math.lib(arm_bitreversal.o)
    0x08000962   0x08000962   0x00000040   Code   RO         5328    .text.arm_cfft_radix4_f32  arm_cortexM7lfdp_math.lib(arm_cfft_radix4_f32.o)
    0x080009a2   0x080009a2   0x00000002   PAD
    0x080009a4   0x080009a4   0x00000094   Code   RO         5343    .text.arm_cfft_radix4_init_f32  arm_cortexM7lfdp_math.lib(arm_cfft_radix4_init_f32.o)
    0x08000a38   0x08000a38   0x00000138   Code   RO         5317    .text.arm_cmplx_mag_f32  arm_cortexM7lfdp_math.lib(arm_cmplx_mag_f32.o)
    0x08000b70   0x08000b70   0x00000090   Code   RO         5297    .text.arm_cos_f32   arm_cortexM7lfdp_math.lib(arm_cos_f32.o)
    0x08000c00   0x08000c00   0x00000326   Code   RO         5332    .text.arm_radix4_butterfly_f32  arm_cortexM7lfdp_math.lib(arm_cfft_radix4_f32.o)
    0x08000f26   0x08000f26   0x00000002   PAD
    0x08000f28   0x08000f28   0x00000354   Code   RO         5330    .text.arm_radix4_butterfly_inverse_f32  arm_cortexM7lfdp_math.lib(arm_cfft_radix4_f32.o)
    0x0800127c   0x0800127c   0x0000008c   Code   RO         5307    .text.arm_sin_f32   arm_cortexM7lfdp_math.lib(arm_sin_f32.o)
    0x08001308   0x08001308   0x00000028   Code   RO          444    i.BSP_SD_GetCardInfo  sdmmc_sd.o
    0x08001330   0x08001330   0x00000020   Code   RO          445    i.BSP_SD_GetCardState  sdmmc_sd.o
    0x08001350   0x08001350   0x000000d0   Code   RO          447    i.BSP_SD_Init       sdmmc_sd.o
    0x08001420   0x08001420   0x00000030   Code   RO          449    i.BSP_SD_ReadBlocks  sdmmc_sd.o
    0x08001450   0x08001450   0x00000002   Code   RO          452    i.BSP_SD_ReadCpltCallback  sdmmc_sd.o
    0x08001452   0x08001452   0x00000002   PAD
    0x08001454   0x08001454   0x00000030   Code   RO          453    i.BSP_SD_WriteBlocks  sdmmc_sd.o
    0x08001484   0x08001484   0x00000002   Code   RO          456    i.BSP_SD_WriteCpltCallback  sdmmc_sd.o
    0x08001486   0x08001486   0x00000002   Code   RO          259    i.BusFault_Handler  stm32h7xx_it.o
    0x08001488   0x08001488   0x00000002   Code   RO          260    i.DebugMon_Handler  stm32h7xx_it.o
    0x0800148a   0x0800148a   0x00000002   PAD
    0x0800148c   0x0800148c   0x00000054   Code   RO         5178    i.FATFS_LinkDriver  ff_gen_drv.o
    0x080014e0   0x080014e0   0x000000d0   Code   RO           14    i.FatFs_Check       main.o
    0x080015b0   0x080015b0   0x000002ec   Code   RO           15    i.FatFs_FileTest    main.o
    0x0800189c   0x0800189c   0x000000b8   Code   RO           16    i.FatFs_GetVolume   main.o
    0x08001954   0x08001954   0x00000028   Code   RO         2028    i.HAL_Delay         stm32h7xx_hal.o
    0x0800197c   0x0800197c   0x00000224   Code   RO         1204    i.HAL_GPIO_Init     stm32h7xx_hal_gpio.o
    0x08001ba0   0x08001ba0   0x00000010   Code   RO         1207    i.HAL_GPIO_TogglePin  stm32h7xx_hal_gpio.o
    0x08001bb0   0x08001bb0   0x0000000a   Code   RO         1208    i.HAL_GPIO_WritePin  stm32h7xx_hal_gpio.o
    0x08001bba   0x08001bba   0x00000002   PAD
    0x08001bbc   0x08001bbc   0x0000000c   Code   RO         2044    i.HAL_GetTick       stm32h7xx_hal.o
    0x08001bc8   0x08001bc8   0x00000010   Code   RO         2050    i.HAL_IncTick       stm32h7xx_hal.o
    0x08001bd8   0x08001bd8   0x0000005c   Code   RO         2051    i.HAL_Init          stm32h7xx_hal.o
    0x08001c34   0x08001c34   0x00000040   Code   RO         2052    i.HAL_InitTick      stm32h7xx_hal.o
    0x08001c74   0x08001c74   0x0000001c   Code   RO          347    i.HAL_MspInit       stm32h7xx_hal_msp.o
    0x08001c90   0x08001c90   0x0000001e   Code   RO          613    i.HAL_NVIC_EnableIRQ  stm32h7xx_hal_cortex.o
    0x08001cae   0x08001cae   0x00000002   PAD
    0x08001cb0   0x08001cb0   0x00000060   Code   RO          619    i.HAL_NVIC_SetPriority  stm32h7xx_hal_cortex.o
    0x08001d10   0x08001d10   0x00000024   Code   RO          620    i.HAL_NVIC_SetPriorityGrouping  stm32h7xx_hal_cortex.o
    0x08001d34   0x08001d34   0x0000005c   Code   RO         1780    i.HAL_PWREx_ConfigSupply  stm32h7xx_hal_pwr_ex.o
    0x08001d90   0x08001d90   0x00000024   Code   RO          859    i.HAL_RCCEx_GetD3PCLK1Freq  stm32h7xx_hal_rcc_ex.o
    0x08001db4   0x08001db4   0x000001b0   Code   RO          860    i.HAL_RCCEx_GetPLL1ClockFreq  stm32h7xx_hal_rcc_ex.o
    0x08001f64   0x08001f64   0x000001ac   Code   RO          861    i.HAL_RCCEx_GetPLL2ClockFreq  stm32h7xx_hal_rcc_ex.o
    0x08002110   0x08002110   0x000001ac   Code   RO          862    i.HAL_RCCEx_GetPLL3ClockFreq  stm32h7xx_hal_rcc_ex.o
    0x080022bc   0x080022bc   0x0000049c   Code   RO          864    i.HAL_RCCEx_GetPeriphCLKFreq  stm32h7xx_hal_rcc_ex.o
    0x08002758   0x08002758   0x00000a58   Code   RO          868    i.HAL_RCCEx_PeriphCLKConfig  stm32h7xx_hal_rcc_ex.o
    0x080031b0   0x080031b0   0x00000294   Code   RO          744    i.HAL_RCC_ClockConfig  stm32h7xx_hal_rcc.o
    0x08003444   0x08003444   0x00000048   Code   RO          749    i.HAL_RCC_GetHCLKFreq  stm32h7xx_hal_rcc.o
    0x0800348c   0x0800348c   0x0000005c   Code   RO          751    i.HAL_RCC_GetPCLK1Freq  stm32h7xx_hal_rcc.o
    0x080034e8   0x080034e8   0x0000005c   Code   RO          752    i.HAL_RCC_GetPCLK2Freq  stm32h7xx_hal_rcc.o
    0x08003544   0x08003544   0x000001a8   Code   RO          753    i.HAL_RCC_GetSysClockFreq  stm32h7xx_hal_rcc.o
    0x080036ec   0x080036ec   0x00000604   Code   RO          756    i.HAL_RCC_OscConfig  stm32h7xx_hal_rcc.o
    0x08003cf0   0x08003cf0   0x00000002   Code   RO         3253    i.HAL_SDEx_Read_DMADoubleBuf0CpltCallback  stm32h7xx_hal_sd.o
    0x08003cf2   0x08003cf2   0x00000002   Code   RO         3254    i.HAL_SDEx_Read_DMADoubleBuf1CpltCallback  stm32h7xx_hal_sd.o
    0x08003cf4   0x08003cf4   0x00000002   Code   RO         3255    i.HAL_SDEx_Write_DMADoubleBuf0CpltCallback  stm32h7xx_hal_sd.o
    0x08003cf6   0x08003cf6   0x00000002   Code   RO         3256    i.HAL_SDEx_Write_DMADoubleBuf1CpltCallback  stm32h7xx_hal_sd.o
    0x08003cf8   0x08003cf8   0x00000124   Code   RO         3260    i.HAL_SD_ConfigSpeedBusOperation  stm32h7xx_hal_sd.o
    0x08003e1c   0x08003e1c   0x000001a0   Code   RO         3261    i.HAL_SD_ConfigWideBusOperation  stm32h7xx_hal_sd.o
    0x08003fbc   0x08003fbc   0x00000002   Code   RO         3264    i.HAL_SD_ErrorCallback  stm32h7xx_hal_sd.o
    0x08003fbe   0x08003fbe   0x00000002   PAD
    0x08003fc0   0x08003fc0   0x000001c8   Code   RO         3266    i.HAL_SD_GetCardCSD  stm32h7xx_hal_sd.o
    0x08004188   0x08004188   0x00000024   Code   RO         3267    i.HAL_SD_GetCardInfo  stm32h7xx_hal_sd.o
    0x080041ac   0x080041ac   0x0000002c   Code   RO         3268    i.HAL_SD_GetCardState  stm32h7xx_hal_sd.o
    0x080041d8   0x080041d8   0x000001d8   Code   RO         3269    i.HAL_SD_GetCardStatus  stm32h7xx_hal_sd.o
    0x080043b0   0x080043b0   0x00000294   Code   RO         3272    i.HAL_SD_IRQHandler  stm32h7xx_hal_sd.o
    0x08004644   0x08004644   0x000000f8   Code   RO         3273    i.HAL_SD_Init       stm32h7xx_hal_sd.o
    0x0800473c   0x0800473c   0x0000024c   Code   RO         3274    i.HAL_SD_InitCard   stm32h7xx_hal_sd.o
    0x08004988   0x08004988   0x00000002   Code   RO         3276    i.HAL_SD_MspInit    stm32h7xx_hal_sd.o
    0x0800498a   0x0800498a   0x00000002   PAD
    0x0800498c   0x0800498c   0x0000020c   Code   RO         3277    i.HAL_SD_ReadBlocks  stm32h7xx_hal_sd.o
    0x08004b98   0x08004b98   0x00000018   Code   RO          458    i.HAL_SD_RxCpltCallback  sdmmc_sd.o
    0x08004bb0   0x08004bb0   0x00000018   Code   RO          459    i.HAL_SD_TxCpltCallback  sdmmc_sd.o
    0x08004bc8   0x08004bc8   0x00000218   Code   RO         3282    i.HAL_SD_WriteBlocks  stm32h7xx_hal_sd.o
    0x08004de0   0x08004de0   0x00000028   Code   RO          624    i.HAL_SYSTICK_Config  stm32h7xx_hal_cortex.o
    0x08004e08   0x08004e08   0x00000048   Code   RO         3965    i.HAL_UARTEx_DisableFifoMode  stm32h7xx_hal_uart_ex.o
    0x08004e50   0x08004e50   0x0000008c   Code   RO         3974    i.HAL_UARTEx_SetRxFifoThreshold  stm32h7xx_hal_uart_ex.o
    0x08004edc   0x08004edc   0x0000008c   Code   RO         3975    i.HAL_UARTEx_SetTxFifoThreshold  stm32h7xx_hal_uart_ex.o
    0x08004f68   0x08004f68   0x0000006e   Code   RO         3580    i.HAL_UART_Init     stm32h7xx_hal_uart.o
    0x08004fd6   0x08004fd6   0x00000002   PAD
    0x08004fd8   0x08004fd8   0x00000090   Code   RO          395    i.HAL_UART_MspInit  usart.o
    0x08005068   0x08005068   0x000000c4   Code   RO         3589    i.HAL_UART_Transmit  stm32h7xx_hal_uart.o
    0x0800512c   0x0800512c   0x00000002   Code   RO          261    i.HardFault_Handler  stm32h7xx_it.o
    0x0800512e   0x0800512e   0x00000002   PAD
    0x08005130   0x08005130   0x00000050   Code   RO          371    i.LED_Init          led.o
    0x08005180   0x08005180   0x00000030   Code   RO          460    i.MX_SDMMC1_SD_Init  sdmmc_sd.o
    0x080051b0   0x080051b0   0x00000002   Code   RO          262    i.MemManage_Handler  stm32h7xx_it.o
    0x080051b2   0x080051b2   0x00000002   Code   RO          263    i.NMI_Handler       stm32h7xx_it.o
    0x080051b4   0x080051b4   0x00000002   Code   RO          264    i.PendSV_Handler    stm32h7xx_it.o
    0x080051b6   0x080051b6   0x00000002   PAD
    0x080051b8   0x080051b8   0x00000144   Code   RO          871    i.RCCEx_PLL2_Config  stm32h7xx_hal_rcc_ex.o
    0x080052fc   0x080052fc   0x00000144   Code   RO          872    i.RCCEx_PLL3_Config  stm32h7xx_hal_rcc_ex.o
    0x08005440   0x08005440   0x00000006   Code   RO          265    i.SDMMC1_IRQHandler  stm32h7xx_it.o
    0x08005446   0x08005446   0x00000002   PAD
    0x08005448   0x08005448   0x00000020   Code   RO         2917    i.SDMMC_CmdAppCommand  stm32h7xx_ll_sdmmc.o
    0x08005468   0x08005468   0x00000064   Code   RO         2918    i.SDMMC_CmdAppOperCommand  stm32h7xx_ll_sdmmc.o
    0x080054cc   0x080054cc   0x00000020   Code   RO         2919    i.SDMMC_CmdBlockLength  stm32h7xx_ll_sdmmc.o
    0x080054ec   0x080054ec   0x00000020   Code   RO         2920    i.SDMMC_CmdBusWidth  stm32h7xx_ll_sdmmc.o
    0x0800550c   0x0800550c   0x00000050   Code   RO         2924    i.SDMMC_CmdGoIdleState  stm32h7xx_ll_sdmmc.o
    0x0800555c   0x0800555c   0x0000007c   Code   RO         2926    i.SDMMC_CmdOperCond  stm32h7xx_ll_sdmmc.o
    0x080055d8   0x080055d8   0x00000020   Code   RO         2927    i.SDMMC_CmdReadMultiBlock  stm32h7xx_ll_sdmmc.o
    0x080055f8   0x080055f8   0x00000020   Code   RO         2928    i.SDMMC_CmdReadSingleBlock  stm32h7xx_ll_sdmmc.o
    0x08005618   0x08005618   0x00000020   Code   RO         2931    i.SDMMC_CmdSelDesel  stm32h7xx_ll_sdmmc.o
    0x08005638   0x08005638   0x00000078   Code   RO         2932    i.SDMMC_CmdSendCID  stm32h7xx_ll_sdmmc.o
    0x080056b0   0x080056b0   0x00000074   Code   RO         2933    i.SDMMC_CmdSendCSD  stm32h7xx_ll_sdmmc.o
    0x08005724   0x08005724   0x00000020   Code   RO         2935    i.SDMMC_CmdSendSCR  stm32h7xx_ll_sdmmc.o
    0x08005744   0x08005744   0x00000020   Code   RO         2936    i.SDMMC_CmdSendStatus  stm32h7xx_ll_sdmmc.o
    0x08005764   0x08005764   0x000000bc   Code   RO         2937    i.SDMMC_CmdSetRelAdd  stm32h7xx_ll_sdmmc.o
    0x08005820   0x08005820   0x00000020   Code   RO         2940    i.SDMMC_CmdStatusRegister  stm32h7xx_ll_sdmmc.o
    0x08005840   0x08005840   0x0000004c   Code   RO         2941    i.SDMMC_CmdStopTransfer  stm32h7xx_ll_sdmmc.o
    0x0800588c   0x0800588c   0x00000020   Code   RO         2942    i.SDMMC_CmdSwitch   stm32h7xx_ll_sdmmc.o
    0x080058ac   0x080058ac   0x00000020   Code   RO         2944    i.SDMMC_CmdWriteMultiBlock  stm32h7xx_ll_sdmmc.o
    0x080058cc   0x080058cc   0x00000020   Code   RO         2945    i.SDMMC_CmdWriteSingleBlock  stm32h7xx_ll_sdmmc.o
    0x080058ec   0x080058ec   0x0000002e   Code   RO         2946    i.SDMMC_ConfigData  stm32h7xx_ll_sdmmc.o
    0x0800591a   0x0800591a   0x00000002   PAD
    0x0800591c   0x0800591c   0x000001b0   Code   RO         2947    i.SDMMC_GetCmdResp1  stm32h7xx_ll_sdmmc.o
    0x08005acc   0x08005acc   0x00000008   Code   RO         2955    i.SDMMC_GetPowerState  stm32h7xx_ll_sdmmc.o
    0x08005ad4   0x08005ad4   0x00000006   Code   RO         2956    i.SDMMC_GetResponse  stm32h7xx_ll_sdmmc.o
    0x08005ada   0x08005ada   0x00000002   PAD
    0x08005adc   0x08005adc   0x0000002c   Code   RO         2957    i.SDMMC_Init        stm32h7xx_ll_sdmmc.o
    0x08005b08   0x08005b08   0x0000000c   Code   RO         2960    i.SDMMC_PowerState_ON  stm32h7xx_ll_sdmmc.o
    0x08005b14   0x08005b14   0x00000006   Code   RO         2961    i.SDMMC_ReadFIFO    stm32h7xx_ll_sdmmc.o
    0x08005b1a   0x08005b1a   0x0000000a   Code   RO         2964    i.SDMMC_WriteFIFO   stm32h7xx_ll_sdmmc.o
    0x08005b24   0x08005b24   0x00000120   Code   RO         3285    i.SD_FindSCR        stm32h7xx_hal_sd.o
    0x08005c44   0x08005c44   0x00000150   Code   RO         3286    i.SD_SwitchSpeed    stm32h7xx_hal_sd.o
    0x08005d94   0x08005d94   0x00000030   Code   RO         5244    i.SD_initialize     sd_diskio.o
    0x08005dc4   0x08005dc4   0x0000006c   Code   RO         5245    i.SD_ioctl          sd_diskio.o
    0x08005e30   0x08005e30   0x0000001c   Code   RO         5246    i.SD_read           sd_diskio.o
    0x08005e4c   0x08005e4c   0x00000020   Code   RO         5247    i.SD_status         sd_diskio.o
    0x08005e6c   0x08005e6c   0x0000001c   Code   RO         5248    i.SD_write          sd_diskio.o
    0x08005e88   0x08005e88   0x00000002   Code   RO          266    i.SVC_Handler       stm32h7xx_it.o
    0x08005e8a   0x08005e8a   0x00000004   Code   RO          267    i.SysTick_Handler   stm32h7xx_it.o
    0x08005e8e   0x08005e8e   0x00000002   PAD
    0x08005e90   0x08005e90   0x000000c8   Code   RO           17    i.SystemClock_Config  main.o
    0x08005f58   0x08005f58   0x000000e4   Code   RO         4079    i.SystemInit        system_stm32h7xx.o
    0x0800603c   0x0800603c   0x000000da   Code   RO         3594    i.UART_AdvFeatureConfig  stm32h7xx_hal_uart.o
    0x08006116   0x08006116   0x000000ba   Code   RO         3595    i.UART_CheckIdleState  stm32h7xx_hal_uart.o
    0x080061d0   0x080061d0   0x00000428   Code   RO         3611    i.UART_SetConfig    stm32h7xx_hal_uart.o
    0x080065f8   0x080065f8   0x0000013a   Code   RO         3618    i.UART_WaitOnFlagUntilTimeout  stm32h7xx_hal_uart.o
    0x08006732   0x08006732   0x00000002   PAD
    0x08006734   0x08006734   0x00000050   Code   RO          396    i.USART1_Init       usart.o
    0x08006784   0x08006784   0x00000002   Code   RO          268    i.UsageFault_Handler  stm32h7xx_it.o
    0x08006786   0x08006786   0x00000002   PAD
    0x08006788   0x08006788   0x00000020   Code   RO         5724    i.__0printf         mc_w.l(printfa.o)
    0x080067a8   0x080067a8   0x0000003a   Code   RO         5462    i.__hardfp_sqrtf    m_wv.l(sqrtf.o)
    0x080067e2   0x080067e2   0x0000000e   Code   RO         5799    i.__scatterload_copy  mc_w.l(handlers.o)
    0x080067f0   0x080067f0   0x00000002   Code   RO         5800    i.__scatterload_null  mc_w.l(handlers.o)
    0x080067f2   0x080067f2   0x0000000e   Code   RO         5801    i.__scatterload_zeroinit  mc_w.l(handlers.o)
    0x08006800   0x08006800   0x0000000c   Code   RO         5775    i.__set_errno       mc_w.l(errno.o)
    0x0800680c   0x0800680c   0x00000184   Code   RO         5731    i._fp_digits        mc_w.l(printfa.o)
    0x08006990   0x08006990   0x000006dc   Code   RO         5732    i._printf_core      mc_w.l(printfa.o)
    0x0800706c   0x0800706c   0x00000024   Code   RO         5733    i._printf_post_padding  mc_w.l(printfa.o)
    0x08007090   0x08007090   0x0000002e   Code   RO         5734    i._printf_pre_padding  mc_w.l(printfa.o)
    0x080070be   0x080070be   0x000001f0   Code   RO         4337    i.arm_convolve_HWC_q7_RGB  arm_convolve_hwc_q7_rgb.o
    0x080072ae   0x080072ae   0x00000002   PAD
    0x080072b0   0x080072b0   0x000004ce   Code   RO         4289    i.arm_convolve_HWC_q7_fast  arm_convolve_hwc_q7_fast.o
    0x0800777e   0x0800777e   0x00000002   PAD
    0x08007780   0x08007780   0x00000210   Code   RO         4632    i.arm_fully_connected_q7_opt  arm_fully_connected_q7_opt.o
    0x08007990   0x08007990   0x000002e4   Code   RO         4829    i.arm_maxpool_q7_HWC  arm_pool_q7_hwc.o
    0x08007c74   0x08007c74   0x00000218   Code   RO         4509    i.arm_nn_mat_mult_kernel_q7_q15  arm_nn_mat_mult_kernel_q7_q15.o
    0x08007e8c   0x08007e8c   0x0000015a   Code   RO         4533    i.arm_nn_mat_mult_kernel_q7_q15_reordered  arm_nn_mat_mult_kernel_q7_q15_reordered.o
    0x08007fe6   0x08007fe6   0x00000086   Code   RO         4804    i.arm_q7_to_q15_reordered_no_shift  arm_q7_to_q15_reordered_no_shift.o
    0x0800806c   0x0800806c   0x0000004c   Code   RO         4169    i.arm_relu_q7       arm_relu_q7.o
    0x080080b8   0x080080b8   0x000000dc   Code   RO         4858    i.arm_softmax_q7    arm_softmax_q7.o
    0x08008194   0x08008194   0x000000f8   Code   RO         4949    i.create_chain      ff.o
    0x0800828c   0x0800828c   0x000001a8   Code   RO         4950    i.dir_find          ff.o
    0x08008434   0x08008434   0x0000016e   Code   RO         4951    i.dir_next          ff.o
    0x080085a2   0x080085a2   0x00000002   PAD
    0x080085a4   0x080085a4   0x000002c8   Code   RO         4953    i.dir_register      ff.o
    0x0800886c   0x0800886c   0x000000a8   Code   RO         4954    i.dir_sdi           ff.o
    0x08008914   0x08008914   0x00000028   Code   RO         4903    i.disk_initialize   diskio.o
    0x0800893c   0x0800893c   0x00000018   Code   RO         4904    i.disk_ioctl        diskio.o
    0x08008954   0x08008954   0x00000020   Code   RO         4905    i.disk_read         diskio.o
    0x08008974   0x08008974   0x00000014   Code   RO         4906    i.disk_status       diskio.o
    0x08008988   0x08008988   0x00000020   Code   RO         4907    i.disk_write        diskio.o
    0x080089a8   0x080089a8   0x00000020   Code   RO         4955    i.f_close           ff.o
    0x080089c8   0x080089c8   0x000000f4   Code   RO         4957    i.f_getfree         ff.o
    0x08008abc   0x08008abc   0x0000069c   Code   RO         4961    i.f_mkfs            ff.o
    0x08009158   0x08009158   0x00000080   Code   RO         4962    i.f_mount           ff.o
    0x080091d8   0x080091d8   0x00000240   Code   RO         4963    i.f_open            ff.o
    0x08009418   0x08009418   0x000001aa   Code   RO         4968    i.f_read            ff.o
    0x080095c2   0x080095c2   0x000000b4   Code   RO         4972    i.f_sync            ff.o
    0x08009676   0x08009676   0x000001e0   Code   RO         4975    i.f_write           ff.o
    0x08009856   0x08009856   0x00000002   PAD
    0x08009858   0x08009858   0x00000030   Code   RO         5215    i.ff_oem2uni        ffunicode.o
    0x08009888   0x08009888   0x00000038   Code   RO         5216    i.ff_uni2oem        ffunicode.o
    0x080098c0   0x080098c0   0x000000a0   Code   RO         5217    i.ff_wtoupper       ffunicode.o
    0x08009960   0x08009960   0x000004b8   Code   RO         4976    i.find_volume       ff.o
    0x08009e18   0x08009e18   0x000002e4   Code   RO         4977    i.follow_path       ff.o
    0x0800a0fc   0x0800a0fc   0x00000018   Code   RO          397    i.fputc             usart.o
    0x0800a114   0x0800a114   0x00000104   Code   RO         4978    i.get_fat           ff.o
    0x0800a218   0x0800a218   0x00000004   Code   RO         4908    i.get_fattime       diskio.o
    0x0800a21c   0x0800a21c   0x00000560   Code   RO           18    i.main              main.o
    0x0800a77c   0x0800a77c   0x00000056   Code   RO         4980    i.mem_cpy           ff.o
    0x0800a7d2   0x0800a7d2   0x00000038   Code   RO         4981    i.mem_set           ff.o
    0x0800a80a   0x0800a80a   0x0000006c   Code   RO         4982    i.move_window       ff.o
    0x0800a876   0x0800a876   0x00000166   Code   RO         4983    i.put_fat           ff.o
    0x0800a9dc   0x0800a9dc   0x00000082   Code   RO         4985    i.remove_chain      ff.o
    0x0800aa5e   0x0800aa5e   0x000000ea   Code   RO         4986    i.sync_fs           ff.o
    0x0800ab48   0x0800ab48   0x00000038   Code   RO         4987    i.validate          ff.o
    0x0800ab80   0x0800ab80   0x00000018   Data   RO           20    .constdata          main.o
    0x0800ab98   0x0800ab98   0x00000018   Data   RO         3619    .constdata          stm32h7xx_hal_uart.o
    0x0800abb0   0x0800abb0   0x00000010   Data   RO         3979    .constdata          stm32h7xx_hal_uart_ex.o
    0x0800abc0   0x0800abc0   0x00000010   Data   RO         4080    .constdata          system_stm32h7xx.o
    0x0800abd0   0x0800abd0   0x000000aa   Data   RO         4988    .constdata          ff.o
    0x0800ac7a   0x0800ac7a   0x000003ae   Data   RO         5218    .constdata          ffunicode.o
    0x0800b028   0x0800b028   0x00000014   Data   RO         5249    .constdata          sd_diskio.o
    0x0800b03c   0x0800b03c   0x0000015c   Data   RO           21    .conststring        main.o
    0x0800b198   0x0800b198   0x00000800   Data   RO         5368    .rodata.armBitRevTable  arm_cortexM7lfdp_math.lib(arm_common_tables.o)
    0x0800b998   0x0800b998   0x00000804   Data   RO         5454    .rodata.sinTable_f32  arm_cortexM7lfdp_math.lib(arm_common_tables.o)
    0x0800c19c   0x0800c19c   0x00008000   Data   RO         5377    .rodata.twiddleCoef_4096  arm_cortexM7lfdp_math.lib(arm_common_tables.o)
    0x0801419c   0x0801419c   0x00000020   Data   RO         5797    Region$$Table       anon$$obj.o


    Execution Region RW_IRAM1 (Exec base: 0x20000000, Load base: 0x080141bc, Size: 0x00000000, Max: 0x00020000, ABSOLUTE)

    **** No section assigned to this execution region ****


    Execution Region RW_IRAM2 (Exec base: 0x24000000, Load base: 0x080141bc, Size: 0x0001abd0, Max: 0x00050000, ABSOLUTE)

    Exec Addr    Load Addr    Size         Type   Attr      Idx    E Section Name        Object

    0x24000000   0x080141bc   0x00008dbf   Data   RW           22    .data               main.o
    0x24008dbf   0x0801cf7b   0x00000001   PAD
    0x24008dc0   0x0801cf7c   0x0000000c   Data   RW         2075    .data               stm32h7xx_hal.o
    0x24008dcc   0x0801cf88   0x00000008   Data   RW         4081    .data               system_stm32h7xx.o
    0x24008dd4   0x0801cf90   0x0000000c   Data   RW         4989    .data               ff.o
    0x24008de0   0x0801cf9c   0x00000001   Data   RW         5250    .data               sd_diskio.o
    0x24008de1   0x0801cf9d   0x00000003   PAD
    0x24008de4   0x0801cfa0   0x00000004   Data   RW         5766    .data               mc_w.l(stdout.o)
    0x24008de8   0x0801cfa4   0x00000004   Data   RW         5776    .data               mc_w.l(errno.o)
    0x24008dec        -       0x0000ecc2   Zero   RW           19    .bss                main.o
    0x24017aae   0x0801cfa8   0x00000002   PAD
    0x24017ab0        -       0x00000094   Zero   RW          398    .bss                usart.o
    0x24017b44        -       0x0000007c   Zero   RW          462    .bss                sdmmc_sd.o
    0x24017bc0        -       0x00000010   Zero   RW         5182    .bss                ff_gen_drv.o
    0x24017bd0        -       0x00003000   Zero   RW            1    STACK               startup_stm32h723xx.o


==============================================================================

Image component sizes


      Code (inc. data)   RO Data    RW Data    ZI Data      Debug   Object Name

      1230          0          0          0          0       4847   arm_convolve_hwc_q7_fast.o
       496          0          0          0          0       3694   arm_convolve_hwc_q7_rgb.o
       528          0          0          0          0       3365   arm_fully_connected_q7_opt.o
       536          0          0          0          0       3784   arm_nn_mat_mult_kernel_q7_q15.o
       346          0          0          0          0       4042   arm_nn_mat_mult_kernel_q7_q15_reordered.o
       740          0          0          0          0       4013   arm_pool_q7_hwc.o
       134          0          0          0          0       1391   arm_q7_to_q15_reordered_no_shift.o
        76          0          0          0          0       1062   arm_relu_q7.o
       220          0          0          0          0       2209   arm_softmax_q7.o
       152         28          0          0          0       6699   diskio.o
      8912        152        170         12          0      56106   ff.o
        84          6          0          0         16       1880   ff_gen_drv.o
       264         28        942          0          0       3340   ffunicode.o
        80         10          0          0          0       1115   led.o
      2716       1064        372      36287      60610    1226835   main.o
       244         16         20          1          0       4668   sd_diskio.o
       476         62          0          0        124       8176   sdmmc_sd.o
        36          8        716          0      12288        896   startup_stm32h723xx.o
       224         40          0         12          0      24185   stm32h7xx_hal.o
       202         14          0          0          0      39351   stm32h7xx_hal_cortex.o
       574         10          0          0          0       3149   stm32h7xx_hal_gpio.o
        28          4          0          0          0       1070   stm32h7xx_hal_msp.o
        92          8          0          0          0        861   stm32h7xx_hal_pwr_ex.o
      2880        180          0          0          0       8044   stm32h7xx_hal_rcc.o
      5800        258          0          0          0      11695   stm32h7xx_hal_rcc_ex.o
      4908         88          0          0          0      24842   stm32h7xx_hal_sd.o
      2088         70         24          0          0      27785   stm32h7xx_hal_uart.o
       352         12         16          0          0       3813   stm32h7xx_hal_uart_ex.o
        26          0          0          0          0       5234   stm32h7xx_it.o
      1752        178          0          0          0      25420   stm32h7xx_ll_sdmmc.o
       228         50         16          8          0       1690   system_stm32h7xx.o
       248         28          0          0        148       4002   usart.o

    ----------------------------------------------------------------------
     36710       2314       2308      36324      73188    1519263   Object Totals
         0          0         32          0          0          0   (incl. Generated)
        38          0          0          4          2          0   (incl. Padding)

    ----------------------------------------------------------------------

      Code (inc. data)   RO Data    RW Data    ZI Data      Debug   Library Member Name

       186          0          0          0          0       2608   arm_bitreversal.o
      1722          0          0          0          0       8704   arm_cfft_radix4_f32.o
       148         20          0          0          0       1568   arm_cfft_radix4_init_f32.o
       312          0          0          0          0       2017   arm_cmplx_mag_f32.o
         0          0      36868          0          0       4961   arm_common_tables.o
       144         12          0          0          0       1111   arm_cos_f32.o
       140         12          0          0          0       1098   arm_sin_f32.o
        58          0          0          0          0        136   sqrtf.o
         0          0          0          0          0          0   entry.o
         0          0          0          0          0          0   entry10a.o
         0          0          0          0          0          0   entry11a.o
         8          4          0          0          0          0   entry2.o
         4          0          0          0          0          0   entry5.o
         0          0          0          0          0          0   entry7b.o
         0          0          0          0          0          0   entry8b.o
         8          4          0          0          0          0   entry9a.o
        12          6          0          4          0         68   errno.o
        30          0          0          0          0          0   handlers.o
        36          8          0          0          0         68   init.o
         0          0          0          0          0          0   iusefp.o
        30          0          0          0          0         68   llshl.o
        36          0          0          0          0         68   llsshr.o
        32          0          0          0          0         68   llushr.o
        64          0          0          0          0         76   memmovea.o
        36          0          0          0          0        108   memseta.o
      2258         90          0          0          0        452   printfa.o
         0          0          0          4          0          0   stdout.o
        44          0          0          0          0         80   uidiv.o
        98          0          0          0          0         92   uldiv.o
        48          0          0          0          0         68   cdrcmple.o
       334          0          0          0          0        148   dadd.o
       222          0          0          0          0        100   ddiv.o
       186          0          0          0          0        176   depilogue.o
        48          0          0          0          0         68   dfixul.o
       228          0          0          0          0         96   dmul.o

    ----------------------------------------------------------------------
      6478        156      36868          8          0      24007   Library Totals
         6          0          0          0          0          0   (incl. Padding)

    ----------------------------------------------------------------------

      Code (inc. data)   RO Data    RW Data    ZI Data      Debug   Library Name

      2652         44      36868          0          0      22067   arm_cortexM7lfdp_math.lib
        58          0          0          0          0        136   m_wv.l
      2696        112          0          8          0       1148   mc_w.l
      1066          0          0          0          0        656   mf_w.l

    ----------------------------------------------------------------------
      6478        156      36868          8          0      24007   Library Totals

    ----------------------------------------------------------------------

==============================================================================


      Code (inc. data)   RO Data    RW Data    ZI Data      Debug   

     43188       2470      39176      36332      73188    1527210   Grand Totals
     43188       2470      39176      36332      73188    1527210   ELF Image Totals
     43188       2470      39176      36332          0          0   ROM Totals

==============================================================================

    Total RO  Size (Code + RO Data)                82364 (  80.43kB)
    Total RW  Size (RW Data + ZI Data)            109520 ( 106.95kB)
    Total ROM Size (Code + RO Data + RW Data)     118696 ( 115.91kB)

==============================================================================

